<testsuites id="" name="" tests="105" failures="71" skipped="0" errors="0" time="284.973124">
<testsuite name="oauth-flows.spec.js" timestamp="2025-09-22T19:55:51.425Z" hostname="chromium" tests="21" failures="15" skipped="0" time="630.717" errors="0">
<testcase name="Google OAuth Flows › Client OAuth Flow › should display client Google OAuth button on register page" classname="oauth-flows.spec.js" time="42.444">
<failure message="oauth-flows.spec.js:15:5 should display client Google OAuth button on register page" type="FAILURE">
<![CDATA[  [chromium] › oauth-flows.spec.js:15:5 › Google OAuth Flows › Client OAuth Flow › should display client Google OAuth button on register page 

    Test timeout of 30000ms exceeded while running "beforeEach" hook.

      3 | test.describe('Google OAuth Flows', () => {
      4 |   
    > 5 |   test.beforeEach(async ({ page }) => {
        |        ^
      6 |     // Clear session storage before each test
      7 |     await page.goto('/');
      8 |     await page.evaluate(() => {
        at C:\Users\rayma\Desktop\New folder\peer-care-connect\tests\oauth-flows.spec.js:5:8

    attachment #1: video (video/webm) ──────────────────────────────────────────────────────────────
    ..\test-results\oauth-flows-Google-OAuth-F-cb331-uth-button-on-register-page-chromium\video.webm
    ────────────────────────────────────────────────────────────────────────────────────────────────

    Error Context: ..\test-results\oauth-flows-Google-OAuth-F-cb331-uth-button-on-register-page-chromium\error-context.md
]]>
</failure>
<system-out>
<![CDATA[
[[ATTACHMENT|test-results\oauth-flows-Google-OAuth-F-cb331-uth-button-on-register-page-chromium\video.webm]]

[[ATTACHMENT|test-results\oauth-flows-Google-OAuth-F-cb331-uth-button-on-register-page-chromium\error-context.md]]
]]>
</system-out>
</testcase>
<testcase name="Google OAuth Flows › Client OAuth Flow › should set intendedRole to client when clicking client button" classname="oauth-flows.spec.js" time="42.668">
<failure message="oauth-flows.spec.js:27:5 should set intendedRole to client when clicking client button" type="FAILURE">
<![CDATA[  [chromium] › oauth-flows.spec.js:27:5 › Google OAuth Flows › Client OAuth Flow › should set intendedRole to client when clicking client button 

    Test timeout of 30000ms exceeded while running "beforeEach" hook.

      3 | test.describe('Google OAuth Flows', () => {
      4 |   
    > 5 |   test.beforeEach(async ({ page }) => {
        |        ^
      6 |     // Clear session storage before each test
      7 |     await page.goto('/');
      8 |     await page.evaluate(() => {
        at C:\Users\rayma\Desktop\New folder\peer-care-connect\tests\oauth-flows.spec.js:5:8

    attachment #1: video (video/webm) ──────────────────────────────────────────────────────────────
    ..\test-results\oauth-flows-Google-OAuth-F-17126-when-clicking-client-button-chromium\video.webm
    ────────────────────────────────────────────────────────────────────────────────────────────────

    Error Context: ..\test-results\oauth-flows-Google-OAuth-F-17126-when-clicking-client-button-chromium\error-context.md
]]>
</failure>
<system-out>
<![CDATA[
[[ATTACHMENT|test-results\oauth-flows-Google-OAuth-F-17126-when-clicking-client-button-chromium\video.webm]]

[[ATTACHMENT|test-results\oauth-flows-Google-OAuth-F-17126-when-clicking-client-button-chromium\error-context.md]]
]]>
</system-out>
</testcase>
<testcase name="Google OAuth Flows › Client OAuth Flow › should display client Google OAuth button on login page" classname="oauth-flows.spec.js" time="42.669">
<failure message="oauth-flows.spec.js:42:5 should display client Google OAuth button on login page" type="FAILURE">
<![CDATA[  [chromium] › oauth-flows.spec.js:42:5 › Google OAuth Flows › Client OAuth Flow › should display client Google OAuth button on login page 

    Test timeout of 30000ms exceeded while running "beforeEach" hook.

      3 | test.describe('Google OAuth Flows', () => {
      4 |   
    > 5 |   test.beforeEach(async ({ page }) => {
        |        ^
      6 |     // Clear session storage before each test
      7 |     await page.goto('/');
      8 |     await page.evaluate(() => {
        at C:\Users\rayma\Desktop\New folder\peer-care-connect\tests\oauth-flows.spec.js:5:8

    attachment #1: video (video/webm) ──────────────────────────────────────────────────────────────
    ..\test-results\oauth-flows-Google-OAuth-F-28e78--OAuth-button-on-login-page-chromium\video.webm
    ────────────────────────────────────────────────────────────────────────────────────────────────

    Error Context: ..\test-results\oauth-flows-Google-OAuth-F-28e78--OAuth-button-on-login-page-chromium\error-context.md
]]>
</failure>
<system-out>
<![CDATA[
[[ATTACHMENT|test-results\oauth-flows-Google-OAuth-F-28e78--OAuth-button-on-login-page-chromium\video.webm]]

[[ATTACHMENT|test-results\oauth-flows-Google-OAuth-F-28e78--OAuth-button-on-login-page-chromium\error-context.md]]
]]>
</system-out>
</testcase>
<testcase name="Google OAuth Flows › Client OAuth Flow › should set intendedRole to client when clicking client button on login" classname="oauth-flows.spec.js" time="42.67">
<failure message="oauth-flows.spec.js:54:5 should set intendedRole to client when clicking client button on login" type="FAILURE">
<![CDATA[  [chromium] › oauth-flows.spec.js:54:5 › Google OAuth Flows › Client OAuth Flow › should set intendedRole to client when clicking client button on login 

    Test timeout of 30000ms exceeded while running "beforeEach" hook.

      3 | test.describe('Google OAuth Flows', () => {
      4 |   
    > 5 |   test.beforeEach(async ({ page }) => {
        |        ^
      6 |     // Clear session storage before each test
      7 |     await page.goto('/');
      8 |     await page.evaluate(() => {
        at C:\Users\rayma\Desktop\New folder\peer-care-connect\tests\oauth-flows.spec.js:5:8

    attachment #1: video (video/webm) ──────────────────────────────────────────────────────────────
    ..\test-results\oauth-flows-Google-OAuth-F-1ac5a-king-client-button-on-login-chromium\video.webm
    ────────────────────────────────────────────────────────────────────────────────────────────────

    Error Context: ..\test-results\oauth-flows-Google-OAuth-F-1ac5a-king-client-button-on-login-chromium\error-context.md
]]>
</failure>
<system-out>
<![CDATA[
[[ATTACHMENT|test-results\oauth-flows-Google-OAuth-F-1ac5a-king-client-button-on-login-chromium\video.webm]]

[[ATTACHMENT|test-results\oauth-flows-Google-OAuth-F-1ac5a-king-client-button-on-login-chromium\error-context.md]]
]]>
</system-out>
</testcase>
<testcase name="Google OAuth Flows › Practitioner OAuth Flow › should display practitioner Google OAuth button on register page" classname="oauth-flows.spec.js" time="40.443">
</testcase>
<testcase name="Google OAuth Flows › Practitioner OAuth Flow › should set intendedRole to practitioner when clicking practitioner button" classname="oauth-flows.spec.js" time="42.569">
<failure message="oauth-flows.spec.js:79:5 should set intendedRole to practitioner when clicking practitioner button" type="FAILURE">
<![CDATA[  [chromium] › oauth-flows.spec.js:79:5 › Google OAuth Flows › Practitioner OAuth Flow › should set intendedRole to practitioner when clicking practitioner button 

    Test timeout of 30000ms exceeded while running "beforeEach" hook.

      3 | test.describe('Google OAuth Flows', () => {
      4 |   
    > 5 |   test.beforeEach(async ({ page }) => {
        |        ^
      6 |     // Clear session storage before each test
      7 |     await page.goto('/');
      8 |     await page.evaluate(() => {
        at C:\Users\rayma\Desktop\New folder\peer-care-connect\tests\oauth-flows.spec.js:5:8

    attachment #1: video (video/webm) ──────────────────────────────────────────────────────────────
    ..\test-results\oauth-flows-Google-OAuth-F-72993-licking-practitioner-button-chromium\video.webm
    ────────────────────────────────────────────────────────────────────────────────────────────────

    Error Context: ..\test-results\oauth-flows-Google-OAuth-F-72993-licking-practitioner-button-chromium\error-context.md
]]>
</failure>
<system-out>
<![CDATA[
[[ATTACHMENT|test-results\oauth-flows-Google-OAuth-F-72993-licking-practitioner-button-chromium\video.webm]]

[[ATTACHMENT|test-results\oauth-flows-Google-OAuth-F-72993-licking-practitioner-button-chromium\error-context.md]]
]]>
</system-out>
</testcase>
<testcase name="Google OAuth Flows › Practitioner OAuth Flow › should display practitioner Google OAuth button on login page" classname="oauth-flows.spec.js" time="42.669">
<failure message="oauth-flows.spec.js:94:5 should display practitioner Google OAuth button on login page" type="FAILURE">
<![CDATA[  [chromium] › oauth-flows.spec.js:94:5 › Google OAuth Flows › Practitioner OAuth Flow › should display practitioner Google OAuth button on login page 

    Test timeout of 30000ms exceeded while running "beforeEach" hook.

      3 | test.describe('Google OAuth Flows', () => {
      4 |   
    > 5 |   test.beforeEach(async ({ page }) => {
        |        ^
      6 |     // Clear session storage before each test
      7 |     await page.goto('/');
      8 |     await page.evaluate(() => {
        at C:\Users\rayma\Desktop\New folder\peer-care-connect\tests\oauth-flows.spec.js:5:8

    attachment #1: video (video/webm) ──────────────────────────────────────────────────────────────
    ..\test-results\oauth-flows-Google-OAuth-F-9e028--OAuth-button-on-login-page-chromium\video.webm
    ────────────────────────────────────────────────────────────────────────────────────────────────

    Error Context: ..\test-results\oauth-flows-Google-OAuth-F-9e028--OAuth-button-on-login-page-chromium\error-context.md
]]>
</failure>
<system-out>
<![CDATA[
[[ATTACHMENT|test-results\oauth-flows-Google-OAuth-F-9e028--OAuth-button-on-login-page-chromium\video.webm]]

[[ATTACHMENT|test-results\oauth-flows-Google-OAuth-F-9e028--OAuth-button-on-login-page-chromium\error-context.md]]
]]>
</system-out>
</testcase>
<testcase name="Google OAuth Flows › Practitioner OAuth Flow › should set intendedRole to practitioner when clicking practitioner button on login" classname="oauth-flows.spec.js" time="41.47">
<failure message="oauth-flows.spec.js:102:5 should set intendedRole to practitioner when clicking practitioner button on login" type="FAILURE">
<![CDATA[  [chromium] › oauth-flows.spec.js:102:5 › Google OAuth Flows › Practitioner OAuth Flow › should set intendedRole to practitioner when clicking practitioner button on login 

    Test timeout of 30000ms exceeded while running "beforeEach" hook.

      3 | test.describe('Google OAuth Flows', () => {
      4 |   
    > 5 |   test.beforeEach(async ({ page }) => {
        |        ^
      6 |     // Clear session storage before each test
      7 |     await page.goto('/');
      8 |     await page.evaluate(() => {
        at C:\Users\rayma\Desktop\New folder\peer-care-connect\tests\oauth-flows.spec.js:5:8

    attachment #1: video (video/webm) ──────────────────────────────────────────────────────────────
    ..\test-results\oauth-flows-Google-OAuth-F-f72be-ractitioner-button-on-login-chromium\video.webm
    ────────────────────────────────────────────────────────────────────────────────────────────────

    Error Context: ..\test-results\oauth-flows-Google-OAuth-F-f72be-ractitioner-button-on-login-chromium\error-context.md
]]>
</failure>
<system-out>
<![CDATA[
[[ATTACHMENT|test-results\oauth-flows-Google-OAuth-F-f72be-ractitioner-button-on-login-chromium\video.webm]]

[[ATTACHMENT|test-results\oauth-flows-Google-OAuth-F-f72be-ractitioner-button-on-login-chromium\error-context.md]]
]]>
</system-out>
</testcase>
<testcase name="Google OAuth Flows › Role Selection Page › should display role selection options for practitioners" classname="oauth-flows.spec.js" time="42.43">
<failure message="oauth-flows.spec.js:119:5 should display role selection options for practitioners" type="FAILURE">
<![CDATA[  [chromium] › oauth-flows.spec.js:119:5 › Google OAuth Flows › Role Selection Page › should display role selection options for practitioners 

    Test timeout of 30000ms exceeded while running "beforeEach" hook.

      3 | test.describe('Google OAuth Flows', () => {
      4 |   
    > 5 |   test.beforeEach(async ({ page }) => {
        |        ^
      6 |     // Clear session storage before each test
      7 |     await page.goto('/');
      8 |     await page.evaluate(() => {
        at C:\Users\rayma\Desktop\New folder\peer-care-connect\tests\oauth-flows.spec.js:5:8

    attachment #1: video (video/webm) ──────────────────────────────────────────────────────────────
    ..\test-results\oauth-flows-Google-OAuth-F-f8f73-n-options-for-practitioners-chromium\video.webm
    ────────────────────────────────────────────────────────────────────────────────────────────────

    Error Context: ..\test-results\oauth-flows-Google-OAuth-F-f8f73-n-options-for-practitioners-chromium\error-context.md
]]>
</failure>
<system-out>
<![CDATA[
[[ATTACHMENT|test-results\oauth-flows-Google-OAuth-F-f8f73-n-options-for-practitioners-chromium\video.webm]]

[[ATTACHMENT|test-results\oauth-flows-Google-OAuth-F-f8f73-n-options-for-practitioners-chromium\error-context.md]]
]]>
</system-out>
</testcase>
<testcase name="Google OAuth Flows › Role Selection Page › should allow selecting osteopath role" classname="oauth-flows.spec.js" time="40.66">
<failure message="oauth-flows.spec.js:134:5 should allow selecting osteopath role" type="FAILURE">
<![CDATA[  [chromium] › oauth-flows.spec.js:134:5 › Google OAuth Flows › Role Selection Page › should allow selecting osteopath role 

    Test timeout of 30000ms exceeded while running "beforeEach" hook.

      3 | test.describe('Google OAuth Flows', () => {
      4 |   
    > 5 |   test.beforeEach(async ({ page }) => {
        |        ^
      6 |     // Clear session storage before each test
      7 |     await page.goto('/');
      8 |     await page.evaluate(() => {
        at C:\Users\rayma\Desktop\New folder\peer-care-connect\tests\oauth-flows.spec.js:5:8

    attachment #1: video (video/webm) ──────────────────────────────────────────────────────────────
    ..\test-results\oauth-flows-Google-OAuth-F-ace1f-ow-selecting-osteopath-role-chromium\video.webm
    ────────────────────────────────────────────────────────────────────────────────────────────────

    Error Context: ..\test-results\oauth-flows-Google-OAuth-F-ace1f-ow-selecting-osteopath-role-chromium\error-context.md
]]>
</failure>
<system-out>
<![CDATA[
[[ATTACHMENT|test-results\oauth-flows-Google-OAuth-F-ace1f-ow-selecting-osteopath-role-chromium\video.webm]]

[[ATTACHMENT|test-results\oauth-flows-Google-OAuth-F-ace1f-ow-selecting-osteopath-role-chromium\error-context.md]]
]]>
</system-out>
</testcase>
<testcase name="Google OAuth Flows › Role Selection Page › should allow selecting sports therapist role" classname="oauth-flows.spec.js" time="40.425">
<failure message="oauth-flows.spec.js:145:5 should allow selecting sports therapist role" type="FAILURE">
<![CDATA[  [chromium] › oauth-flows.spec.js:145:5 › Google OAuth Flows › Role Selection Page › should allow selecting sports therapist role 

    Test timeout of 30000ms exceeded.

    Error: locator.check: Test timeout of 30000ms exceeded.
    Call log:
      - waiting for locator('input[value="sports_therapist"]')


      148 |       // Select sports therapist role
      149 |       const sportsTherapistOption = page.locator('input[value="sports_therapist"]');
    > 150 |       await sportsTherapistOption.check();
          |                                   ^
      151 |       
      152 |       // Verify selection
      153 |       await expect(sportsTherapistOption).toBeChecked();
        at C:\Users\rayma\Desktop\New folder\peer-care-connect\tests\oauth-flows.spec.js:150:35

    attachment #1: video (video/webm) ──────────────────────────────────────────────────────────────
    ..\test-results\oauth-flows-Google-OAuth-F-a27c5-cting-sports-therapist-role-chromium\video.webm
    ────────────────────────────────────────────────────────────────────────────────────────────────

    Error Context: ..\test-results\oauth-flows-Google-OAuth-F-a27c5-cting-sports-therapist-role-chromium\error-context.md
]]>
</failure>
<system-out>
<![CDATA[
[[ATTACHMENT|test-results\oauth-flows-Google-OAuth-F-a27c5-cting-sports-therapist-role-chromium\video.webm]]

[[ATTACHMENT|test-results\oauth-flows-Google-OAuth-F-a27c5-cting-sports-therapist-role-chromium\error-context.md]]
]]>
</system-out>
</testcase>
<testcase name="Google OAuth Flows › Role Selection Page › should allow selecting massage therapist role" classname="oauth-flows.spec.js" time="40.659">
<failure message="oauth-flows.spec.js:156:5 should allow selecting massage therapist role" type="FAILURE">
<![CDATA[  [chromium] › oauth-flows.spec.js:156:5 › Google OAuth Flows › Role Selection Page › should allow selecting massage therapist role 

    Test timeout of 30000ms exceeded.

    Error: locator.check: Test timeout of 30000ms exceeded.
    Call log:
      - waiting for locator('input[value="massage_therapist"]')


      159 |       // Select massage therapist role
      160 |       const massageTherapistOption = page.locator('input[value="massage_therapist"]');
    > 161 |       await massageTherapistOption.check();
          |                                    ^
      162 |       
      163 |       // Verify selection
      164 |       await expect(massageTherapistOption).toBeChecked();
        at C:\Users\rayma\Desktop\New folder\peer-care-connect\tests\oauth-flows.spec.js:161:36

    attachment #1: video (video/webm) ──────────────────────────────────────────────────────────────
    ..\test-results\oauth-flows-Google-OAuth-F-f3eb6-ting-massage-therapist-role-chromium\video.webm
    ────────────────────────────────────────────────────────────────────────────────────────────────

    Error Context: ..\test-results\oauth-flows-Google-OAuth-F-f3eb6-ting-massage-therapist-role-chromium\error-context.md
]]>
</failure>
<system-out>
<![CDATA[
[[ATTACHMENT|test-results\oauth-flows-Google-OAuth-F-f3eb6-ting-massage-therapist-role-chromium\video.webm]]

[[ATTACHMENT|test-results\oauth-flows-Google-OAuth-F-f3eb6-ting-massage-therapist-role-chromium\error-context.md]]
]]>
</system-out>
</testcase>
<testcase name="Google OAuth Flows › Role Selection Page › should allow selecting client role" classname="oauth-flows.spec.js" time="33.009">
<failure message="oauth-flows.spec.js:167:5 should allow selecting client role" type="FAILURE">
<![CDATA[  [chromium] › oauth-flows.spec.js:167:5 › Google OAuth Flows › Role Selection Page › should allow selecting client role 

    Test timeout of 30000ms exceeded.

    Error: locator.check: Test timeout of 30000ms exceeded.
    Call log:
      - waiting for locator('input[value="client"]')


      170 |       // Select client role
      171 |       const clientOption = page.locator('input[value="client"]');
    > 172 |       await clientOption.check();
          |                          ^
      173 |       
      174 |       // Verify selection
      175 |       await expect(clientOption).toBeChecked();
        at C:\Users\rayma\Desktop\New folder\peer-care-connect\tests\oauth-flows.spec.js:172:26

    attachment #1: screenshot (image/png) ──────────────────────────────────────────────────────────
    ..\test-results\oauth-flows-Google-OAuth-F-25ce5-allow-selecting-client-role-chromium\test-failed-1.png
    ────────────────────────────────────────────────────────────────────────────────────────────────

    attachment #2: video (video/webm) ──────────────────────────────────────────────────────────────
    ..\test-results\oauth-flows-Google-OAuth-F-25ce5-allow-selecting-client-role-chromium\video.webm
    ────────────────────────────────────────────────────────────────────────────────────────────────

    Error Context: ..\test-results\oauth-flows-Google-OAuth-F-25ce5-allow-selecting-client-role-chromium\error-context.md
]]>
</failure>
<system-out>
<![CDATA[
[[ATTACHMENT|test-results\oauth-flows-Google-OAuth-F-25ce5-allow-selecting-client-role-chromium\test-failed-1.png]]

[[ATTACHMENT|test-results\oauth-flows-Google-OAuth-F-25ce5-allow-selecting-client-role-chromium\video.webm]]

[[ATTACHMENT|test-results\oauth-flows-Google-OAuth-F-25ce5-allow-selecting-client-role-chromium\error-context.md]]
]]>
</system-out>
</testcase>
<testcase name="Google OAuth Flows › Navigation and Routing › should navigate to register page" classname="oauth-flows.spec.js" time="11.653">
</testcase>
<testcase name="Google OAuth Flows › Navigation and Routing › should navigate to login page" classname="oauth-flows.spec.js" time="11.668">
</testcase>
<testcase name="Google OAuth Flows › Navigation and Routing › should navigate to role selection page" classname="oauth-flows.spec.js" time="12.16">
<failure message="oauth-flows.spec.js:190:5 should navigate to role selection page" type="FAILURE">
<![CDATA[  [chromium] › oauth-flows.spec.js:190:5 › Google OAuth Flows › Navigation and Routing › should navigate to role selection page 

    Error: expect(page).toHaveURL(expected) failed

    Expected pattern: /.*role-selection/
    Received string:  "https://theramate-l3h8xe50o-theras-projects-6dfd5a34.vercel.app/login"
    Timeout: 5000ms

    Call log:
      - Expect "toHaveURL" with timeout 5000ms
        6 × unexpected value "https://theramate-l3h8xe50o-theras-projects-6dfd5a34.vercel.app/login"


      190 |     test('should navigate to role selection page', async ({ page }) => {
      191 |       await page.goto('/auth/role-selection');
    > 192 |       await expect(page).toHaveURL(/.*role-selection/);
          |                          ^
      193 |     });
      194 |
      195 |     test('should navigate to onboarding page', async ({ page }) => {
        at C:\Users\rayma\Desktop\New folder\peer-care-connect\tests\oauth-flows.spec.js:192:26

    attachment #1: screenshot (image/png) ──────────────────────────────────────────────────────────
    ..\test-results\oauth-flows-Google-OAuth-F-dbb63-gate-to-role-selection-page-chromium\test-failed-1.png
    ────────────────────────────────────────────────────────────────────────────────────────────────

    attachment #2: video (video/webm) ──────────────────────────────────────────────────────────────
    ..\test-results\oauth-flows-Google-OAuth-F-dbb63-gate-to-role-selection-page-chromium\video.webm
    ────────────────────────────────────────────────────────────────────────────────────────────────

    Error Context: ..\test-results\oauth-flows-Google-OAuth-F-dbb63-gate-to-role-selection-page-chromium\error-context.md
]]>
</failure>
<system-out>
<![CDATA[
[[ATTACHMENT|test-results\oauth-flows-Google-OAuth-F-dbb63-gate-to-role-selection-page-chromium\test-failed-1.png]]

[[ATTACHMENT|test-results\oauth-flows-Google-OAuth-F-dbb63-gate-to-role-selection-page-chromium\video.webm]]

[[ATTACHMENT|test-results\oauth-flows-Google-OAuth-F-dbb63-gate-to-role-selection-page-chromium\error-context.md]]
]]>
</system-out>
</testcase>
<testcase name="Google OAuth Flows › Navigation and Routing › should navigate to onboarding page" classname="oauth-flows.spec.js" time="11.665">
</testcase>
<testcase name="Google OAuth Flows › Error Handling › should handle missing session storage gracefully" classname="oauth-flows.spec.js" time="12.346">
<failure message="oauth-flows.spec.js:202:5 should handle missing session storage gracefully" type="FAILURE">
<![CDATA[  [chromium] › oauth-flows.spec.js:202:5 › Google OAuth Flows › Error Handling › should handle missing session storage gracefully 

    Error: expect(page).toHaveURL(expected) failed

    Expected pattern: /.*role-selection/
    Received string:  "https://theramate-l3h8xe50o-theras-projects-6dfd5a34.vercel.app/login"
    Timeout: 5000ms

    Call log:
      - Expect "toHaveURL" with timeout 5000ms
        6 × unexpected value "https://theramate-l3h8xe50o-theras-projects-6dfd5a34.vercel.app/login"


      210 |       
      211 |       // Page should still load
    > 212 |       await expect(page).toHaveURL(/.*role-selection/);
          |                          ^
      213 |     });
      214 |
      215 |     test('should display error messages for failed operations', async ({ page }) => {
        at C:\Users\rayma\Desktop\New folder\peer-care-connect\tests\oauth-flows.spec.js:212:26

    attachment #1: screenshot (image/png) ──────────────────────────────────────────────────────────
    ..\test-results\oauth-flows-Google-OAuth-F-b3487--session-storage-gracefully-chromium\test-failed-1.png
    ────────────────────────────────────────────────────────────────────────────────────────────────

    attachment #2: video (video/webm) ──────────────────────────────────────────────────────────────
    ..\test-results\oauth-flows-Google-OAuth-F-b3487--session-storage-gracefully-chromium\video.webm
    ────────────────────────────────────────────────────────────────────────────────────────────────

    Error Context: ..\test-results\oauth-flows-Google-OAuth-F-b3487--session-storage-gracefully-chromium\error-context.md
]]>
</failure>
<system-out>
<![CDATA[
[[ATTACHMENT|test-results\oauth-flows-Google-OAuth-F-b3487--session-storage-gracefully-chromium\test-failed-1.png]]

[[ATTACHMENT|test-results\oauth-flows-Google-OAuth-F-b3487--session-storage-gracefully-chromium\video.webm]]

[[ATTACHMENT|test-results\oauth-flows-Google-OAuth-F-b3487--session-storage-gracefully-chromium\error-context.md]]
]]>
</system-out>
</testcase>
<testcase name="Google OAuth Flows › Error Handling › should display error messages for failed operations" classname="oauth-flows.spec.js" time="12.137">
</testcase>
<testcase name="Google OAuth Flows › Mobile Responsiveness › should display OAuth buttons correctly on mobile" classname="oauth-flows.spec.js" time="12.135">
</testcase>
<testcase name="Google OAuth Flows › Mobile Responsiveness › should display role selection correctly on mobile" classname="oauth-flows.spec.js" time="12.168">
<failure message="oauth-flows.spec.js:245:5 should display role selection correctly on mobile" type="FAILURE">
<![CDATA[  [chromium] › oauth-flows.spec.js:245:5 › Google OAuth Flows › Mobile Responsiveness › should display role selection correctly on mobile 

    Error: expect(locator).toBeVisible() failed

    Locator:  locator('input[value="osteopath"]')
    Expected: visible
    Received: <element(s) not found>
    Timeout:  5000ms

    Call log:
      - Expect "toBeVisible" with timeout 5000ms
      - waiting for locator('input[value="osteopath"]')


      251 |       // Check if role options are visible on mobile
      252 |       const osteopathOption = page.locator('input[value="osteopath"]');
    > 253 |       await expect(osteopathOption).toBeVisible();
          |                                     ^
      254 |     });
      255 |   });
      256 | });
        at C:\Users\rayma\Desktop\New folder\peer-care-connect\tests\oauth-flows.spec.js:253:37

    attachment #1: screenshot (image/png) ──────────────────────────────────────────────────────────
    ..\test-results\oauth-flows-Google-OAuth-F-c71c4-lection-correctly-on-mobile-chromium\test-failed-1.png
    ────────────────────────────────────────────────────────────────────────────────────────────────

    attachment #2: video (video/webm) ──────────────────────────────────────────────────────────────
    ..\test-results\oauth-flows-Google-OAuth-F-c71c4-lection-correctly-on-mobile-chromium\video.webm
    ────────────────────────────────────────────────────────────────────────────────────────────────

    Error Context: ..\test-results\oauth-flows-Google-OAuth-F-c71c4-lection-correctly-on-mobile-chromium\error-context.md
]]>
</failure>
<system-out>
<![CDATA[
[[ATTACHMENT|test-results\oauth-flows-Google-OAuth-F-c71c4-lection-correctly-on-mobile-chromium\test-failed-1.png]]

[[ATTACHMENT|test-results\oauth-flows-Google-OAuth-F-c71c4-lection-correctly-on-mobile-chromium\video.webm]]

[[ATTACHMENT|test-results\oauth-flows-Google-OAuth-F-c71c4-lection-correctly-on-mobile-chromium\error-context.md]]
]]>
</system-out>
</testcase>
</testsuite>
<testsuite name="oauth-flows.spec.js" timestamp="2025-09-22T19:55:51.425Z" hostname="firefox" tests="21" failures="21" skipped="0" time="1043.974" errors="0">
<testcase name="Google OAuth Flows › Client OAuth Flow › should display client Google OAuth button on register page" classname="oauth-flows.spec.js" time="60.012">
<failure message="oauth-flows.spec.js:15:5 should display client Google OAuth button on register page" type="FAILURE">
<![CDATA[  [firefox] › oauth-flows.spec.js:15:5 › Google OAuth Flows › Client OAuth Flow › should display client Google OAuth button on register page 

    Test timeout of 30000ms exceeded while running "beforeEach" hook.

      3 | test.describe('Google OAuth Flows', () => {
      4 |   
    > 5 |   test.beforeEach(async ({ page }) => {
        |        ^
      6 |     // Clear session storage before each test
      7 |     await page.goto('/');
      8 |     await page.evaluate(() => {
        at C:\Users\rayma\Desktop\New folder\peer-care-connect\tests\oauth-flows.spec.js:5:8

    Tearing down "context" exceeded the test timeout of 30000ms.

    Error: browserContext.close: Test timeout of 30000ms exceeded.
    Browser logs:

    <launching> C:\Users\rayma\AppData\Local\ms-playwright\firefox-1490\firefox\firefox.exe -no-remote -wait-for-browser -foreground -profile C:\Users\rayma\AppData\Local\Temp\playwright_firefoxdev_profile-ge0JHf -juggler-pipe -silent
    <launched> pid=40596
    [pid=40596][err] JavaScript warning: resource://services-settings/Utils.sys.mjs, line 116: unreachable code after return statement
    [pid=40596][out] console.warn: services.settings: Ignoring preference override of remote settings server
    [pid=40596][out] console.warn: services.settings: Allow by setting MOZ_REMOTE_SETTINGS_DEVTOOLS=1 in the environment
    [pid=40596][out] 
    [pid=40596][out] Juggler listening to the pipe
    [pid=40596][out] console.error: "Warning: unrecognized command line flag" "-foreground"
    [pid=40596][out] Crash Annotation GraphicsCriticalError: |[0][GFX1-]: Killing GPU process due to IPC reply timeout (t=488.634) [GFX1-]: Killing GPU process due to IPC reply timeout
    [pid=40596][out] Crash Annotation GraphicsCriticalError: |[CC0][GFX1ra-]: CsomposihtorB ridgAeChinlnotatido recne ives IGraphicsPC CriticlocalErse ror: wit|[C0][GFX1-]: CompositorBridgeChild receives IPC close with reason=AbnormalShutdown (t=356.019) [GFX1-]: CompositorBridgeChild receives IPC close with reason=AbnormalShutdowhn reaso
    [pid=40596][out] n=AbnormalShutdown (t=380.244) [GFX1-]: CompositorBridgeChild receives IPC close with reason=AbnormalShutdown
    [pid=40596][out] Crash Annotation GraphicsCriticalError: |[C0][GFX1-]: CompositorBridgeChild receives IPC close with reason=AbnormalShutdown (t=361.035) [GFX1-]: CompositorBridgeChild receives IPC close with reason=AbnormalShutdown
    [pid=40596][err] [Parent 47964, Main Thread] WARNING: base::KillProcess refusing to terminate process handle 0: file C:/Users/cloudtest/firefox/ipc/chromium/src/base/process_util_win.cc:350
    [pid=40596][out] Crash Annotation GraphicsCriticalError: |[0][GFX1-]: Killing GPU process due to IPC reply timeout (t=488.634) |[1][GFX1-]: CompositorBridgeChild receives IPC close with reason=AbnormalShutdown (t=514.414) [GFX1-]: CompositorBridgeChild receives IPC close with reason=AbnormalShutdown
    [pid=40596][out] Crash Annotation GraphicsCriticalError: |[0][GFX1-]: Killing GPU process due to IPC reply timeout (t=488.634) |[1][GFX1-]: CompositorBridgeChild receives IPC close with reason=AbnormalShutdown (t=514.414) |[2][GFX1-]: CompositorBridgeChild receives IPC close with reason=AbnormalShutdown (t=514.414) [GFX1-]: CompositorBridgeChild receives IPC close with reason=AbnormalShutdown
    [pid=40596][out] Crash Annotation GraphicsCriticalError: |[C0][GFX1-]: CompositorBridgeChild receives IPC close with reason=AbnormalShutdown (t=380.244) |[C1][GFX1-]: IPC Channel is already torn down unexpectedly
    [pid=40596][out]  (t=387.904) [GFX1-]: IPC Channel is already torn down unexpectedly
    [pid=40596][out] 
    [pid=40596][err] JavaScript error: chrome://juggler/content/Helper.js, line 82: NS_ERROR_FAILURE: Component returned failure code: 0x80004005 (NS_ERROR_FAILURE) [nsIWebProgress.removeProgressListener]
    [pid=40596][out] Crash Annotation GraphicsCriticalError: |[C0][GFX1-]: CompositorBridgeChild receives IPC close with reason=AbnormalShutdown (t=356.019) |[C1][GFX1-]: IPC Channel is already torn down unexpectedly
    [pid=40596][out]  (t=373.829) [GFX1-]: IPC Channel is already torn down unexpectedly
    [pid=40596][out] 
    [pid=40596] <gracefully close start>
    [pid=40596] <kill>
    [pid=40596] <will force kill>
    [pid=40596] taskkill stdout: SUCCESS: The process with PID 46016 (child process of PID 47964) has been terminated.
    SUCCESS: The process with PID 27240 (child process of PID 47964) has been terminated.
    SUCCESS: The process with PID 20060 (child process of PID 47964) has been terminated.
    SUCCESS: The process with PID 31892 (child process of PID 47964) has been terminated.
    SUCCESS: The process with PID 42828 (child process of PID 47964) has been terminated.
    SUCCESS: The process with PID 48564 (child process of PID 47964) has been terminated.
    SUCCESS: The process with PID 47964 (child process of PID 40596) has been terminated.
    SUCCESS: The process with PID 40596 (child process of PID 29108) has been terminated.


    Error: browserContext.newPage: Test timeout of 30000ms exceeded.
]]>
</failure>
</testcase>
<testcase name="Google OAuth Flows › Client OAuth Flow › should set intendedRole to client when clicking client button" classname="oauth-flows.spec.js" time="40.148">
<failure message="oauth-flows.spec.js:27:5 should set intendedRole to client when clicking client button" type="FAILURE">
<![CDATA[  [firefox] › oauth-flows.spec.js:27:5 › Google OAuth Flows › Client OAuth Flow › should set intendedRole to client when clicking client button 

    Test timeout of 30000ms exceeded while running "beforeEach" hook.

      3 | test.describe('Google OAuth Flows', () => {
      4 |   
    > 5 |   test.beforeEach(async ({ page }) => {
        |        ^
      6 |     // Clear session storage before each test
      7 |     await page.goto('/');
      8 |     await page.evaluate(() => {
        at C:\Users\rayma\Desktop\New folder\peer-care-connect\tests\oauth-flows.spec.js:5:8

    Error: browserContext.newPage: Test timeout of 30000ms exceeded.
]]>
</failure>
</testcase>
<testcase name="Google OAuth Flows › Client OAuth Flow › should display client Google OAuth button on login page" classname="oauth-flows.spec.js" time="60.011">
<failure message="oauth-flows.spec.js:42:5 should display client Google OAuth button on login page" type="FAILURE">
<![CDATA[  [firefox] › oauth-flows.spec.js:42:5 › Google OAuth Flows › Client OAuth Flow › should display client Google OAuth button on login page 

    Test timeout of 30000ms exceeded while running "beforeEach" hook.

      3 | test.describe('Google OAuth Flows', () => {
      4 |   
    > 5 |   test.beforeEach(async ({ page }) => {
        |        ^
      6 |     // Clear session storage before each test
      7 |     await page.goto('/');
      8 |     await page.evaluate(() => {
        at C:\Users\rayma\Desktop\New folder\peer-care-connect\tests\oauth-flows.spec.js:5:8

    Tearing down "context" exceeded the test timeout of 30000ms.

    Error: browserContext.close: Test timeout of 30000ms exceeded.
    Browser logs:

    <launching> C:\Users\rayma\AppData\Local\ms-playwright\firefox-1490\firefox\firefox.exe -no-remote -wait-for-browser -foreground -profile C:\Users\rayma\AppData\Local\Temp\playwright_firefoxdev_profile-1hW4Ua -juggler-pipe -silent
    <launched> pid=45088
    [pid=45088][err] JavaScript warning: resource://services-settings/Utils.sys.mjs, line 116: unreachable code after return statement
    [pid=45088][out] console.warn: services.settings: Ignoring preference override of remote settings server
    [pid=45088][out] console.warn: services.settings: Allow by setting MOZ_REMOTE_SETTINGS_DEVTOOLS=1 in the environment
    [pid=45088][out] 
    [pid=45088][out] Juggler listening to the pipe
    [pid=45088][out] console.error: "Warning: unrecognized command line flag" "-foreground"
    [pid=45088][err] out of memory: 0x0000000000001000 bytes requested
    [pid=45088][out] Crash Annotation GraphicsCriticalError: |[0][GFX1-]: Killing GPU process due to IPC reply timeout (t=488.65) [GFX1-]: Killing GPU process due to IPC reply timeout
    [pid=45088][out] Crash Annotation GraphicsCriticalError: |[C0][GFX1-]: CompositorBridgeChild receives IPC close with reason=AbnormalShutdown (t=390.059) [GFX1-]: CompositorBridgeChild receives IPC close with reason=AbnormalShutdown
    [pid=45088][out] Crash Annotation GraphicsCriticalError: |[C0][GFX1-]: CompositorBridgeChild receives IPC close with reason=AbnormalShutdown (t=356.774) [GFX1-]: CompositorBridgeChild receives IPC close with reason=AbnormalShutdown
    [pid=45088][out] Crash Annotation GraphicsCriticalError: |[C0][GFX1-]: CompositorBridgeChild receives IPC close with reason=AbnormalShutdown (t=361.029) [GFX1-]: CompositorBridgeChild receives IPC close with reason=AbnormalShutdown
    [pid=45088][err] [Parent 36960, Main Thread] WARNING: base::KillProcess refusing to terminate process handle 0: file C:/Users/cloudtest/firefox/ipc/chromium/src/base/process_util_win.cc:350
    [pid=45088][out] Crash Annotation GraphicsCriticalError: |[0][GFX1-]: Killing GPU process due to IPC reply timeout (t=488.65) |[1][GFX1-]: CompositorBridgeChild receives IPC close with reason=AbnormalShutdown (t=516.61) [GFX1-]: CompositorBridgeChild receives IPC close with reason=AbnormalShutdown
    [pid=45088][out] Crash Annotation GraphicsCriticalError: |[0][GFX1-]: Killing GPU process due to IPC reply timeout (t=488.65) |[1][GFX1-]: CompositorBridgeChild receives IPC close with reason=AbnormalShutdown (t=516.61) |[2][GFX1-]: CompositorBridgeChild receives IPC close with reason=AbnormalShutdown (t=521.77) [GFX1-]: CompositorBridgeChild receives IPC close with reason=AbnormalShutdown
    [pid=45088][out] Crash Annotation GraphicsCriticalError: |[C0][GFX1-]: CompositorBridgeChild receives IPC close with reason=AbnormalShutdown (t=390.059) |[C1][GFX1-]: IPC Channel is already torn down unexpectedly
    [pid=45088][out]  (t=406.779) [GFX1-]: IPC Channel is already torn down unexpectedly
    [pid=45088][out] 
    [pid=45088][err] JavaScript error: chrome://juggler/content/Helper.js, line 82: NS_ERROR_FAILURE: Component returned failure code: 0x80004005 (NS_ERROR_FAILURE) [nsIWebProgress.removeProgressListener]
    [pid=45088][out] Crash Annotation GraphicsCriticalError: |[C0][GFX1-]: CompositorBridgeChild receives IPC close with reason=AbnormalShutdown (t=356.774) |[C1][GFX1-]: IPC Channel is already torn down unexpectedly
    [pid=45088][out]  (t=373.804) [GFX1-]: IPC Channel is already torn down unexpectedly
    [pid=45088][out] 
    [pid=45088] <gracefully close start>
    [pid=45088] <kill>
    [pid=45088] <will force kill>
    [pid=45088] taskkill stdout: SUCCESS: The process with PID 3748 (child process of PID 36960) has been terminated.
    SUCCESS: The process with PID 46772 (child process of PID 36960) has been terminated.
    SUCCESS: The process with PID 17164 (child process of PID 36960) has been terminated.
    SUCCESS: The process with PID 20772 (child process of PID 36960) has been terminated.
    SUCCESS: The process with PID 26740 (child process of PID 36960) has been terminated.
    SUCCESS: The process with PID 44424 (child process of PID 36960) has been terminated.
    SUCCESS: The process with PID 36960 (child process of PID 45088) has been terminated.
    SUCCESS: The process with PID 45088 (child process of PID 560) has been terminated.


    Error: browserContext.newPage: Test timeout of 30000ms exceeded.
]]>
</failure>
</testcase>
<testcase name="Google OAuth Flows › Client OAuth Flow › should set intendedRole to client when clicking client button on login" classname="oauth-flows.spec.js" time="60.01">
<failure message="oauth-flows.spec.js:54:5 should set intendedRole to client when clicking client button on login" type="FAILURE">
<![CDATA[  [firefox] › oauth-flows.spec.js:54:5 › Google OAuth Flows › Client OAuth Flow › should set intendedRole to client when clicking client button on login 

    Test timeout of 30000ms exceeded while running "beforeEach" hook.

      3 | test.describe('Google OAuth Flows', () => {
      4 |   
    > 5 |   test.beforeEach(async ({ page }) => {
        |        ^
      6 |     // Clear session storage before each test
      7 |     await page.goto('/');
      8 |     await page.evaluate(() => {
        at C:\Users\rayma\Desktop\New folder\peer-care-connect\tests\oauth-flows.spec.js:5:8

    Tearing down "context" exceeded the test timeout of 30000ms.

    Error: browserContext.close: Test timeout of 30000ms exceeded.
    Browser logs:

    <launching> C:\Users\rayma\AppData\Local\ms-playwright\firefox-1490\firefox\firefox.exe -no-remote -wait-for-browser -foreground -profile C:\Users\rayma\AppData\Local\Temp\playwright_firefoxdev_profile-gSQAr4 -juggler-pipe -silent
    <launched> pid=35972
    [pid=35972][err] JavaScript warning: resource://services-settings/Utils.sys.mjs, line 116: unreachable code after return statement
    [pid=35972][out] console.warn: services.settings: Ignoring preference override of remote settings server
    [pid=35972][out] console.warn: services.settings: Allow by setting MOZ_REMOTE_SETTINGS_DEVTOOLS=1 in the environment
    [pid=35972][out] 
    [pid=35972][out] Juggler listening to the pipe
    [pid=35972][out] console.error: "Warning: unrecognized command line flag" "-wait-for-browser"
    [pid=35972][out] Crash Annotation GraphicsCriticalError: |[G0][GFX1-]: Calling WaitFlushedEvent::Run: is delayed: 5262 (t=297.485) [GFX1-]: Calling WaitFlushedEvent::Run: is delayed: 5262
    [pid=35972][err] JavaScript error: chrome://juggler/content/Helper.js, line 82: NS_ERROR_FAILURE: Component returned failure code: 0x80004005 (NS_ERROR_FAILURE) [nsIWebProgress.removeProgressListener]
    [pid=35972] <gracefully close start>
    [pid=35972] <kill>
    [pid=35972] <will force kill>
    [pid=35972] taskkill stdout: SUCCESS: The process with PID 34864 (child process of PID 35972) has been terminated.
    SUCCESS: The process with PID 20928 (child process of PID 35972) has been terminated.
    SUCCESS: The process with PID 25424 (child process of PID 35972) has been terminated.
    SUCCESS: The process with PID 18664 (child process of PID 35972) has been terminated.
    SUCCESS: The process with PID 14700 (child process of PID 35972) has been terminated.
    SUCCESS: The process with PID 41064 (child process of PID 35972) has been terminated.
    SUCCESS: The process with PID 35972 (child process of PID 22156) has been terminated.


    Error: browserContext.newPage: Test timeout of 30000ms exceeded.
]]>
</failure>
</testcase>
<testcase name="Google OAuth Flows › Practitioner OAuth Flow › should display practitioner Google OAuth button on register page" classname="oauth-flows.spec.js" time="60.009">
<failure message="oauth-flows.spec.js:71:5 should display practitioner Google OAuth button on register page" type="FAILURE">
<![CDATA[  [firefox] › oauth-flows.spec.js:71:5 › Google OAuth Flows › Practitioner OAuth Flow › should display practitioner Google OAuth button on register page 

    Test timeout of 30000ms exceeded while running "beforeEach" hook.

      3 | test.describe('Google OAuth Flows', () => {
      4 |   
    > 5 |   test.beforeEach(async ({ page }) => {
        |        ^
      6 |     // Clear session storage before each test
      7 |     await page.goto('/');
      8 |     await page.evaluate(() => {
        at C:\Users\rayma\Desktop\New folder\peer-care-connect\tests\oauth-flows.spec.js:5:8

    Tearing down "context" exceeded the test timeout of 30000ms.

    Error: browserContext.close: Test timeout of 30000ms exceeded.
    Browser logs:

    <launching> C:\Users\rayma\AppData\Local\ms-playwright\firefox-1490\firefox\firefox.exe -no-remote -wait-for-browser -foreground -profile C:\Users\rayma\AppData\Local\Temp\playwright_firefoxdev_profile-BVKqyR -juggler-pipe -silent
    <launched> pid=21824
    [pid=21824][err] JavaScript warning: resource://services-settings/Utils.sys.mjs, line 116: unreachable code after return statement
    [pid=21824][out] console.warn: services.settings: Ignoring preference override of remote settings server
    [pid=21824][out] console.warn: services.settings: Allow by setting MOZ_REMOTE_SETTINGS_DEVTOOLS=1 in the environment
    [pid=21824][out] 
    [pid=21824][out] Juggler listening to the pipe
    [pid=21824][out] console.error: "Warning: unrecognized command line flag" "-foreground"
    [pid=21824] <gracefully close start>
    [pid=21824] <kill>
    [pid=21824] <will force kill>
    [pid=21824] taskkill stdout: SUCCESS: The process with PID 38416 (child process of PID 13492) has been terminated.
    SUCCESS: The process with PID 39380 (child process of PID 13492) has been terminated.
    SUCCESS: The process with PID 22600 (child process of PID 13492) has been terminated.
    SUCCESS: The process with PID 7920 (child process of PID 13492) has been terminated.
    SUCCESS: The process with PID 8268 (child process of PID 13492) has been terminated.
    SUCCESS: The process with PID 17436 (child process of PID 13492) has been terminated.
    SUCCESS: The process with PID 13492 (child process of PID 21824) has been terminated.
    SUCCESS: The process with PID 21824 (child process of PID 24108) has been terminated.


    Error: browserContext.newPage: Test timeout of 30000ms exceeded.
]]>
</failure>
</testcase>
<testcase name="Google OAuth Flows › Practitioner OAuth Flow › should set intendedRole to practitioner when clicking practitioner button" classname="oauth-flows.spec.js" time="60.023">
<failure message="oauth-flows.spec.js:79:5 should set intendedRole to practitioner when clicking practitioner button" type="FAILURE">
<![CDATA[  [firefox] › oauth-flows.spec.js:79:5 › Google OAuth Flows › Practitioner OAuth Flow › should set intendedRole to practitioner when clicking practitioner button 

    Test timeout of 30000ms exceeded while running "beforeEach" hook.

      3 | test.describe('Google OAuth Flows', () => {
      4 |   
    > 5 |   test.beforeEach(async ({ page }) => {
        |        ^
      6 |     // Clear session storage before each test
      7 |     await page.goto('/');
      8 |     await page.evaluate(() => {
        at C:\Users\rayma\Desktop\New folder\peer-care-connect\tests\oauth-flows.spec.js:5:8

    Tearing down "context" exceeded the test timeout of 30000ms.

    Error: browserContext.close: Test timeout of 30000ms exceeded.
    Browser logs:

    <launching> C:\Users\rayma\AppData\Local\ms-playwright\firefox-1490\firefox\firefox.exe -no-remote -wait-for-browser -foreground -profile C:\Users\rayma\AppData\Local\Temp\playwright_firefoxdev_profile-7kKgwb -juggler-pipe -silent
    <launched> pid=34192
    [pid=34192][err] JavaScript warning: resource://services-settings/Utils.sys.mjs, line 116: unreachable code after return statement
    [pid=34192][out] console.warn: services.settings: Ignoring preference override of remote settings server
    [pid=34192][out] console.warn: services.settings: Allow by setting MOZ_REMOTE_SETTINGS_DEVTOOLS=1 in the environment
    [pid=34192][out] 
    [pid=34192][out] Juggler listening to the pipe
    [pid=34192][out] console.error: "Warning: unrecognized command line flag" "-foreground"
    [pid=34192] <gracefully close start>
    [pid=34192] <kill>
    [pid=34192] <will force kill>
    [pid=34192] taskkill stdout: SUCCESS: The process with PID 40580 (child process of PID 21976) has been terminated.
    SUCCESS: The process with PID 25496 (child process of PID 21976) has been terminated.
    SUCCESS: The process with PID 47936 (child process of PID 21976) has been terminated.
    SUCCESS: The process with PID 46396 (child process of PID 21976) has been terminated.
    SUCCESS: The process with PID 26716 (child process of PID 21976) has been terminated.
    SUCCESS: The process with PID 44612 (child process of PID 21976) has been terminated.
    SUCCESS: The process with PID 21976 (child process of PID 34192) has been terminated.
    SUCCESS: The process with PID 34192 (child process of PID 45864) has been terminated.


    Error: browserContext.newPage: Test timeout of 30000ms exceeded.
]]>
</failure>
</testcase>
<testcase name="Google OAuth Flows › Practitioner OAuth Flow › should display practitioner Google OAuth button on login page" classname="oauth-flows.spec.js" time="60.012">
<failure message="oauth-flows.spec.js:94:5 should display practitioner Google OAuth button on login page" type="FAILURE">
<![CDATA[  [firefox] › oauth-flows.spec.js:94:5 › Google OAuth Flows › Practitioner OAuth Flow › should display practitioner Google OAuth button on login page 

    Test timeout of 30000ms exceeded while running "beforeEach" hook.

      3 | test.describe('Google OAuth Flows', () => {
      4 |   
    > 5 |   test.beforeEach(async ({ page }) => {
        |        ^
      6 |     // Clear session storage before each test
      7 |     await page.goto('/');
      8 |     await page.evaluate(() => {
        at C:\Users\rayma\Desktop\New folder\peer-care-connect\tests\oauth-flows.spec.js:5:8

    Tearing down "context" exceeded the test timeout of 30000ms.

    Error: browserContext.close: Test timeout of 30000ms exceeded.
    Browser logs:

    <launching> C:\Users\rayma\AppData\Local\ms-playwright\firefox-1490\firefox\firefox.exe -no-remote -wait-for-browser -foreground -profile C:\Users\rayma\AppData\Local\Temp\playwright_firefoxdev_profile-YbjSfU -juggler-pipe -silent
    <launched> pid=29364
    [pid=29364][err] JavaScript warning: resource://services-settings/Utils.sys.mjs, line 116: unreachable code after return statement
    [pid=29364][out] console.warn: services.settings: Ignoring preference override of remote settings server
    [pid=29364][out] console.warn: services.settings: Allow by setting MOZ_REMOTE_SETTINGS_DEVTOOLS=1 in the environment
    [pid=29364][out] 
    [pid=29364][out] Juggler listening to the pipe
    [pid=29364][out] console.error: "Warning: unrecognized command line flag" "-foreground"
    [pid=29364][out] Crash Annotation GraphicsCriticalError: |[G0][GFX1-]: Calling WaitFlushedEvent::Run: is delayed: 5248 (t=303.211) [GFX1-]: Calling WaitFlushedEvent::Run: is delayed: 5248
    [pid=29364][out] Crash Annotation GraphicsCriticalError: |[G0][GFX1-]: Calling WaitFlushedEvent::Run: is delayed: 5248 (t=303.211) |[G1][GFX1-]: NewRenderer::Run is slow: 2656 (t=340.081) [GFX1-]: NewRenderer::Run is slow: 2656
    [pid=29364][err] JavaScript error: chrome://juggler/content/Helper.js, line 82: NS_ERROR_FAILURE: Component returned failure code: 0x80004005 (NS_ERROR_FAILURE) [nsIWebProgress.removeProgressListener]
    [pid=29364] <gracefully close start>
    [pid=29364] <kill>
    [pid=29364] <will force kill>
    [pid=29364] taskkill stdout: SUCCESS: The process with PID 11220 (child process of PID 15192) has been terminated.
    SUCCESS: The process with PID 31516 (child process of PID 15192) has been terminated.
    SUCCESS: The process with PID 32680 (child process of PID 15192) has been terminated.
    SUCCESS: The process with PID 20864 (child process of PID 15192) has been terminated.
    SUCCESS: The process with PID 15052 (child process of PID 15192) has been terminated.
    SUCCESS: The process with PID 15192 (child process of PID 29364) has been terminated.
    SUCCESS: The process with PID 29364 (child process of PID 9368) has been terminated.


    Error: browserContext.newPage: Test timeout of 30000ms exceeded.
]]>
</failure>
</testcase>
<testcase name="Google OAuth Flows › Practitioner OAuth Flow › should set intendedRole to practitioner when clicking practitioner button on login" classname="oauth-flows.spec.js" time="60.005">
<failure message="oauth-flows.spec.js:102:5 should set intendedRole to practitioner when clicking practitioner button on login" type="FAILURE">
<![CDATA[  [firefox] › oauth-flows.spec.js:102:5 › Google OAuth Flows › Practitioner OAuth Flow › should set intendedRole to practitioner when clicking practitioner button on login 

    Test timeout of 30000ms exceeded while running "beforeEach" hook.

      3 | test.describe('Google OAuth Flows', () => {
      4 |   
    > 5 |   test.beforeEach(async ({ page }) => {
        |        ^
      6 |     // Clear session storage before each test
      7 |     await page.goto('/');
      8 |     await page.evaluate(() => {
        at C:\Users\rayma\Desktop\New folder\peer-care-connect\tests\oauth-flows.spec.js:5:8

    Tearing down "context" exceeded the test timeout of 30000ms.

    Error: browserContext.close: Test timeout of 30000ms exceeded.
    Browser logs:

    <launching> C:\Users\rayma\AppData\Local\ms-playwright\firefox-1490\firefox\firefox.exe -no-remote -wait-for-browser -foreground -profile C:\Users\rayma\AppData\Local\Temp\playwright_firefoxdev_profile-UrWbmJ -juggler-pipe -silent
    <launched> pid=22080
    [pid=22080][err] JavaScript warning: resource://services-settings/Utils.sys.mjs, line 116: unreachable code after return statement
    [pid=22080][out] console.warn: services.settings: Ignoring preference override of remote settings server
    [pid=22080][out] console.warn: services.settings: Allow by setting MOZ_REMOTE_SETTINGS_DEVTOOLS=1 in the environment
    [pid=22080][out] 
    [pid=22080][out] Juggler listening to the pipe
    [pid=22080][out] console.error: "Warning: unrecognized command line flag" "-foreground"
    [pid=22080][out] Crash Annotation GraphicsCriticalError: |[G0][GFX1-]: DCompositionSurface::BeginDraw failed: 0x8007000e Rect(x=524288, y=524800, w=1024, h=363) (t=332.234) [GFX1-]: DCompositionSurface::BeginDraw failed: 0x8007000e Rect(x=524288, y=524800, w=1024, h=363)
    [pid=22080][out] Crash Annotation GraphicsCriticalError: |[G0][GFX1-]: DCompositionSurface::BeginDraw failed: 0x8007000e Rect(x=524288, y=524800, w=1024, h=363) (t=332.234) |[G1][GFX1-]: Calling WaitFlushedEvent::Run: is delayed: 9342 (t=332.234) [GFX1-]: Calling WaitFlushedEvent::Run: is delayed: 9342
    [pid=22080][out] Crash Annotation GraphicsCriticalError: |[G0][GFX1-]: DCompositionSurface::BeginDraw failed: 0x8007000e Rect(x=524288, y=524800, w=1024, h=363) (t=332.234) |[G1][GFX1-]: Calling WaitFlushedEvent::Run: is delayed: 9342 (t=332.234) |[G2][GFX1-]: Calling Readback::Run: is delayed: 2013 (t=356.454) [GFX1-]: Calling Readback::Run: is delayed: 2013
    [pid=22080][out] Crash Annotation GraphicsCriticalError: |[0][GFX1-]: Killing GPU process due to IPC reply timeout (t=449.483) [GFX1-]: Killing GPU process due to IPC reply timeout
    [pid=22080][out] Crash Annotation GraphicsCriticalError: |[C0][GFX1-]: CompoCsriatsohr BArnidgeChilnd otatireceiveon sGr IaPCp chlicsCriticalError: |[C0][GFX1-]: oCosmep ositwoirtBhridge reasChilon=AbnormalShutdown (t=433.698)d  receives IPC clos[GFX1-]: Compeo sitorBrwith reason=AbnoridgeChilmd receialvSheustdown ( IPC close with reason=AbnormalShutdown
    [pid=22080][out] t=428.07) [GFX1-]: CompositorBridgeChild receives IPC close with reason=AbnormalShutdown
    [pid=22080][out] Crash Annotation GraphicsCriticalError: |[C0][GFX1-]: CompositorBridgeChild receives IPC close with reason=AbnormalShutdown (t=433.698) |[C1][GFX1-]: IPC Channel is already torn down unexpectedly
    [pid=22080][out]  (t=433.858) [GFX1-]: IPC Channel is already torn down unexpectedly
    [pid=22080][out] 
    [pid=22080][err] JavaScript error: chrome://juggler/content/Helper.js, line 82: NS_ERROR_FAILURE: Component returned failure code: 0x80004005 (NS_ERROR_FAILURE) [nsIWebProgress.removeProgressListener]
    [pid=22080][out] Crash Annotation GraphicsCriticalError: |[C0][GFX1-]: CompositorBridgeChild receives IPC close with reason=AbnormalShutdown (t=431.97) [GFX1-]: CompositorBridgeChild receives IPC close with reason=AbnormalShutdown
    [pid=22080][err] [Parent 26668, Main Thread] WARNING: base::KillProcess refusing to terminate process handle 0: file C:/Users/cloudtest/firefox/ipc/chromium/src/base/process_util_win.cc:350
    [pid=22080][out] Crash Annotation GraphicsCriticalError: |[0][GFX1-]: Killing GPU process due to IPC reply timeout (t=449.483) |[1][GFX1-]: CompositorBridgeChild receives IPC close with reason=AbnormalShutdown (t=451.043) [GFX1-]: CompositorBridgeChild receives IPC close with reason=AbnormalShutdown
    [pid=22080][out] Crash Annotation GraphicsCriticalError: |[0][GFX1-]: Killing GPU process due to IPC reply timeout (t=449.483) |[1][GFX1-]: CompositorBridgeChild receives IPC close with reason=AbnormalShutdown (t=451.043) |[2][GFX1-]: CompositorBridgeChild receives IPC close with reason=AbnormalShutdown (t=451.043) [GFX1-]: CompositorBridgeChild receives IPC close with reason=AbnormalShutdown
    [pid=22080] <gracefully close start>
    [pid=22080] <kill>
    [pid=22080] <will force kill>
    [pid=22080] taskkill stdout: SUCCESS: The process with PID 33624 (child process of PID 26668) has been terminated.
    SUCCESS: The process with PID 23900 (child process of PID 26668) has been terminated.
    SUCCESS: The process with PID 25808 (child process of PID 26668) has been terminated.
    SUCCESS: The process with PID 23596 (child process of PID 26668) has been terminated.
    SUCCESS: The process with PID 23664 (child process of PID 26668) has been terminated.
    SUCCESS: The process with PID 36148 (child process of PID 26668) has been terminated.
    SUCCESS: The process with PID 26668 (child process of PID 22080) has been terminated.
    SUCCESS: The process with PID 22080 (child process of PID 4488) has been terminated.


    Error: browserContext.newPage: Test timeout of 30000ms exceeded.
]]>
</failure>
</testcase>
<testcase name="Google OAuth Flows › Role Selection Page › should display role selection options for practitioners" classname="oauth-flows.spec.js" time="60.007">
<failure message="oauth-flows.spec.js:119:5 should display role selection options for practitioners" type="FAILURE">
<![CDATA[  [firefox] › oauth-flows.spec.js:119:5 › Google OAuth Flows › Role Selection Page › should display role selection options for practitioners 

    Test timeout of 30000ms exceeded while running "beforeEach" hook.

      3 | test.describe('Google OAuth Flows', () => {
      4 |   
    > 5 |   test.beforeEach(async ({ page }) => {
        |        ^
      6 |     // Clear session storage before each test
      7 |     await page.goto('/');
      8 |     await page.evaluate(() => {
        at C:\Users\rayma\Desktop\New folder\peer-care-connect\tests\oauth-flows.spec.js:5:8

    Tearing down "context" exceeded the test timeout of 30000ms.

    Error: browserContext.close: Test timeout of 30000ms exceeded.
    Browser logs:

    <launching> C:\Users\rayma\AppData\Local\ms-playwright\firefox-1490\firefox\firefox.exe -no-remote -wait-for-browser -foreground -profile C:\Users\rayma\AppData\Local\Temp\playwright_firefoxdev_profile-8cAsEX -juggler-pipe -silent
    <launched> pid=15148
    [pid=15148][err] JavaScript warning: resource://services-settings/Utils.sys.mjs, line 116: unreachable code after return statement
    [pid=15148][out] console.warn: services.settings: Ignoring preference override of remote settings server
    [pid=15148][out] console.warn: services.settings: Allow by setting MOZ_REMOTE_SETTINGS_DEVTOOLS=1 in the environment
    [pid=15148][out] 
    [pid=15148][out] Juggler listening to the pipe
    [pid=15148][out] console.error: "Warning: unrecognized command line flag" "-foreground"
    [pid=15148][out] Crash Annotation GraphicsCriticalError: |[G0][GFX1-]: wr_renderer_render: OutOfMemory (t=346.202) [GFX1-]: wr_renderer_render: OutOfMemory
    [pid=15148][out] Crash Annotation GraphicsCriticalError: |[G0][GFX1-]: wr_renderer_render: OutOfMemory (t=346.202) |[G1][GFX1-]: Calling WaitFlushedEvent::Run: is delayed: 9745 (t=346.202) [GFX1-]: Calling WaitFlushedEvent::Run: is delayed: 9745
    [pid=15148][out] Crash Annotation GraphicsCriticalError: |[G0][GFX1-]: wr_renderer_render: OutOfMemory (t=346.202) |[G1][GFX1-]: Calling WaitFlushedEvent::Run: is delayed: 9745 (t=346.202) |[G2][GFX1-]: Failed to load a program object with a program binary: gpu_cache_update renderer ANGLE (NVIDIA, NVIDIA GeForce RTX 3060 Direct3D11 vs_5_0 ps_5_0, D3D11-32.0.15.6636)
    [pid=15148][out]  (t=346.362) [GFX1-]: Failed to load a program object with a program binary: gpu_cache_update renderer ANGLE (NVIDIA, NVIDIA GeForce RTX 3060 Direct3D11 vs_5_0 ps_5_0, D3D11-32.0.15.6636)
    [pid=15148][out] 
    [pid=15148][err] [ERROR webrender::device::gl] Failed to load a program object with a program binary: gpu_cache_update renderer ANGLE (NVIDIA, NVIDIA GeForce RTX 3060 Direct3D11 vs_5_0 ps_5_0, D3D11-32.0.15.6636)
    [pid=15148][err]     
    [pid=15148][out] Crash Annotation GraphicsCriticalError: |[G0][GFX1-]: wr_renderer_render: OutOfMemory (t=346.202) |[G1][GFX1-]: Calling WaitFlushedEvent::Run: is delayed: 9745 (t=346.202) |[G2][GFX1-]: Failed to load a program object with a program binary: gpu_cache_update renderer ANGLE (NVIDIA, NVIDIA GeForce RTX 3060 Direct3D11 vs_5_0 ps_5_0, D3D11-32.0.15.6636)
    [pid=15148][out]  (t=346.362) |[G3][GFX1-]: shader-cache: Failed program_binary (t=346.362) [GFX1-]: shader-cache: Failed program_binary
    [pid=15148][err] [ERROR webrender_bindings::program_cache] shader-cache: Failed program_binary
    [pid=15148][out] Crash Annotation GraphicsCriticalError: |[G0][GFX1-]: wr_renderer_render: OutOfMemory (t=346.202) |[G1][GFX1-]: Calling WaitFlushedEvent::Run: is delayed: 9745 (t=346.202) |[G2][GFX1-]: Failed to load a program object with a program binary: gpu_cache_update renderer ANGLE (NVIDIA, NVIDIA GeForce RTX 3060 Direct3D11 vs_5_0 ps_5_0, D3D11-32.0.15.6636)
    [pid=15148][out]  (t=346.362) |[G3][GFX1-]: shader-cache: Failed program_binary (t=346.362) |[G4][GFX1-]: Failed to compile vertex shader: gpu_cache_update
    [pid=15148][err] [ERROR webrender::device::gl] Failed to compile vertex shader: gpu_cache_update
    [pid=15148][err]     
    [pid=15148][out]  (t=346.362) [GFX1-]: Failed to compile vertex shader: gpu_cache_update
    [pid=15148][out] 
    [pid=15148][out] Crash Annotation GraphicsCriticalError: |[G0][GFX1-]: wr_renderer_render: OutOfMemory (t=346.202) |[G1][GFX1-]: Calling WaitFlushedEvent::Run: is delayed: 9745 (t=346.202) |[G2][GFX1-]: Failed to load a program object with a program binary: gpu_cache_update renderer ANGLE (NVIDIA, NVIDIA GeForce RTX 3060 Direct3D11 vs_5_0 ps_5_0, D3D11-32.0.15.6636)
    [pid=15148][out]  (t=346.362) |[G3][GFX1-]: shader-cache: Failed program_binary (t=346.362) |[G4][GFX1-]: Failed to compile vertex shader: gpu_cache_update
    [pid=15148][out]  (t=346.362) |[G5][GFX1-]: wr_renderer_render: Shader(Compilation("gpu_cache_update", "")) (t=353.392) [GFX1-]: wr_renderer_render: Shader(Compilation("gpu_cache_update", ""))
    [pid=15148][out] Crash Annotation GraphicsCriticalError: |[0][GFX1-]: Killing GPU process due to IPC reply timeout (t=470.555) [GFX1-]: Killing GPU process due to IPC reply timeout
    [pid=15148][out] Crash Annotation GraphicsCriticalECrarsroh Annotation GraphicsCriticalError: |[C0][GFX1-]: Comr: p|[Cosi0][GFX1-]: CompositorBridgeChtorBridgeChild receives IPC close with reailsod n=reAbnocermaivlSeshutd IPCow cln ose w(t=4ith r47eas.75on=AbnormalShu) tdown (t=452.344) [GFX1-]: CompositorB[ridGFX1ge-]Chi: Cld omreceivpositores IPBrC cidgeloseC hilwith reason=AbnormalShutdown
    [pid=15148][out] d receives IPC close with reason=AbnormalShutdown
    [pid=15148][out] Crash Annotation GraphicsCriticalError: |[C0][GFX1-]: CompositorBridgeChild receives IPC close with reason=AbnormalShutdown (t=452.344) |[C1][GFX1-]: IPC Channel is already torn down unexpectedly
    [pid=15148][out]  (t=474.534) [GFX1-]: IPC Channel is already torn down unexpectedly
    [pid=15148][out] 
    [pid=15148][err] JavaScript error: chrome://juggler/content/Helper.js, line 82: NS_ERROR_FAILURE: Component returned failure code: 0x80004005 (NS_ERROR_FAILURE) [nsIWebProgress.removeProgressListener]
    [pid=15148][err] [Parent 18228, Main Thread] WARNING: base::KillProcess refusing to terminate process handle 0: file C:/Users/cloudtest/firefox/ipc/chromium/src/base/process_util_win.cc:350
    [pid=15148][out] Crash Annotation GraphicsCriticalError: |[C0][GFX1-]: CompositorBridgeChild receives IPC close with reason=AbnormalShutdown (t=472.178) [GFX1-]: CompositorBridgeChild receives IPC close with reason=AbnormalShutdown
    [pid=15148][out] Crash Annotation GraphicsCriticalError: |[0][GFX1-]: Killing GPU process due to IPC reply timeout (t=470.555) |[1][GFX1-]: CompositorBridgeChild receives IPC close with reason=AbnormalShutdown (t=501.185) [GFX1-]: CompositorBridgeChild receives IPC close with reason=AbnormalShutdown
    [pid=15148][out] Crash Annotation GraphicsCriticalError: |[0][GFX1-]: Killing GPU process due to IPC reply timeout (t=470.555) |[1][GFX1-]: CompositorBridgeChild receives IPC close with reason=AbnormalShutdown (t=501.185) |[2][GFX1-]: CompositorBridgeChild receives IPC close with reason=AbnormalShutdown (t=501.185) [GFX1-]: CompositorBridgeChild receives IPC close with reason=AbnormalShutdown
    [pid=15148] <gracefully close start>
    [pid=15148] <kill>
    [pid=15148] <will force kill>
    [pid=15148] taskkill stdout: SUCCESS: The process with PID 23600 (child process of PID 18228) has been terminated.
    SUCCESS: The process with PID 17232 (child process of PID 18228) has been terminated.
    SUCCESS: The process with PID 5988 (child process of PID 18228) has been terminated.
    SUCCESS: The process with PID 30908 (child process of PID 18228) has been terminated.
    SUCCESS: The process with PID 23272 (child process of PID 18228) has been terminated.
    SUCCESS: The process with PID 37268 (child process of PID 18228) has been terminated.
    SUCCESS: The process with PID 18228 (child process of PID 15148) has been terminated.
    SUCCESS: The process with PID 15148 (child process of PID 18148) has been terminated.


    Error: browserContext.newPage: Test timeout of 30000ms exceeded.
]]>
</failure>
</testcase>
<testcase name="Google OAuth Flows › Role Selection Page › should allow selecting osteopath role" classname="oauth-flows.spec.js" time="60.015">
<failure message="oauth-flows.spec.js:134:5 should allow selecting osteopath role" type="FAILURE">
<![CDATA[  [firefox] › oauth-flows.spec.js:134:5 › Google OAuth Flows › Role Selection Page › should allow selecting osteopath role 

    Test timeout of 30000ms exceeded while running "beforeEach" hook.

      3 | test.describe('Google OAuth Flows', () => {
      4 |   
    > 5 |   test.beforeEach(async ({ page }) => {
        |        ^
      6 |     // Clear session storage before each test
      7 |     await page.goto('/');
      8 |     await page.evaluate(() => {
        at C:\Users\rayma\Desktop\New folder\peer-care-connect\tests\oauth-flows.spec.js:5:8

    Tearing down "context" exceeded the test timeout of 30000ms.

    Error: browserContext.close: Test timeout of 30000ms exceeded.
    Browser logs:

    <launching> C:\Users\rayma\AppData\Local\ms-playwright\firefox-1490\firefox\firefox.exe -no-remote -wait-for-browser -foreground -profile C:\Users\rayma\AppData\Local\Temp\playwright_firefoxdev_profile-Paoomt -juggler-pipe -silent
    <launched> pid=9108
    [pid=9108][err] JavaScript warning: resource://services-settings/Utils.sys.mjs, line 116: unreachable code after return statement
    [pid=9108][out] console.warn: services.settings: Ignoring preference override of remote settings server
    [pid=9108][out] console.warn: services.settings: Allow by setting MOZ_REMOTE_SETTINGS_DEVTOOLS=1 in the environment
    [pid=9108][out] 
    [pid=9108][out] Juggler listening to the pipe
    [pid=9108][out] console.error: "Warning: unrecognized command line flag" "-foreground"
    [pid=9108][out] Crash Annotation GraphicsCriticalError: |[G0][GFX1-]: DCompositionSurface::BeginDraw failed: 0x8007000e Rect(x=525312, y=524288, w=371, h=512) (t=301.026) [GFX1-]: DCompositionSurface::BeginDraw failed: 0x8007000e Rect(x=525312, y=524288, w=371, h=512)
    [pid=9108][out] Crash Annotation GraphicsCriticalError: |[0][GFX1-]: Killing GPU process due to IPC reply timeout (t=368.375) [GFX1-]: Killing GPU process due to IPC reply timeout
    [pid=9108][out] Crash Annotation GraphicsCriticalError: |[C0][GFX1-]: CompositorBridgeChild receives IPC close with reason=AbnormalShutdown (t=347.906) Crash Annota[GFX1-]: CompositorBridgeChild receives IPC close wittion GraphicsCriticalError: |[C0][GFX1-]:h Composit orerBridgeChiason=AbnormalShuldtd oreceives IPC close with reason=AbnormalShutdown (t=341.487)wn 
    [pid=9108][out] [GFX1-]: CompositorBridgeChild receives IPC close with reason=AbnormalShutdown
    [pid=9108][err] [Parent 41408, Main Thread] WARNING: base::KillProcess refusing to terminate process handle 0: file C:/Users/cloudtest/firefox/ipc/chromium/src/base/process_util_win.cc:350
    [pid=9108][out] Crash Annotation GraphicsCriticalError: |[0][GFX1-]: Killing GPU process due to IPC reply timeout (t=368.375) |[1][GFX1-]: CompositorBridgeChild receives IPC close with reason=AbnormalShutdown (t=375.245) [GFX1-]: CompositorBridgeChild receives IPC close with reason=AbnormalShutdown
    [pid=9108][out] Crash Annotation GraphicsCriticalError: |[0][GFX1-]: Killing GPU process due to IPC reply timeout (t=368.375) |[1][GFX1-]: CompositorBridgeChild receives IPC close with reason=AbnormalShutdown (t=375.245) |[2][GFX1-]: CompositorBridgeChild receives IPC close with reason=AbnormalShutdown (t=380.245) [GFX1-]: CompositorBridgeChild receives IPC close with reason=AbnormalShutdown
    [pid=9108][out] Crash Annotation GraphicsCriticalError: |[C0][GFX1-]: CompositorBridgeChild receives IPC close with reason=AbnormalShutdown (t=347.906) |[C1][GFX1-]: IPC Channel is already torn down unexpectedly
    [pid=9108][out]  (t=356.346) [GFX1-]: IPC Channel is already torn down unexpectedly
    [pid=9108][out] 
    [pid=9108][err] JavaScript error: chrome://juggler/content/Helper.js, line 82: NS_ERROR_FAILURE: Component returned failure code: 0x80004005 (NS_ERROR_FAILURE) [nsIWebProgress.removeProgressListener]
    [pid=9108][out] Crash Annotation GraphicsCriticalError: |[C0][GFX1-]: CompositorBridgeChild receives IPC close with reason=AbnormalShutdown (t=341.487) |[C1][GFX1-]: IPC Channel is already torn down unexpectedly
    [pid=9108][out]  (t=350.397) [GFX1-]: IPC Channel is already torn down unexpectedly
    [pid=9108][out] 
    [pid=9108] <gracefully close start>
    [pid=9108] <kill>
    [pid=9108] <will force kill>
    [pid=9108] taskkill stdout: SUCCESS: The process with PID 16900 (child process of PID 41408) has been terminated.
    SUCCESS: The process with PID 38792 (child process of PID 41408) has been terminated.
    SUCCESS: The process with PID 32668 (child process of PID 41408) has been terminated.
    SUCCESS: The process with PID 39496 (child process of PID 41408) has been terminated.
    SUCCESS: The process with PID 46852 (child process of PID 41408) has been terminated.
    SUCCESS: The process with PID 29376 (child process of PID 41408) has been terminated.
    SUCCESS: The process with PID 41408 (child process of PID 9108) has been terminated.
    SUCCESS: The process with PID 9108 (child process of PID 15640) has been terminated.


    Error: browserContext.newPage: Test timeout of 30000ms exceeded.
]]>
</failure>
</testcase>
<testcase name="Google OAuth Flows › Role Selection Page › should allow selecting sports therapist role" classname="oauth-flows.spec.js" time="60.027">
<failure message="oauth-flows.spec.js:145:5 should allow selecting sports therapist role" type="FAILURE">
<![CDATA[  [firefox] › oauth-flows.spec.js:145:5 › Google OAuth Flows › Role Selection Page › should allow selecting sports therapist role 

    Test timeout of 30000ms exceeded while running "beforeEach" hook.

      3 | test.describe('Google OAuth Flows', () => {
      4 |   
    > 5 |   test.beforeEach(async ({ page }) => {
        |        ^
      6 |     // Clear session storage before each test
      7 |     await page.goto('/');
      8 |     await page.evaluate(() => {
        at C:\Users\rayma\Desktop\New folder\peer-care-connect\tests\oauth-flows.spec.js:5:8

    Tearing down "context" exceeded the test timeout of 30000ms.

    Error: browserContext.close: Test timeout of 30000ms exceeded.
    Browser logs:

    <launching> C:\Users\rayma\AppData\Local\ms-playwright\firefox-1490\firefox\firefox.exe -no-remote -wait-for-browser -foreground -profile C:\Users\rayma\AppData\Local\Temp\playwright_firefoxdev_profile-mP0KGw -juggler-pipe -silent
    <launched> pid=29620
    [pid=29620][err] JavaScript warning: resource://services-settings/Utils.sys.mjs, line 116: unreachable code after return statement
    [pid=29620][out] console.warn: services.settings: Ignoring preference override of remote settings server
    [pid=29620][out] console.warn: services.settings: Allow by setting MOZ_REMOTE_SETTINGS_DEVTOOLS=1 in the environment
    [pid=29620][out] 
    [pid=29620][out] Juggler listening to the pipe
    [pid=29620][out] console.error: "Warning: unrecognized command line flag" "-foreground"
    [pid=29620][out] Crash Annotation GraphicsCriticalError: |[G0][GFX1-]: Calling WaitFlushedEvent::Run: is delayed: 10010 (t=321.666) [GFX1-]: Calling WaitFlushedEvent::Run: is delayed: 10010
    [pid=29620][out] Crash Annotation GraphicsCriticalError: |[0][GFX1-]: Killing GPU process due to IPC reply timeout (t=472.58) [GFX1-]: Killing GPU process due to IPC reply timeout
    [pid=29620][out] Crash Annotation GraphicsCriticalError: |[C0][GFX1-]: CompositorBridgeChild receives IPC close with reason=AbnormalShutdown (t=420.076) [GFX1-]: CompositorBridgeChild receives IPC close with reason=AbnormalShutdown
    [pid=29620][out] Crash Annotation GraphicsCriticalError: |[C0][GFX1-]: CompositorBridgeChild receives IPC close with reason=AbnormalShutdown (t=412.592) [GFX1-]: CompositorBridgeChild receives IPC close with reason=AbnormalShutdown
    [pid=29620][out] Crash Annotation GraphicsCriticalError: |[C0][GFX1-]: CompositorBridgeChild receives IPC close with reason=AbnormalShutdown (t=420.076) |[C1][GFX1-]: IPC Channel is already torn down unexpectedly
    [pid=29620][out]  (t=420.856) [GFX1-]: IPC Channel is already torn down unexpectedly
    [pid=29620][out] 
    [pid=29620][err] JavaScript error: chrome://juggler/content/Helper.js, line 82: NS_ERROR_FAILURE: Component returned failure code: 0x80004005 (NS_ERROR_FAILURE) [nsIWebProgress.removeProgressListener]
    [pid=29620][out] Crash Annotation GraphicsCriticalError: |[C0][GFX1-]: CompositorBridgeChild receives IPC close with reason=AbnormalShutdown (t=416.963) [GFX1-]: CompositorBridgeChild receives IPC close with reason=AbnormalShutdown
    [pid=29620][err] [Parent 42532, Main Thread] WARNING: base::KillProcess refusing to terminate process handle 0: file C:/Users/cloudtest/firefox/ipc/chromium/src/base/process_util_win.cc:350
    [pid=29620][out] Crash Annotation GraphicsCriticalError: |[0][GFX1-]: Killing GPU process due to IPC reply timeout (t=472.58) |[1][GFX1-]: CompositorBridgeChild receives IPC close with reason=AbnormalShutdown (t=523.36) [GFX1-]: CompositorBridgeChild receives IPC close with reason=AbnormalShutdown
    [pid=29620][out] Crash Annotation GraphicsCriticalError: |[0][GFX1-]: Killing GPU process due to IPC reply timeout (t=472.58) |[1][GFX1-]: CompositorBridgeChild receives IPC close with reason=AbnormalShutdown (t=523.36) |[2][GFX1-]: CompositorBridgeChild receives IPC close with reason=AbnormalShutdown (t=523.36) [GFX1-]: CompositorBridgeChild receives IPC close with reason=AbnormalShutdown
    [pid=29620] <gracefully close start>
    [pid=29620] <kill>
    [pid=29620] <will force kill>
    [pid=29620] taskkill stdout: SUCCESS: The process with PID 45600 (child process of PID 42532) has been terminated.
    SUCCESS: The process with PID 24480 (child process of PID 42532) has been terminated.
    SUCCESS: The process with PID 47788 (child process of PID 42532) has been terminated.
    SUCCESS: The process with PID 12156 (child process of PID 42532) has been terminated.
    SUCCESS: The process with PID 40416 (child process of PID 42532) has been terminated.
    SUCCESS: The process with PID 14504 (child process of PID 42532) has been terminated.
    SUCCESS: The process with PID 42532 (child process of PID 29620) has been terminated.
    SUCCESS: The process with PID 29620 (child process of PID 12552) has been terminated.


    Error: browserContext.newPage: Test timeout of 30000ms exceeded.
]]>
</failure>
</testcase>
<testcase name="Google OAuth Flows › Role Selection Page › should allow selecting massage therapist role" classname="oauth-flows.spec.js" time="39.127">
<failure message="oauth-flows.spec.js:156:5 should allow selecting massage therapist role" type="FAILURE">
<![CDATA[  [firefox] › oauth-flows.spec.js:156:5 › Google OAuth Flows › Role Selection Page › should allow selecting massage therapist role 

    Test timeout of 30000ms exceeded while running "beforeEach" hook.

      3 | test.describe('Google OAuth Flows', () => {
      4 |   
    > 5 |   test.beforeEach(async ({ page }) => {
        |        ^
      6 |     // Clear session storage before each test
      7 |     await page.goto('/');
      8 |     await page.evaluate(() => {
        at C:\Users\rayma\Desktop\New folder\peer-care-connect\tests\oauth-flows.spec.js:5:8

    attachment #1: video (video/webm) ──────────────────────────────────────────────────────────────
    ..\test-results\oauth-flows-Google-OAuth-F-f3eb6-ting-massage-therapist-role-firefox\video.webm
    ────────────────────────────────────────────────────────────────────────────────────────────────

    Error Context: ..\test-results\oauth-flows-Google-OAuth-F-f3eb6-ting-massage-therapist-role-firefox\error-context.md
]]>
</failure>
<system-out>
<![CDATA[
[[ATTACHMENT|test-results\oauth-flows-Google-OAuth-F-f3eb6-ting-massage-therapist-role-firefox\video.webm]]

[[ATTACHMENT|test-results\oauth-flows-Google-OAuth-F-f3eb6-ting-massage-therapist-role-firefox\error-context.md]]
]]>
</system-out>
</testcase>
<testcase name="Google OAuth Flows › Role Selection Page › should allow selecting client role" classname="oauth-flows.spec.js" time="60.005">
<failure message="oauth-flows.spec.js:167:5 should allow selecting client role" type="FAILURE">
<![CDATA[  [firefox] › oauth-flows.spec.js:167:5 › Google OAuth Flows › Role Selection Page › should allow selecting client role 

    Test timeout of 30000ms exceeded while running "beforeEach" hook.

      3 | test.describe('Google OAuth Flows', () => {
      4 |   
    > 5 |   test.beforeEach(async ({ page }) => {
        |        ^
      6 |     // Clear session storage before each test
      7 |     await page.goto('/');
      8 |     await page.evaluate(() => {
        at C:\Users\rayma\Desktop\New folder\peer-care-connect\tests\oauth-flows.spec.js:5:8

    Tearing down "context" exceeded the test timeout of 30000ms.

    Error: browserContext.close: Protocol error (Browser.removeBrowserContext): can't access property "_maybeDontRestoreTabs", this._windows[aWindow.__SSi] is undefined

    Error: browserContext.newPage: Test timeout of 30000ms exceeded.
]]>
</failure>
</testcase>
<testcase name="Google OAuth Flows › Navigation and Routing › should navigate to register page" classname="oauth-flows.spec.js" time="60.023">
<failure message="oauth-flows.spec.js:180:5 should navigate to register page" type="FAILURE">
<![CDATA[  [firefox] › oauth-flows.spec.js:180:5 › Google OAuth Flows › Navigation and Routing › should navigate to register page 

    Test timeout of 30000ms exceeded while running "beforeEach" hook.

      3 | test.describe('Google OAuth Flows', () => {
      4 |   
    > 5 |   test.beforeEach(async ({ page }) => {
        |        ^
      6 |     // Clear session storage before each test
      7 |     await page.goto('/');
      8 |     await page.evaluate(() => {
        at C:\Users\rayma\Desktop\New folder\peer-care-connect\tests\oauth-flows.spec.js:5:8

    Tearing down "context" exceeded the test timeout of 30000ms.

    Error: browserContext.close: Protocol error (Browser.removeBrowserContext): can't access property "_maybeDontRestoreTabs", this._windows[aWindow.__SSi] is undefined

    Error: browserContext.newPage: Test timeout of 30000ms exceeded.
]]>
</failure>
</testcase>
<testcase name="Google OAuth Flows › Navigation and Routing › should navigate to login page" classname="oauth-flows.spec.js" time="30.513">
<failure message="oauth-flows.spec.js:185:5 should navigate to login page" type="FAILURE">
<![CDATA[  [firefox] › oauth-flows.spec.js:185:5 › Google OAuth Flows › Navigation and Routing › should navigate to login page 

    Test timeout of 30000ms exceeded while running "beforeEach" hook.

      3 | test.describe('Google OAuth Flows', () => {
      4 |   
    > 5 |   test.beforeEach(async ({ page }) => {
        |        ^
      6 |     // Clear session storage before each test
      7 |     await page.goto('/');
      8 |     await page.evaluate(() => {
        at C:\Users\rayma\Desktop\New folder\peer-care-connect\tests\oauth-flows.spec.js:5:8

    Error: browserContext.close: Protocol error (Browser.removeBrowserContext): can't access property "_maybeDontRestoreTabs", this._windows[aWindow.__SSi] is undefined

    Error: browserContext.newPage: Test timeout of 30000ms exceeded.
]]>
</failure>
</testcase>
<testcase name="Google OAuth Flows › Navigation and Routing › should navigate to role selection page" classname="oauth-flows.spec.js" time="30.211">
<failure message="oauth-flows.spec.js:190:5 should navigate to role selection page" type="FAILURE">
<![CDATA[  [firefox] › oauth-flows.spec.js:190:5 › Google OAuth Flows › Navigation and Routing › should navigate to role selection page 

    Test timeout of 30000ms exceeded while running "beforeEach" hook.

      3 | test.describe('Google OAuth Flows', () => {
      4 |   
    > 5 |   test.beforeEach(async ({ page }) => {
        |        ^
      6 |     // Clear session storage before each test
      7 |     await page.goto('/');
      8 |     await page.evaluate(() => {
        at C:\Users\rayma\Desktop\New folder\peer-care-connect\tests\oauth-flows.spec.js:5:8

    Error: browserContext.close: Protocol error (Browser.removeBrowserContext): can't access property "_maybeDontRestoreTabs", this._windows[aWindow.__SSi] is undefined

    Error: browserContext.newPage: Test timeout of 30000ms exceeded.
]]>
</failure>
</testcase>
<testcase name="Google OAuth Flows › Navigation and Routing › should navigate to onboarding page" classname="oauth-flows.spec.js" time="30.438">
<failure message="oauth-flows.spec.js:195:5 should navigate to onboarding page" type="FAILURE">
<![CDATA[  [firefox] › oauth-flows.spec.js:195:5 › Google OAuth Flows › Navigation and Routing › should navigate to onboarding page 

    Test timeout of 30000ms exceeded while running "beforeEach" hook.

      3 | test.describe('Google OAuth Flows', () => {
      4 |   
    > 5 |   test.beforeEach(async ({ page }) => {
        |        ^
      6 |     // Clear session storage before each test
      7 |     await page.goto('/');
      8 |     await page.evaluate(() => {
        at C:\Users\rayma\Desktop\New folder\peer-care-connect\tests\oauth-flows.spec.js:5:8

    Error: browserContext.close: Protocol error (Browser.removeBrowserContext): can't access property "_maybeDontRestoreTabs", this._windows[aWindow.__SSi] is undefined

    Error: browserContext.newPage: Test timeout of 30000ms exceeded.
]]>
</failure>
</testcase>
<testcase name="Google OAuth Flows › Error Handling › should handle missing session storage gracefully" classname="oauth-flows.spec.js" time="60.024">
<failure message="oauth-flows.spec.js:202:5 should handle missing session storage gracefully" type="FAILURE">
<![CDATA[  [firefox] › oauth-flows.spec.js:202:5 › Google OAuth Flows › Error Handling › should handle missing session storage gracefully 

    Test timeout of 30000ms exceeded while running "beforeEach" hook.

      3 | test.describe('Google OAuth Flows', () => {
      4 |   
    > 5 |   test.beforeEach(async ({ page }) => {
        |        ^
      6 |     // Clear session storage before each test
      7 |     await page.goto('/');
      8 |     await page.evaluate(() => {
        at C:\Users\rayma\Desktop\New folder\peer-care-connect\tests\oauth-flows.spec.js:5:8

    Tearing down "context" exceeded the test timeout of 30000ms.

    Error: browserContext.close: Test timeout of 30000ms exceeded.
    Browser logs:

    <launching> C:\Users\rayma\AppData\Local\ms-playwright\firefox-1490\firefox\firefox.exe -no-remote -wait-for-browser -foreground -profile C:\Users\rayma\AppData\Local\Temp\playwright_firefoxdev_profile-NJiVWh -juggler-pipe -silent
    <launched> pid=26424
    [pid=26424][err] JavaScript warning: resource://services-settings/Utils.sys.mjs, line 116: unreachable code after return statement
    [pid=26424][out] console.warn: services.settings: Ignoring preference override of remote settings server
    [pid=26424][out] console.warn: services.settings: Allow by setting MOZ_REMOTE_SETTINGS_DEVTOOLS=1 in the environment
    [pid=26424][out] 
    [pid=26424][out] Juggler listening to the pipe
    [pid=26424][out] console.error: "Warning: unrecognized command line flag" "-foreground"
    [pid=26424][err] JavaScript error: chrome://juggler/content/Helper.js, line 82: NS_ERROR_FAILURE: Component returned failure code: 0x80004005 (NS_ERROR_FAILURE) [nsIWebProgress.removeProgressListener]
    [pid=26424] <gracefully close start>
    [pid=26424] <kill>
    [pid=26424] <will force kill>
    [pid=26424] taskkill stdout: SUCCESS: The process with PID 35576 (child process of PID 18508) has been terminated.
    SUCCESS: The process with PID 18524 (child process of PID 18508) has been terminated.
    SUCCESS: The process with PID 41652 (child process of PID 18508) has been terminated.
    SUCCESS: The process with PID 9308 (child process of PID 18508) has been terminated.
    SUCCESS: The process with PID 20576 (child process of PID 18508) has been terminated.
    SUCCESS: The process with PID 18508 (child process of PID 26424) has been terminated.
    SUCCESS: The process with PID 26424 (child process of PID 39676) has been terminated.


    Error: browserContext.newPage: Test timeout of 30000ms exceeded.
]]>
</failure>
</testcase>
<testcase name="Google OAuth Flows › Error Handling › should display error messages for failed operations" classname="oauth-flows.spec.js" time="30.841">
<failure message="oauth-flows.spec.js:215:5 should display error messages for failed operations" type="FAILURE">
<![CDATA[  [firefox] › oauth-flows.spec.js:215:5 › Google OAuth Flows › Error Handling › should display error messages for failed operations 

    Test timeout of 30000ms exceeded while running "beforeEach" hook.

      3 | test.describe('Google OAuth Flows', () => {
      4 |   
    > 5 |   test.beforeEach(async ({ page }) => {
        |        ^
      6 |     // Clear session storage before each test
      7 |     await page.goto('/');
      8 |     await page.evaluate(() => {
        at C:\Users\rayma\Desktop\New folder\peer-care-connect\tests\oauth-flows.spec.js:5:8

    Error: page.goto: Test timeout of 30000ms exceeded.
    Call log:
      - navigating to "https://theramate-l3h8xe50o-theras-projects-6dfd5a34.vercel.app/", waiting until "load"


       5 |   test.beforeEach(async ({ page }) => {
       6 |     // Clear session storage before each test
    >  7 |     await page.goto('/');
         |                ^
       8 |     await page.evaluate(() => {
       9 |       sessionStorage.clear();
      10 |       localStorage.clear();
        at C:\Users\rayma\Desktop\New folder\peer-care-connect\tests\oauth-flows.spec.js:7:16

    attachment #1: screenshot (image/png) ──────────────────────────────────────────────────────────
    ..\test-results\oauth-flows-Google-OAuth-F-55128-sages-for-failed-operations-firefox\test-failed-1.png
    ────────────────────────────────────────────────────────────────────────────────────────────────

    attachment #2: video (video/webm) ──────────────────────────────────────────────────────────────
    ..\test-results\oauth-flows-Google-OAuth-F-55128-sages-for-failed-operations-firefox\video.webm
    ────────────────────────────────────────────────────────────────────────────────────────────────

    Error Context: ..\test-results\oauth-flows-Google-OAuth-F-55128-sages-for-failed-operations-firefox\error-context.md
]]>
</failure>
<system-out>
<![CDATA[
[[ATTACHMENT|test-results\oauth-flows-Google-OAuth-F-55128-sages-for-failed-operations-firefox\test-failed-1.png]]

[[ATTACHMENT|test-results\oauth-flows-Google-OAuth-F-55128-sages-for-failed-operations-firefox\video.webm]]

[[ATTACHMENT|test-results\oauth-flows-Google-OAuth-F-55128-sages-for-failed-operations-firefox\error-context.md]]
]]>
</system-out>
</testcase>
<testcase name="Google OAuth Flows › Mobile Responsiveness › should display OAuth buttons correctly on mobile" classname="oauth-flows.spec.js" time="31.425">
<failure message="oauth-flows.spec.js:231:5 should display OAuth buttons correctly on mobile" type="FAILURE">
<![CDATA[  [firefox] › oauth-flows.spec.js:231:5 › Google OAuth Flows › Mobile Responsiveness › should display OAuth buttons correctly on mobile 

    Test timeout of 30000ms exceeded while running "beforeEach" hook.

      3 | test.describe('Google OAuth Flows', () => {
      4 |   
    > 5 |   test.beforeEach(async ({ page }) => {
        |        ^
      6 |     // Clear session storage before each test
      7 |     await page.goto('/');
      8 |     await page.evaluate(() => {
        at C:\Users\rayma\Desktop\New folder\peer-care-connect\tests\oauth-flows.spec.js:5:8

    Error: page.goto: Test timeout of 30000ms exceeded.
    Call log:
      - navigating to "https://theramate-l3h8xe50o-theras-projects-6dfd5a34.vercel.app/", waiting until "load"


       5 |   test.beforeEach(async ({ page }) => {
       6 |     // Clear session storage before each test
    >  7 |     await page.goto('/');
         |                ^
       8 |     await page.evaluate(() => {
       9 |       sessionStorage.clear();
      10 |       localStorage.clear();
        at C:\Users\rayma\Desktop\New folder\peer-care-connect\tests\oauth-flows.spec.js:7:16

    attachment #1: screenshot (image/png) ──────────────────────────────────────────────────────────
    ..\test-results\oauth-flows-Google-OAuth-F-3b8f9-buttons-correctly-on-mobile-firefox\test-failed-1.png
    ────────────────────────────────────────────────────────────────────────────────────────────────

    attachment #2: video (video/webm) ──────────────────────────────────────────────────────────────
    ..\test-results\oauth-flows-Google-OAuth-F-3b8f9-buttons-correctly-on-mobile-firefox\video.webm
    ────────────────────────────────────────────────────────────────────────────────────────────────

    Error Context: ..\test-results\oauth-flows-Google-OAuth-F-3b8f9-buttons-correctly-on-mobile-firefox\error-context.md
]]>
</failure>
<system-out>
<![CDATA[
[[ATTACHMENT|test-results\oauth-flows-Google-OAuth-F-3b8f9-buttons-correctly-on-mobile-firefox\test-failed-1.png]]

[[ATTACHMENT|test-results\oauth-flows-Google-OAuth-F-3b8f9-buttons-correctly-on-mobile-firefox\video.webm]]

[[ATTACHMENT|test-results\oauth-flows-Google-OAuth-F-3b8f9-buttons-correctly-on-mobile-firefox\error-context.md]]
]]>
</system-out>
</testcase>
<testcase name="Google OAuth Flows › Mobile Responsiveness › should display role selection correctly on mobile" classname="oauth-flows.spec.js" time="31.088">
<failure message="oauth-flows.spec.js:245:5 should display role selection correctly on mobile" type="FAILURE">
<![CDATA[  [firefox] › oauth-flows.spec.js:245:5 › Google OAuth Flows › Mobile Responsiveness › should display role selection correctly on mobile 

    Test timeout of 30000ms exceeded while running "beforeEach" hook.

      3 | test.describe('Google OAuth Flows', () => {
      4 |   
    > 5 |   test.beforeEach(async ({ page }) => {
        |        ^
      6 |     // Clear session storage before each test
      7 |     await page.goto('/');
      8 |     await page.evaluate(() => {
        at C:\Users\rayma\Desktop\New folder\peer-care-connect\tests\oauth-flows.spec.js:5:8

    Error: browserContext.newPage: Test timeout of 30000ms exceeded.
]]>
</failure>
</testcase>
</testsuite>
<testsuite name="oauth-flows.spec.js" timestamp="2025-09-22T19:55:51.425Z" hostname="webkit" tests="21" failures="12" skipped="0" time="321.449" errors="0">
<testcase name="Google OAuth Flows › Client OAuth Flow › should display client Google OAuth button on register page" classname="oauth-flows.spec.js" time="4.877">
</testcase>
<testcase name="Google OAuth Flows › Client OAuth Flow › should set intendedRole to client when clicking client button" classname="oauth-flows.spec.js" time="31.22">
<failure message="oauth-flows.spec.js:27:5 should set intendedRole to client when clicking client button" type="FAILURE">
<![CDATA[  [webkit] › oauth-flows.spec.js:27:5 › Google OAuth Flows › Client OAuth Flow › should set intendedRole to client when clicking client button 

    Test timeout of 30000ms exceeded.

    Error: locator.click: Test timeout of 30000ms exceeded.
    Call log:
      - waiting for locator('button:has-text("Continue with Google as Client")')
        - locator resolved to <button type="button" class="inline-flex items-center justify-center gap-2 whitespace-nowrap rounded-md text-sm font-medium ring-offset-background transition-wellness focus-visible:outline-none focus-visible:ring-2 focus-visible:ring-ring focus-visible:ring-offset-2 disabled:pointer-events-none disabled:opacity-50 [&_svg]:pointer-events-none [&_svg]:size-4 [&_svg]:shrink-0 border border-border bg-background hover:bg-accent hover:text-accent-foreground h-11 px-4 py-2 w-full">…</button>
      - attempting click action
        2 × waiting for element to be visible, enabled and stable
          - element is visible, enabled and stable
          - scrolling into view if needed
          - done scrolling
          - <div class="p-4 sm:p-5">…</div> from <div class="fixed inset-x-0 bottom-0 z-50 p-3 sm:p-4">…</div> subtree intercepts pointer events
        - retrying click action
        - waiting 20ms
        2 × waiting for element to be visible, enabled and stable
          - element is visible, enabled and stable
          - scrolling into view if needed
          - done scrolling
          - <div class="p-4 sm:p-5">…</div> from <div class="fixed inset-x-0 bottom-0 z-50 p-3 sm:p-4">…</div> subtree intercepts pointer events
        - retrying click action
          - waiting 100ms
        16 × waiting for element to be visible, enabled and stable
           - element is visible, enabled and stable
           - scrolling into view if needed
           - done scrolling
           - <div class="p-4 sm:p-5">…</div> from <div class="fixed inset-x-0 bottom-0 z-50 p-3 sm:p-4">…</div> subtree intercepts pointer events
         - retrying click action
           - waiting 500ms


      30 |       // Click the client Google OAuth button
      31 |       const clientButton = page.locator('button:has-text("Continue with Google as Client")');
    > 32 |       await clientButton.click();
         |                          ^
      33 |       
      34 |       // Check if intendedRole is set in sessionStorage
      35 |       const intendedRole = await page.evaluate(() => {
        at C:\Users\rayma\Desktop\New folder\peer-care-connect\tests\oauth-flows.spec.js:32:26

    attachment #1: screenshot (image/png) ──────────────────────────────────────────────────────────
    ..\test-results\oauth-flows-Google-OAuth-F-17126-when-clicking-client-button-webkit\test-failed-1.png
    ────────────────────────────────────────────────────────────────────────────────────────────────

    attachment #2: video (video/webm) ──────────────────────────────────────────────────────────────
    ..\test-results\oauth-flows-Google-OAuth-F-17126-when-clicking-client-button-webkit\video.webm
    ────────────────────────────────────────────────────────────────────────────────────────────────

    Error Context: ..\test-results\oauth-flows-Google-OAuth-F-17126-when-clicking-client-button-webkit\error-context.md
]]>
</failure>
<system-out>
<![CDATA[
[[ATTACHMENT|test-results\oauth-flows-Google-OAuth-F-17126-when-clicking-client-button-webkit\test-failed-1.png]]

[[ATTACHMENT|test-results\oauth-flows-Google-OAuth-F-17126-when-clicking-client-button-webkit\video.webm]]

[[ATTACHMENT|test-results\oauth-flows-Google-OAuth-F-17126-when-clicking-client-button-webkit\error-context.md]]
]]>
</system-out>
</testcase>
<testcase name="Google OAuth Flows › Client OAuth Flow › should display client Google OAuth button on login page" classname="oauth-flows.spec.js" time="8.633">
</testcase>
<testcase name="Google OAuth Flows › Client OAuth Flow › should set intendedRole to client when clicking client button on login" classname="oauth-flows.spec.js" time="30.465">
<failure message="oauth-flows.spec.js:54:5 should set intendedRole to client when clicking client button on login" type="FAILURE">
<![CDATA[  [webkit] › oauth-flows.spec.js:54:5 › Google OAuth Flows › Client OAuth Flow › should set intendedRole to client when clicking client button on login 

    Test timeout of 30000ms exceeded.

    Error: locator.click: Test timeout of 30000ms exceeded.
    Call log:
      - waiting for locator('button:has-text("Continue with Google as Client")')
        - locator resolved to <button class="inline-flex items-center justify-center gap-2 whitespace-nowrap rounded-md text-sm font-medium ring-offset-background transition-wellness focus-visible:outline-none focus-visible:ring-2 focus-visible:ring-ring focus-visible:ring-offset-2 disabled:pointer-events-none disabled:opacity-50 [&_svg]:pointer-events-none [&_svg]:size-4 [&_svg]:shrink-0 border border-border bg-background hover:bg-accent hover:text-accent-foreground h-11 px-4 py-2 w-full">…</button>
      - attempting click action
        2 × waiting for element to be visible, enabled and stable
          - element is visible, enabled and stable
          - scrolling into view if needed
          - done scrolling
          - <h3 class="font-semibold mb-1">Cookies & Privacy</h3> from <div class="fixed inset-x-0 bottom-0 z-50 p-3 sm:p-4">…</div> subtree intercepts pointer events
        - retrying click action
        - waiting 20ms
        2 × waiting for element to be visible, enabled and stable
          - element is visible, enabled and stable
          - scrolling into view if needed
          - done scrolling
          - <h3 class="font-semibold mb-1">Cookies & Privacy</h3> from <div class="fixed inset-x-0 bottom-0 z-50 p-3 sm:p-4">…</div> subtree intercepts pointer events
        - retrying click action
          - waiting 100ms
        19 × waiting for element to be visible, enabled and stable
           - element is visible, enabled and stable
           - scrolling into view if needed
           - done scrolling
           - <h3 class="font-semibold mb-1">Cookies & Privacy</h3> from <div class="fixed inset-x-0 bottom-0 z-50 p-3 sm:p-4">…</div> subtree intercepts pointer events
         - retrying click action
           - waiting 500ms
        - waiting for element to be visible, enabled and stable


      57 |       // Click the client Google OAuth button
      58 |       const clientButton = page.locator('button:has-text("Continue with Google as Client")');
    > 59 |       await clientButton.click();
         |                          ^
      60 |       
      61 |       // Check if intendedRole is set in sessionStorage
      62 |       const intendedRole = await page.evaluate(() => {
        at C:\Users\rayma\Desktop\New folder\peer-care-connect\tests\oauth-flows.spec.js:59:26

    attachment #1: screenshot (image/png) ──────────────────────────────────────────────────────────
    ..\test-results\oauth-flows-Google-OAuth-F-1ac5a-king-client-button-on-login-webkit\test-failed-1.png
    ────────────────────────────────────────────────────────────────────────────────────────────────

    attachment #2: video (video/webm) ──────────────────────────────────────────────────────────────
    ..\test-results\oauth-flows-Google-OAuth-F-1ac5a-king-client-button-on-login-webkit\video.webm
    ────────────────────────────────────────────────────────────────────────────────────────────────

    Error Context: ..\test-results\oauth-flows-Google-OAuth-F-1ac5a-king-client-button-on-login-webkit\error-context.md
]]>
</failure>
<system-out>
<![CDATA[
[[ATTACHMENT|test-results\oauth-flows-Google-OAuth-F-1ac5a-king-client-button-on-login-webkit\test-failed-1.png]]

[[ATTACHMENT|test-results\oauth-flows-Google-OAuth-F-1ac5a-king-client-button-on-login-webkit\video.webm]]

[[ATTACHMENT|test-results\oauth-flows-Google-OAuth-F-1ac5a-king-client-button-on-login-webkit\error-context.md]]
]]>
</system-out>
</testcase>
<testcase name="Google OAuth Flows › Practitioner OAuth Flow › should display practitioner Google OAuth button on register page" classname="oauth-flows.spec.js" time="19.169">
</testcase>
<testcase name="Google OAuth Flows › Practitioner OAuth Flow › should set intendedRole to practitioner when clicking practitioner button" classname="oauth-flows.spec.js" time="30.228">
<failure message="oauth-flows.spec.js:79:5 should set intendedRole to practitioner when clicking practitioner button" type="FAILURE">
<![CDATA[  [webkit] › oauth-flows.spec.js:79:5 › Google OAuth Flows › Practitioner OAuth Flow › should set intendedRole to practitioner when clicking practitioner button 

    Test timeout of 30000ms exceeded.

    Error: locator.click: Test timeout of 30000ms exceeded.
    Call log:
      - waiting for locator('button:has-text("Continue with Google as Practitioner")')
        - locator resolved to <button type="button" class="inline-flex items-center justify-center gap-2 whitespace-nowrap rounded-md text-sm font-medium ring-offset-background transition-wellness focus-visible:outline-none focus-visible:ring-2 focus-visible:ring-ring focus-visible:ring-offset-2 disabled:pointer-events-none disabled:opacity-50 [&_svg]:pointer-events-none [&_svg]:size-4 [&_svg]:shrink-0 border border-border bg-background hover:bg-accent hover:text-accent-foreground h-11 px-4 py-2 w-full">…</button>
      - attempting click action
        2 × waiting for element to be visible, enabled and stable
          - element is visible, enabled and stable
          - scrolling into view if needed
          - done scrolling
          - <p class="text-sm text-muted-foreground">We use essential cookies to make our site work. W…</p> from <div class="fixed inset-x-0 bottom-0 z-50 p-3 sm:p-4">…</div> subtree intercepts pointer events
        - retrying click action
        - waiting 20ms
        2 × waiting for element to be visible, enabled and stable
          - element is visible, enabled and stable
          - scrolling into view if needed
          - done scrolling
          - <p class="text-sm text-muted-foreground">We use essential cookies to make our site work. W…</p> from <div class="fixed inset-x-0 bottom-0 z-50 p-3 sm:p-4">…</div> subtree intercepts pointer events
        - retrying click action
          - waiting 100ms
        30 × waiting for element to be visible, enabled and stable
           - element is visible, enabled and stable
           - scrolling into view if needed
           - done scrolling
           - <p class="text-sm text-muted-foreground">We use essential cookies to make our site work. W…</p> from <div class="fixed inset-x-0 bottom-0 z-50 p-3 sm:p-4">…</div> subtree intercepts pointer events
         - retrying click action
           - waiting 500ms
        - waiting for element to be visible, enabled and stable


      82 |       // Click the practitioner Google OAuth button
      83 |       const practitionerButton = page.locator('button:has-text("Continue with Google as Practitioner")');
    > 84 |       await practitionerButton.click();
         |                                ^
      85 |       
      86 |       // Check if intendedRole is set in sessionStorage
      87 |       const intendedRole = await page.evaluate(() => {
        at C:\Users\rayma\Desktop\New folder\peer-care-connect\tests\oauth-flows.spec.js:84:32

    attachment #1: screenshot (image/png) ──────────────────────────────────────────────────────────
    ..\test-results\oauth-flows-Google-OAuth-F-72993-licking-practitioner-button-webkit\test-failed-1.png
    ────────────────────────────────────────────────────────────────────────────────────────────────

    attachment #2: video (video/webm) ──────────────────────────────────────────────────────────────
    ..\test-results\oauth-flows-Google-OAuth-F-72993-licking-practitioner-button-webkit\video.webm
    ────────────────────────────────────────────────────────────────────────────────────────────────

    Error Context: ..\test-results\oauth-flows-Google-OAuth-F-72993-licking-practitioner-button-webkit\error-context.md
]]>
</failure>
<system-out>
<![CDATA[
[[ATTACHMENT|test-results\oauth-flows-Google-OAuth-F-72993-licking-practitioner-button-webkit\test-failed-1.png]]

[[ATTACHMENT|test-results\oauth-flows-Google-OAuth-F-72993-licking-practitioner-button-webkit\video.webm]]

[[ATTACHMENT|test-results\oauth-flows-Google-OAuth-F-72993-licking-practitioner-button-webkit\error-context.md]]
]]>
</system-out>
</testcase>
<testcase name="Google OAuth Flows › Practitioner OAuth Flow › should display practitioner Google OAuth button on login page" classname="oauth-flows.spec.js" time="2.106">
</testcase>
<testcase name="Google OAuth Flows › Practitioner OAuth Flow › should set intendedRole to practitioner when clicking practitioner button on login" classname="oauth-flows.spec.js" time="30.284">
<failure message="oauth-flows.spec.js:102:5 should set intendedRole to practitioner when clicking practitioner button on login" type="FAILURE">
<![CDATA[  [webkit] › oauth-flows.spec.js:102:5 › Google OAuth Flows › Practitioner OAuth Flow › should set intendedRole to practitioner when clicking practitioner button on login 

    Test timeout of 30000ms exceeded.

    Error: locator.click: Test timeout of 30000ms exceeded.
    Call log:
      - waiting for locator('button:has-text("Continue with Google as Practitioner")')
        - locator resolved to <button class="inline-flex items-center justify-center gap-2 whitespace-nowrap rounded-md text-sm font-medium ring-offset-background transition-wellness focus-visible:outline-none focus-visible:ring-2 focus-visible:ring-ring focus-visible:ring-offset-2 disabled:pointer-events-none disabled:opacity-50 [&_svg]:pointer-events-none [&_svg]:size-4 [&_svg]:shrink-0 border border-border bg-background hover:bg-accent hover:text-accent-foreground h-11 px-4 py-2 w-full">…</button>
      - attempting click action
        2 × waiting for element to be visible, enabled and stable
          - element is visible, enabled and stable
          - scrolling into view if needed
          - done scrolling
          - <p class="text-sm text-muted-foreground">We use essential cookies to make our site work. W…</p> from <div class="fixed inset-x-0 bottom-0 z-50 p-3 sm:p-4">…</div> subtree intercepts pointer events
        - retrying click action
        - waiting 20ms
        2 × waiting for element to be visible, enabled and stable
          - element is visible, enabled and stable
          - scrolling into view if needed
          - done scrolling
          - <p class="text-sm text-muted-foreground">We use essential cookies to make our site work. W…</p> from <div class="fixed inset-x-0 bottom-0 z-50 p-3 sm:p-4">…</div> subtree intercepts pointer events
        - retrying click action
          - waiting 100ms
        32 × waiting for element to be visible, enabled and stable
           - element is visible, enabled and stable
           - scrolling into view if needed
           - done scrolling
           - <p class="text-sm text-muted-foreground">We use essential cookies to make our site work. W…</p> from <div class="fixed inset-x-0 bottom-0 z-50 p-3 sm:p-4">…</div> subtree intercepts pointer events
         - retrying click action
           - waiting 500ms


      105 |       // Click the practitioner Google OAuth button
      106 |       const practitionerButton = page.locator('button:has-text("Continue with Google as Practitioner")');
    > 107 |       await practitionerButton.click();
          |                                ^
      108 |       
      109 |       // Check if intendedRole is set in sessionStorage
      110 |       const intendedRole = await page.evaluate(() => {
        at C:\Users\rayma\Desktop\New folder\peer-care-connect\tests\oauth-flows.spec.js:107:32

    attachment #1: screenshot (image/png) ──────────────────────────────────────────────────────────
    ..\test-results\oauth-flows-Google-OAuth-F-f72be-ractitioner-button-on-login-webkit\test-failed-1.png
    ────────────────────────────────────────────────────────────────────────────────────────────────

    attachment #2: video (video/webm) ──────────────────────────────────────────────────────────────
    ..\test-results\oauth-flows-Google-OAuth-F-f72be-ractitioner-button-on-login-webkit\video.webm
    ────────────────────────────────────────────────────────────────────────────────────────────────

    Error Context: ..\test-results\oauth-flows-Google-OAuth-F-f72be-ractitioner-button-on-login-webkit\error-context.md
]]>
</failure>
<system-out>
<![CDATA[
[[ATTACHMENT|test-results\oauth-flows-Google-OAuth-F-f72be-ractitioner-button-on-login-webkit\test-failed-1.png]]

[[ATTACHMENT|test-results\oauth-flows-Google-OAuth-F-f72be-ractitioner-button-on-login-webkit\video.webm]]

[[ATTACHMENT|test-results\oauth-flows-Google-OAuth-F-f72be-ractitioner-button-on-login-webkit\error-context.md]]
]]>
</system-out>
</testcase>
<testcase name="Google OAuth Flows › Role Selection Page › should display role selection options for practitioners" classname="oauth-flows.spec.js" time="6.867">
<failure message="oauth-flows.spec.js:119:5 should display role selection options for practitioners" type="FAILURE">
<![CDATA[  [webkit] › oauth-flows.spec.js:119:5 › Google OAuth Flows › Role Selection Page › should display role selection options for practitioners 

    Error: expect(locator).toBeVisible() failed

    Locator:  locator('input[value="osteopath"]')
    Expected: visible
    Received: <element(s) not found>
    Timeout:  5000ms

    Call log:
      - Expect "toBeVisible" with timeout 5000ms
      - waiting for locator('input[value="osteopath"]')


      126 |       const clientOption = page.locator('input[value="client"]');
      127 |       
    > 128 |       await expect(osteopathOption).toBeVisible();
          |                                     ^
      129 |       await expect(sportsTherapistOption).toBeVisible();
      130 |       await expect(massageTherapistOption).toBeVisible();
      131 |       await expect(clientOption).toBeVisible();
        at C:\Users\rayma\Desktop\New folder\peer-care-connect\tests\oauth-flows.spec.js:128:37

    attachment #1: screenshot (image/png) ──────────────────────────────────────────────────────────
    ..\test-results\oauth-flows-Google-OAuth-F-f8f73-n-options-for-practitioners-webkit\test-failed-1.png
    ────────────────────────────────────────────────────────────────────────────────────────────────

    attachment #2: video (video/webm) ──────────────────────────────────────────────────────────────
    ..\test-results\oauth-flows-Google-OAuth-F-f8f73-n-options-for-practitioners-webkit\video.webm
    ────────────────────────────────────────────────────────────────────────────────────────────────

    Error Context: ..\test-results\oauth-flows-Google-OAuth-F-f8f73-n-options-for-practitioners-webkit\error-context.md
]]>
</failure>
<system-out>
<![CDATA[
[[ATTACHMENT|test-results\oauth-flows-Google-OAuth-F-f8f73-n-options-for-practitioners-webkit\test-failed-1.png]]

[[ATTACHMENT|test-results\oauth-flows-Google-OAuth-F-f8f73-n-options-for-practitioners-webkit\video.webm]]

[[ATTACHMENT|test-results\oauth-flows-Google-OAuth-F-f8f73-n-options-for-practitioners-webkit\error-context.md]]
]]>
</system-out>
</testcase>
<testcase name="Google OAuth Flows › Role Selection Page › should allow selecting osteopath role" classname="oauth-flows.spec.js" time="30.307">
<failure message="oauth-flows.spec.js:134:5 should allow selecting osteopath role" type="FAILURE">
<![CDATA[  [webkit] › oauth-flows.spec.js:134:5 › Google OAuth Flows › Role Selection Page › should allow selecting osteopath role 

    Test timeout of 30000ms exceeded.

    Error: locator.check: Test timeout of 30000ms exceeded.
    Call log:
      - waiting for locator('input[value="osteopath"]')


      137 |       // Select osteopath role
      138 |       const osteopathOption = page.locator('input[value="osteopath"]');
    > 139 |       await osteopathOption.check();
          |                             ^
      140 |       
      141 |       // Verify selection
      142 |       await expect(osteopathOption).toBeChecked();
        at C:\Users\rayma\Desktop\New folder\peer-care-connect\tests\oauth-flows.spec.js:139:29

    attachment #1: screenshot (image/png) ──────────────────────────────────────────────────────────
    ..\test-results\oauth-flows-Google-OAuth-F-ace1f-ow-selecting-osteopath-role-webkit\test-failed-1.png
    ────────────────────────────────────────────────────────────────────────────────────────────────

    attachment #2: video (video/webm) ──────────────────────────────────────────────────────────────
    ..\test-results\oauth-flows-Google-OAuth-F-ace1f-ow-selecting-osteopath-role-webkit\video.webm
    ────────────────────────────────────────────────────────────────────────────────────────────────

    Error Context: ..\test-results\oauth-flows-Google-OAuth-F-ace1f-ow-selecting-osteopath-role-webkit\error-context.md
]]>
</failure>
<system-out>
<![CDATA[
[[ATTACHMENT|test-results\oauth-flows-Google-OAuth-F-ace1f-ow-selecting-osteopath-role-webkit\test-failed-1.png]]

[[ATTACHMENT|test-results\oauth-flows-Google-OAuth-F-ace1f-ow-selecting-osteopath-role-webkit\video.webm]]

[[ATTACHMENT|test-results\oauth-flows-Google-OAuth-F-ace1f-ow-selecting-osteopath-role-webkit\error-context.md]]
]]>
</system-out>
</testcase>
<testcase name="Google OAuth Flows › Role Selection Page › should allow selecting sports therapist role" classname="oauth-flows.spec.js" time="30.279">
<failure message="oauth-flows.spec.js:145:5 should allow selecting sports therapist role" type="FAILURE">
<![CDATA[  [webkit] › oauth-flows.spec.js:145:5 › Google OAuth Flows › Role Selection Page › should allow selecting sports therapist role 

    Test timeout of 30000ms exceeded.

    Error: locator.check: Test timeout of 30000ms exceeded.
    Call log:
      - waiting for locator('input[value="sports_therapist"]')


      148 |       // Select sports therapist role
      149 |       const sportsTherapistOption = page.locator('input[value="sports_therapist"]');
    > 150 |       await sportsTherapistOption.check();
          |                                   ^
      151 |       
      152 |       // Verify selection
      153 |       await expect(sportsTherapistOption).toBeChecked();
        at C:\Users\rayma\Desktop\New folder\peer-care-connect\tests\oauth-flows.spec.js:150:35

    attachment #1: screenshot (image/png) ──────────────────────────────────────────────────────────
    ..\test-results\oauth-flows-Google-OAuth-F-a27c5-cting-sports-therapist-role-webkit\test-failed-1.png
    ────────────────────────────────────────────────────────────────────────────────────────────────

    attachment #2: video (video/webm) ──────────────────────────────────────────────────────────────
    ..\test-results\oauth-flows-Google-OAuth-F-a27c5-cting-sports-therapist-role-webkit\video.webm
    ────────────────────────────────────────────────────────────────────────────────────────────────

    Error Context: ..\test-results\oauth-flows-Google-OAuth-F-a27c5-cting-sports-therapist-role-webkit\error-context.md
]]>
</failure>
<system-out>
<![CDATA[
[[ATTACHMENT|test-results\oauth-flows-Google-OAuth-F-a27c5-cting-sports-therapist-role-webkit\test-failed-1.png]]

[[ATTACHMENT|test-results\oauth-flows-Google-OAuth-F-a27c5-cting-sports-therapist-role-webkit\video.webm]]

[[ATTACHMENT|test-results\oauth-flows-Google-OAuth-F-a27c5-cting-sports-therapist-role-webkit\error-context.md]]
]]>
</system-out>
</testcase>
<testcase name="Google OAuth Flows › Role Selection Page › should allow selecting massage therapist role" classname="oauth-flows.spec.js" time="30.293">
<failure message="oauth-flows.spec.js:156:5 should allow selecting massage therapist role" type="FAILURE">
<![CDATA[  [webkit] › oauth-flows.spec.js:156:5 › Google OAuth Flows › Role Selection Page › should allow selecting massage therapist role 

    Test timeout of 30000ms exceeded.

    Error: locator.check: Test timeout of 30000ms exceeded.
    Call log:
      - waiting for locator('input[value="massage_therapist"]')


      159 |       // Select massage therapist role
      160 |       const massageTherapistOption = page.locator('input[value="massage_therapist"]');
    > 161 |       await massageTherapistOption.check();
          |                                    ^
      162 |       
      163 |       // Verify selection
      164 |       await expect(massageTherapistOption).toBeChecked();
        at C:\Users\rayma\Desktop\New folder\peer-care-connect\tests\oauth-flows.spec.js:161:36

    attachment #1: screenshot (image/png) ──────────────────────────────────────────────────────────
    ..\test-results\oauth-flows-Google-OAuth-F-f3eb6-ting-massage-therapist-role-webkit\test-failed-1.png
    ────────────────────────────────────────────────────────────────────────────────────────────────

    attachment #2: video (video/webm) ──────────────────────────────────────────────────────────────
    ..\test-results\oauth-flows-Google-OAuth-F-f3eb6-ting-massage-therapist-role-webkit\video.webm
    ────────────────────────────────────────────────────────────────────────────────────────────────

    Error Context: ..\test-results\oauth-flows-Google-OAuth-F-f3eb6-ting-massage-therapist-role-webkit\error-context.md
]]>
</failure>
<system-out>
<![CDATA[
[[ATTACHMENT|test-results\oauth-flows-Google-OAuth-F-f3eb6-ting-massage-therapist-role-webkit\test-failed-1.png]]

[[ATTACHMENT|test-results\oauth-flows-Google-OAuth-F-f3eb6-ting-massage-therapist-role-webkit\video.webm]]

[[ATTACHMENT|test-results\oauth-flows-Google-OAuth-F-f3eb6-ting-massage-therapist-role-webkit\error-context.md]]
]]>
</system-out>
</testcase>
<testcase name="Google OAuth Flows › Role Selection Page › should allow selecting client role" classname="oauth-flows.spec.js" time="30.608">
<failure message="oauth-flows.spec.js:167:5 should allow selecting client role" type="FAILURE">
<![CDATA[  [webkit] › oauth-flows.spec.js:167:5 › Google OAuth Flows › Role Selection Page › should allow selecting client role 

    Test timeout of 30000ms exceeded.

    Error: locator.check: Test timeout of 30000ms exceeded.
    Call log:
      - waiting for locator('input[value="client"]')


      170 |       // Select client role
      171 |       const clientOption = page.locator('input[value="client"]');
    > 172 |       await clientOption.check();
          |                          ^
      173 |       
      174 |       // Verify selection
      175 |       await expect(clientOption).toBeChecked();
        at C:\Users\rayma\Desktop\New folder\peer-care-connect\tests\oauth-flows.spec.js:172:26

    attachment #1: screenshot (image/png) ──────────────────────────────────────────────────────────
    ..\test-results\oauth-flows-Google-OAuth-F-25ce5-allow-selecting-client-role-webkit\test-failed-1.png
    ────────────────────────────────────────────────────────────────────────────────────────────────

    attachment #2: video (video/webm) ──────────────────────────────────────────────────────────────
    ..\test-results\oauth-flows-Google-OAuth-F-25ce5-allow-selecting-client-role-webkit\video.webm
    ────────────────────────────────────────────────────────────────────────────────────────────────

    Error Context: ..\test-results\oauth-flows-Google-OAuth-F-25ce5-allow-selecting-client-role-webkit\error-context.md
]]>
</failure>
<system-out>
<![CDATA[
[[ATTACHMENT|test-results\oauth-flows-Google-OAuth-F-25ce5-allow-selecting-client-role-webkit\test-failed-1.png]]

[[ATTACHMENT|test-results\oauth-flows-Google-OAuth-F-25ce5-allow-selecting-client-role-webkit\video.webm]]

[[ATTACHMENT|test-results\oauth-flows-Google-OAuth-F-25ce5-allow-selecting-client-role-webkit\error-context.md]]
]]>
</system-out>
</testcase>
<testcase name="Google OAuth Flows › Navigation and Routing › should navigate to register page" classname="oauth-flows.spec.js" time="2.627">
</testcase>
<testcase name="Google OAuth Flows › Navigation and Routing › should navigate to login page" classname="oauth-flows.spec.js" time="2.081">
</testcase>
<testcase name="Google OAuth Flows › Navigation and Routing › should navigate to role selection page" classname="oauth-flows.spec.js" time="8.042">
<failure message="oauth-flows.spec.js:190:5 should navigate to role selection page" type="FAILURE">
<![CDATA[  [webkit] › oauth-flows.spec.js:190:5 › Google OAuth Flows › Navigation and Routing › should navigate to role selection page 

    Error: expect(page).toHaveURL(expected) failed

    Expected pattern: /.*role-selection/
    Received string:  "https://theramate-l3h8xe50o-theras-projects-6dfd5a34.vercel.app/login"
    Timeout: 5000ms

    Call log:
      - Expect "toHaveURL" with timeout 5000ms
        7 × unexpected value "https://theramate-l3h8xe50o-theras-projects-6dfd5a34.vercel.app/login"


      190 |     test('should navigate to role selection page', async ({ page }) => {
      191 |       await page.goto('/auth/role-selection');
    > 192 |       await expect(page).toHaveURL(/.*role-selection/);
          |                          ^
      193 |     });
      194 |
      195 |     test('should navigate to onboarding page', async ({ page }) => {
        at C:\Users\rayma\Desktop\New folder\peer-care-connect\tests\oauth-flows.spec.js:192:26

    attachment #1: screenshot (image/png) ──────────────────────────────────────────────────────────
    ..\test-results\oauth-flows-Google-OAuth-F-dbb63-gate-to-role-selection-page-webkit\test-failed-1.png
    ────────────────────────────────────────────────────────────────────────────────────────────────

    attachment #2: video (video/webm) ──────────────────────────────────────────────────────────────
    ..\test-results\oauth-flows-Google-OAuth-F-dbb63-gate-to-role-selection-page-webkit\video.webm
    ────────────────────────────────────────────────────────────────────────────────────────────────

    Error Context: ..\test-results\oauth-flows-Google-OAuth-F-dbb63-gate-to-role-selection-page-webkit\error-context.md
]]>
</failure>
<system-out>
<![CDATA[
[[ATTACHMENT|test-results\oauth-flows-Google-OAuth-F-dbb63-gate-to-role-selection-page-webkit\test-failed-1.png]]

[[ATTACHMENT|test-results\oauth-flows-Google-OAuth-F-dbb63-gate-to-role-selection-page-webkit\video.webm]]

[[ATTACHMENT|test-results\oauth-flows-Google-OAuth-F-dbb63-gate-to-role-selection-page-webkit\error-context.md]]
]]>
</system-out>
</testcase>
<testcase name="Google OAuth Flows › Navigation and Routing › should navigate to onboarding page" classname="oauth-flows.spec.js" time="2.093">
</testcase>
<testcase name="Google OAuth Flows › Error Handling › should handle missing session storage gracefully" classname="oauth-flows.spec.js" time="9.915">
<failure message="oauth-flows.spec.js:202:5 should handle missing session storage gracefully" type="FAILURE">
<![CDATA[  [webkit] › oauth-flows.spec.js:202:5 › Google OAuth Flows › Error Handling › should handle missing session storage gracefully 

    Error: expect(page).toHaveURL(expected) failed

    Expected pattern: /.*role-selection/
    Received string:  "https://theramate-l3h8xe50o-theras-projects-6dfd5a34.vercel.app/login"
    Timeout: 5000ms

    Call log:
      - Expect "toHaveURL" with timeout 5000ms
        6 × unexpected value "https://theramate-l3h8xe50o-theras-projects-6dfd5a34.vercel.app/login"


      210 |       
      211 |       // Page should still load
    > 212 |       await expect(page).toHaveURL(/.*role-selection/);
          |                          ^
      213 |     });
      214 |
      215 |     test('should display error messages for failed operations', async ({ page }) => {
        at C:\Users\rayma\Desktop\New folder\peer-care-connect\tests\oauth-flows.spec.js:212:26

    attachment #1: screenshot (image/png) ──────────────────────────────────────────────────────────
    ..\test-results\oauth-flows-Google-OAuth-F-b3487--session-storage-gracefully-webkit\test-failed-1.png
    ────────────────────────────────────────────────────────────────────────────────────────────────

    attachment #2: video (video/webm) ──────────────────────────────────────────────────────────────
    ..\test-results\oauth-flows-Google-OAuth-F-b3487--session-storage-gracefully-webkit\video.webm
    ────────────────────────────────────────────────────────────────────────────────────────────────

    Error Context: ..\test-results\oauth-flows-Google-OAuth-F-b3487--session-storage-gracefully-webkit\error-context.md
]]>
</failure>
<system-out>
<![CDATA[
[[ATTACHMENT|test-results\oauth-flows-Google-OAuth-F-b3487--session-storage-gracefully-webkit\test-failed-1.png]]

[[ATTACHMENT|test-results\oauth-flows-Google-OAuth-F-b3487--session-storage-gracefully-webkit\video.webm]]

[[ATTACHMENT|test-results\oauth-flows-Google-OAuth-F-b3487--session-storage-gracefully-webkit\error-context.md]]
]]>
</system-out>
</testcase>
<testcase name="Google OAuth Flows › Error Handling › should display error messages for failed operations" classname="oauth-flows.spec.js" time="3.219">
</testcase>
<testcase name="Google OAuth Flows › Mobile Responsiveness › should display OAuth buttons correctly on mobile" classname="oauth-flows.spec.js" time="1.148">
</testcase>
<testcase name="Google OAuth Flows › Mobile Responsiveness › should display role selection correctly on mobile" classname="oauth-flows.spec.js" time="6.988">
<failure message="oauth-flows.spec.js:245:5 should display role selection correctly on mobile" type="FAILURE">
<![CDATA[  [webkit] › oauth-flows.spec.js:245:5 › Google OAuth Flows › Mobile Responsiveness › should display role selection correctly on mobile 

    Error: expect(locator).toBeVisible() failed

    Locator:  locator('input[value="osteopath"]')
    Expected: visible
    Received: <element(s) not found>
    Timeout:  5000ms

    Call log:
      - Expect "toBeVisible" with timeout 5000ms
      - waiting for locator('input[value="osteopath"]')


      251 |       // Check if role options are visible on mobile
      252 |       const osteopathOption = page.locator('input[value="osteopath"]');
    > 253 |       await expect(osteopathOption).toBeVisible();
          |                                     ^
      254 |     });
      255 |   });
      256 | });
        at C:\Users\rayma\Desktop\New folder\peer-care-connect\tests\oauth-flows.spec.js:253:37

    attachment #1: screenshot (image/png) ──────────────────────────────────────────────────────────
    ..\test-results\oauth-flows-Google-OAuth-F-c71c4-lection-correctly-on-mobile-webkit\test-failed-1.png
    ────────────────────────────────────────────────────────────────────────────────────────────────

    attachment #2: video (video/webm) ──────────────────────────────────────────────────────────────
    ..\test-results\oauth-flows-Google-OAuth-F-c71c4-lection-correctly-on-mobile-webkit\video.webm
    ────────────────────────────────────────────────────────────────────────────────────────────────

    Error Context: ..\test-results\oauth-flows-Google-OAuth-F-c71c4-lection-correctly-on-mobile-webkit\error-context.md
]]>
</failure>
<system-out>
<![CDATA[
[[ATTACHMENT|test-results\oauth-flows-Google-OAuth-F-c71c4-lection-correctly-on-mobile-webkit\test-failed-1.png]]

[[ATTACHMENT|test-results\oauth-flows-Google-OAuth-F-c71c4-lection-correctly-on-mobile-webkit\video.webm]]

[[ATTACHMENT|test-results\oauth-flows-Google-OAuth-F-c71c4-lection-correctly-on-mobile-webkit\error-context.md]]
]]>
</system-out>
</testcase>
</testsuite>
<testsuite name="oauth-flows.spec.js" timestamp="2025-09-22T19:55:51.425Z" hostname="Mobile Chrome" tests="21" failures="12" skipped="0" time="277.052" errors="0">
<testcase name="Google OAuth Flows › Client OAuth Flow › should display client Google OAuth button on register page" classname="oauth-flows.spec.js" time="6.069">
</testcase>
<testcase name="Google OAuth Flows › Client OAuth Flow › should set intendedRole to client when clicking client button" classname="oauth-flows.spec.js" time="30.617">
<failure message="oauth-flows.spec.js:27:5 should set intendedRole to client when clicking client button" type="FAILURE">
<![CDATA[  [Mobile Chrome] › oauth-flows.spec.js:27:5 › Google OAuth Flows › Client OAuth Flow › should set intendedRole to client when clicking client button 

    Test timeout of 30000ms exceeded.

    Error: locator.click: Test timeout of 30000ms exceeded.
    Call log:
      - waiting for locator('button:has-text("Continue with Google as Client")')
        - locator resolved to <button type="button" class="inline-flex items-center justify-center gap-2 whitespace-nowrap rounded-md text-sm font-medium ring-offset-background transition-wellness focus-visible:outline-none focus-visible:ring-2 focus-visible:ring-ring focus-visible:ring-offset-2 disabled:pointer-events-none disabled:opacity-50 [&_svg]:pointer-events-none [&_svg]:size-4 [&_svg]:shrink-0 border border-border bg-background hover:bg-accent hover:text-accent-foreground h-11 px-4 py-2 w-full">…</button>
      - attempting click action
        2 × waiting for element to be visible, enabled and stable
          - element is visible, enabled and stable
          - scrolling into view if needed
          - done scrolling
          - <div class="flex items-center justify-between border rounded-md p-2">…</div> from <div class="fixed inset-x-0 bottom-0 z-50 p-3 sm:p-4">…</div> subtree intercepts pointer events
        - retrying click action
        - waiting 20ms
        2 × waiting for element to be visible, enabled and stable
          - element is visible, enabled and stable
          - scrolling into view if needed
          - done scrolling
          - <div class="flex items-center justify-between border rounded-md p-2">…</div> from <div class="fixed inset-x-0 bottom-0 z-50 p-3 sm:p-4">…</div> subtree intercepts pointer events
        - retrying click action
          - waiting 100ms
        2 × waiting for element to be visible, enabled and stable
          - element is visible, enabled and stable
          - scrolling into view if needed
          - done scrolling
          - <div class="flex items-center justify-between border rounded-md p-2">…</div> from <div class="fixed inset-x-0 bottom-0 z-50 p-3 sm:p-4">…</div> subtree intercepts pointer events
        - retrying click action
          - waiting 500ms
        45 × waiting for element to be visible, enabled and stable
           - element is visible, enabled and stable
           - scrolling into view if needed
           - done scrolling
           - <iframe class="" width="354px" scrolling="no" height="373px" frameborder="0" src="about:blank" title="chat widget" id="fcc86pecfm5g1758571172815"></iframe> from <div class="widget-visible" id="u48dl193mrms1758571172781">…</div> subtree intercepts pointer events
         - retrying click action
           - waiting 500ms


      30 |       // Click the client Google OAuth button
      31 |       const clientButton = page.locator('button:has-text("Continue with Google as Client")');
    > 32 |       await clientButton.click();
         |                          ^
      33 |       
      34 |       // Check if intendedRole is set in sessionStorage
      35 |       const intendedRole = await page.evaluate(() => {
        at C:\Users\rayma\Desktop\New folder\peer-care-connect\tests\oauth-flows.spec.js:32:26

    attachment #1: screenshot (image/png) ──────────────────────────────────────────────────────────
    ..\test-results\oauth-flows-Google-OAuth-F-17126-when-clicking-client-button-Mobile-Chrome\test-failed-1.png
    ────────────────────────────────────────────────────────────────────────────────────────────────

    attachment #2: video (video/webm) ──────────────────────────────────────────────────────────────
    ..\test-results\oauth-flows-Google-OAuth-F-17126-when-clicking-client-button-Mobile-Chrome\video.webm
    ────────────────────────────────────────────────────────────────────────────────────────────────

    Error Context: ..\test-results\oauth-flows-Google-OAuth-F-17126-when-clicking-client-button-Mobile-Chrome\error-context.md
]]>
</failure>
<system-out>
<![CDATA[
[[ATTACHMENT|test-results\oauth-flows-Google-OAuth-F-17126-when-clicking-client-button-Mobile-Chrome\test-failed-1.png]]

[[ATTACHMENT|test-results\oauth-flows-Google-OAuth-F-17126-when-clicking-client-button-Mobile-Chrome\video.webm]]

[[ATTACHMENT|test-results\oauth-flows-Google-OAuth-F-17126-when-clicking-client-button-Mobile-Chrome\error-context.md]]
]]>
</system-out>
</testcase>
<testcase name="Google OAuth Flows › Client OAuth Flow › should display client Google OAuth button on login page" classname="oauth-flows.spec.js" time="3.23">
</testcase>
<testcase name="Google OAuth Flows › Client OAuth Flow › should set intendedRole to client when clicking client button on login" classname="oauth-flows.spec.js" time="31.172">
<failure message="oauth-flows.spec.js:54:5 should set intendedRole to client when clicking client button on login" type="FAILURE">
<![CDATA[  [Mobile Chrome] › oauth-flows.spec.js:54:5 › Google OAuth Flows › Client OAuth Flow › should set intendedRole to client when clicking client button on login 

    Test timeout of 30000ms exceeded.

    Error: locator.click: Test timeout of 30000ms exceeded.
    Call log:
      - waiting for locator('button:has-text("Continue with Google as Client")')
        - locator resolved to <button class="inline-flex items-center justify-center gap-2 whitespace-nowrap rounded-md text-sm font-medium ring-offset-background transition-wellness focus-visible:outline-none focus-visible:ring-2 focus-visible:ring-ring focus-visible:ring-offset-2 disabled:pointer-events-none disabled:opacity-50 [&_svg]:pointer-events-none [&_svg]:size-4 [&_svg]:shrink-0 border border-border bg-background hover:bg-accent hover:text-accent-foreground h-11 px-4 py-2 w-full">…</button>
      - attempting click action
        2 × waiting for element to be visible, enabled and stable
          - element is visible, enabled and stable
          - scrolling into view if needed
          - done scrolling
          - <div class="mt-3 grid grid-cols-1 sm:grid-cols-3 gap-3">…</div> from <div class="fixed inset-x-0 bottom-0 z-50 p-3 sm:p-4">…</div> subtree intercepts pointer events
        - retrying click action
        - waiting 20ms
        2 × waiting for element to be visible, enabled and stable
          - element is visible, enabled and stable
          - scrolling into view if needed
          - done scrolling
          - <div class="mt-3 grid grid-cols-1 sm:grid-cols-3 gap-3">…</div> from <div class="fixed inset-x-0 bottom-0 z-50 p-3 sm:p-4">…</div> subtree intercepts pointer events
        - retrying click action
          - waiting 100ms
        3 × waiting for element to be visible, enabled and stable
          - element is visible, enabled and stable
          - scrolling into view if needed
          - done scrolling
          - <div class="mt-3 grid grid-cols-1 sm:grid-cols-3 gap-3">…</div> from <div class="fixed inset-x-0 bottom-0 z-50 p-3 sm:p-4">…</div> subtree intercepts pointer events
        - retrying click action
          - waiting 500ms
        52 × waiting for element to be visible, enabled and stable
           - element is visible, enabled and stable
           - scrolling into view if needed
           - done scrolling
           - <iframe class="" width="354px" scrolling="no" height="373px" frameborder="0" src="about:blank" title="chat widget" id="trgmlacejiu1758571172587"></iframe> from <div class="widget-visible" id="h47t7crtahqk1758571172556">…</div> subtree intercepts pointer events
         - retrying click action
           - waiting 500ms


      57 |       // Click the client Google OAuth button
      58 |       const clientButton = page.locator('button:has-text("Continue with Google as Client")');
    > 59 |       await clientButton.click();
         |                          ^
      60 |       
      61 |       // Check if intendedRole is set in sessionStorage
      62 |       const intendedRole = await page.evaluate(() => {
        at C:\Users\rayma\Desktop\New folder\peer-care-connect\tests\oauth-flows.spec.js:59:26

    attachment #1: screenshot (image/png) ──────────────────────────────────────────────────────────
    ..\test-results\oauth-flows-Google-OAuth-F-1ac5a-king-client-button-on-login-Mobile-Chrome\test-failed-1.png
    ────────────────────────────────────────────────────────────────────────────────────────────────

    attachment #2: video (video/webm) ──────────────────────────────────────────────────────────────
    ..\test-results\oauth-flows-Google-OAuth-F-1ac5a-king-client-button-on-login-Mobile-Chrome\video.webm
    ────────────────────────────────────────────────────────────────────────────────────────────────

    Error Context: ..\test-results\oauth-flows-Google-OAuth-F-1ac5a-king-client-button-on-login-Mobile-Chrome\error-context.md
]]>
</failure>
<system-out>
<![CDATA[
[[ATTACHMENT|test-results\oauth-flows-Google-OAuth-F-1ac5a-king-client-button-on-login-Mobile-Chrome\test-failed-1.png]]

[[ATTACHMENT|test-results\oauth-flows-Google-OAuth-F-1ac5a-king-client-button-on-login-Mobile-Chrome\video.webm]]

[[ATTACHMENT|test-results\oauth-flows-Google-OAuth-F-1ac5a-king-client-button-on-login-Mobile-Chrome\error-context.md]]
]]>
</system-out>
</testcase>
<testcase name="Google OAuth Flows › Practitioner OAuth Flow › should display practitioner Google OAuth button on register page" classname="oauth-flows.spec.js" time="1.704">
</testcase>
<testcase name="Google OAuth Flows › Practitioner OAuth Flow › should set intendedRole to practitioner when clicking practitioner button" classname="oauth-flows.spec.js" time="31.11">
<failure message="oauth-flows.spec.js:79:5 should set intendedRole to practitioner when clicking practitioner button" type="FAILURE">
<![CDATA[  [Mobile Chrome] › oauth-flows.spec.js:79:5 › Google OAuth Flows › Practitioner OAuth Flow › should set intendedRole to practitioner when clicking practitioner button 

    Test timeout of 30000ms exceeded.

    Error: locator.click: Test timeout of 30000ms exceeded.
    Call log:
      - waiting for locator('button:has-text("Continue with Google as Practitioner")')
        - locator resolved to <button type="button" class="inline-flex items-center justify-center gap-2 whitespace-nowrap rounded-md text-sm font-medium ring-offset-background transition-wellness focus-visible:outline-none focus-visible:ring-2 focus-visible:ring-ring focus-visible:ring-offset-2 disabled:pointer-events-none disabled:opacity-50 [&_svg]:pointer-events-none [&_svg]:size-4 [&_svg]:shrink-0 border border-border bg-background hover:bg-accent hover:text-accent-foreground h-11 px-4 py-2 w-full">…</button>
      - attempting click action
        2 × waiting for element to be visible, enabled and stable
          - element is visible, enabled and stable
          - scrolling into view if needed
          - done scrolling
          - <div class="flex items-center justify-between border rounded-md p-2">…</div> from <div class="fixed inset-x-0 bottom-0 z-50 p-3 sm:p-4">…</div> subtree intercepts pointer events
        - retrying click action
        - waiting 20ms
        2 × waiting for element to be visible, enabled and stable
          - element is visible, enabled and stable
          - scrolling into view if needed
          - done scrolling
          - <div class="flex items-center justify-between border rounded-md p-2">…</div> from <div class="fixed inset-x-0 bottom-0 z-50 p-3 sm:p-4">…</div> subtree intercepts pointer events
        - retrying click action
          - waiting 100ms
        2 × waiting for element to be visible, enabled and stable
          - element is visible, enabled and stable
          - scrolling into view if needed
          - done scrolling
          - <div class="flex items-center justify-between border rounded-md p-2">…</div> from <div class="fixed inset-x-0 bottom-0 z-50 p-3 sm:p-4">…</div> subtree intercepts pointer events
        - retrying click action
          - waiting 500ms
        - waiting for element to be visible, enabled and stable
        - element is visible, enabled and stable
        - scrolling into view if needed
        - done scrolling
        - <iframe class="" width="354px" scrolling="no" height="145px" frameborder="0" src="about:blank" title="chat widget" id="ycr1ijkd6etk1758571173830"></iframe> from <div class="widget-visible" id="aequhg3ircf1758571173775">…</div> subtree intercepts pointer events
      52 × retrying click action
           - waiting 500ms
           - waiting for element to be visible, enabled and stable
           - element is visible, enabled and stable
           - scrolling into view if needed
           - done scrolling
           - <iframe class="" width="354px" scrolling="no" height="373px" frameborder="0" src="about:blank" title="chat widget" id="ycr1ijkd6etk1758571173830"></iframe> from <div class="widget-visible" id="aequhg3ircf1758571173775">…</div> subtree intercepts pointer events
      - retrying click action
        - waiting 500ms


      82 |       // Click the practitioner Google OAuth button
      83 |       const practitionerButton = page.locator('button:has-text("Continue with Google as Practitioner")');
    > 84 |       await practitionerButton.click();
         |                                ^
      85 |       
      86 |       // Check if intendedRole is set in sessionStorage
      87 |       const intendedRole = await page.evaluate(() => {
        at C:\Users\rayma\Desktop\New folder\peer-care-connect\tests\oauth-flows.spec.js:84:32

    attachment #1: screenshot (image/png) ──────────────────────────────────────────────────────────
    ..\test-results\oauth-flows-Google-OAuth-F-72993-licking-practitioner-button-Mobile-Chrome\test-failed-1.png
    ────────────────────────────────────────────────────────────────────────────────────────────────

    attachment #2: video (video/webm) ──────────────────────────────────────────────────────────────
    ..\test-results\oauth-flows-Google-OAuth-F-72993-licking-practitioner-button-Mobile-Chrome\video.webm
    ────────────────────────────────────────────────────────────────────────────────────────────────

    Error Context: ..\test-results\oauth-flows-Google-OAuth-F-72993-licking-practitioner-button-Mobile-Chrome\error-context.md
]]>
</failure>
<system-out>
<![CDATA[
[[ATTACHMENT|test-results\oauth-flows-Google-OAuth-F-72993-licking-practitioner-button-Mobile-Chrome\test-failed-1.png]]

[[ATTACHMENT|test-results\oauth-flows-Google-OAuth-F-72993-licking-practitioner-button-Mobile-Chrome\video.webm]]

[[ATTACHMENT|test-results\oauth-flows-Google-OAuth-F-72993-licking-practitioner-button-Mobile-Chrome\error-context.md]]
]]>
</system-out>
</testcase>
<testcase name="Google OAuth Flows › Practitioner OAuth Flow › should display practitioner Google OAuth button on login page" classname="oauth-flows.spec.js" time="1.026">
</testcase>
<testcase name="Google OAuth Flows › Practitioner OAuth Flow › should set intendedRole to practitioner when clicking practitioner button on login" classname="oauth-flows.spec.js" time="30.663">
<failure message="oauth-flows.spec.js:102:5 should set intendedRole to practitioner when clicking practitioner button on login" type="FAILURE">
<![CDATA[  [Mobile Chrome] › oauth-flows.spec.js:102:5 › Google OAuth Flows › Practitioner OAuth Flow › should set intendedRole to practitioner when clicking practitioner button on login 

    Test timeout of 30000ms exceeded.

    Error: locator.click: Test timeout of 30000ms exceeded.
    Call log:
      - waiting for locator('button:has-text("Continue with Google as Practitioner")')
        - locator resolved to <button class="inline-flex items-center justify-center gap-2 whitespace-nowrap rounded-md text-sm font-medium ring-offset-background transition-wellness focus-visible:outline-none focus-visible:ring-2 focus-visible:ring-ring focus-visible:ring-offset-2 disabled:pointer-events-none disabled:opacity-50 [&_svg]:pointer-events-none [&_svg]:size-4 [&_svg]:shrink-0 border border-border bg-background hover:bg-accent hover:text-accent-foreground h-11 px-4 py-2 w-full">…</button>
      - attempting click action
        2 × waiting for element to be visible, enabled and stable
          - element is visible, enabled and stable
          - scrolling into view if needed
          - done scrolling
          - <div class="sm:flex sm:items-start sm:justify-between gap-4">…</div> from <div class="fixed inset-x-0 bottom-0 z-50 p-3 sm:p-4">…</div> subtree intercepts pointer events
        - retrying click action
        - waiting 20ms
        2 × waiting for element to be visible, enabled and stable
          - element is visible, enabled and stable
          - scrolling into view if needed
          - done scrolling
          - <div class="sm:flex sm:items-start sm:justify-between gap-4">…</div> from <div class="fixed inset-x-0 bottom-0 z-50 p-3 sm:p-4">…</div> subtree intercepts pointer events
        - retrying click action
          - waiting 100ms
        31 × waiting for element to be visible, enabled and stable
           - element is visible, enabled and stable
           - scrolling into view if needed
           - done scrolling
           - <div class="sm:flex sm:items-start sm:justify-between gap-4">…</div> from <div class="fixed inset-x-0 bottom-0 z-50 p-3 sm:p-4">…</div> subtree intercepts pointer events
         - retrying click action
           - waiting 500ms
        - waiting for element to be visible, enabled and stable
        - element is visible, enabled and stable
        - scrolling into view if needed
        - done scrolling
        - <iframe class="" width="354px" scrolling="no" height="145px" frameborder="0" src="about:blank" title="chat widget" id="jcvektmh7o881758571189724"></iframe> from <div class="widget-visible" id="glvm5msdo2tk1758571189639">…</div> subtree intercepts pointer events
      24 × retrying click action
           - waiting 500ms
           - waiting for element to be visible, enabled and stable
           - element is visible, enabled and stable
           - scrolling into view if needed
           - done scrolling
           - <iframe class="" width="354px" scrolling="no" height="373px" frameborder="0" src="about:blank" title="chat widget" id="jcvektmh7o881758571189724"></iframe> from <div class="widget-visible" id="glvm5msdo2tk1758571189639">…</div> subtree intercepts pointer events
      - retrying click action
        - waiting 500ms


      105 |       // Click the practitioner Google OAuth button
      106 |       const practitionerButton = page.locator('button:has-text("Continue with Google as Practitioner")');
    > 107 |       await practitionerButton.click();
          |                                ^
      108 |       
      109 |       // Check if intendedRole is set in sessionStorage
      110 |       const intendedRole = await page.evaluate(() => {
        at C:\Users\rayma\Desktop\New folder\peer-care-connect\tests\oauth-flows.spec.js:107:32

    attachment #1: screenshot (image/png) ──────────────────────────────────────────────────────────
    ..\test-results\oauth-flows-Google-OAuth-F-f72be-ractitioner-button-on-login-Mobile-Chrome\test-failed-1.png
    ────────────────────────────────────────────────────────────────────────────────────────────────

    attachment #2: video (video/webm) ──────────────────────────────────────────────────────────────
    ..\test-results\oauth-flows-Google-OAuth-F-f72be-ractitioner-button-on-login-Mobile-Chrome\video.webm
    ────────────────────────────────────────────────────────────────────────────────────────────────

    Error Context: ..\test-results\oauth-flows-Google-OAuth-F-f72be-ractitioner-button-on-login-Mobile-Chrome\error-context.md
]]>
</failure>
<system-out>
<![CDATA[
[[ATTACHMENT|test-results\oauth-flows-Google-OAuth-F-f72be-ractitioner-button-on-login-Mobile-Chrome\test-failed-1.png]]

[[ATTACHMENT|test-results\oauth-flows-Google-OAuth-F-f72be-ractitioner-button-on-login-Mobile-Chrome\video.webm]]

[[ATTACHMENT|test-results\oauth-flows-Google-OAuth-F-f72be-ractitioner-button-on-login-Mobile-Chrome\error-context.md]]
]]>
</system-out>
</testcase>
<testcase name="Google OAuth Flows › Role Selection Page › should display role selection options for practitioners" classname="oauth-flows.spec.js" time="5.796">
<failure message="oauth-flows.spec.js:119:5 should display role selection options for practitioners" type="FAILURE">
<![CDATA[  [Mobile Chrome] › oauth-flows.spec.js:119:5 › Google OAuth Flows › Role Selection Page › should display role selection options for practitioners 

    Error: expect(locator).toBeVisible() failed

    Locator:  locator('input[value="osteopath"]')
    Expected: visible
    Received: <element(s) not found>
    Timeout:  5000ms

    Call log:
      - Expect "toBeVisible" with timeout 5000ms
      - waiting for locator('input[value="osteopath"]')


      126 |       const clientOption = page.locator('input[value="client"]');
      127 |       
    > 128 |       await expect(osteopathOption).toBeVisible();
          |                                     ^
      129 |       await expect(sportsTherapistOption).toBeVisible();
      130 |       await expect(massageTherapistOption).toBeVisible();
      131 |       await expect(clientOption).toBeVisible();
        at C:\Users\rayma\Desktop\New folder\peer-care-connect\tests\oauth-flows.spec.js:128:37

    attachment #1: screenshot (image/png) ──────────────────────────────────────────────────────────
    ..\test-results\oauth-flows-Google-OAuth-F-f8f73-n-options-for-practitioners-Mobile-Chrome\test-failed-1.png
    ────────────────────────────────────────────────────────────────────────────────────────────────

    attachment #2: video (video/webm) ──────────────────────────────────────────────────────────────
    ..\test-results\oauth-flows-Google-OAuth-F-f8f73-n-options-for-practitioners-Mobile-Chrome\video.webm
    ────────────────────────────────────────────────────────────────────────────────────────────────

    Error Context: ..\test-results\oauth-flows-Google-OAuth-F-f8f73-n-options-for-practitioners-Mobile-Chrome\error-context.md
]]>
</failure>
<system-out>
<![CDATA[
[[ATTACHMENT|test-results\oauth-flows-Google-OAuth-F-f8f73-n-options-for-practitioners-Mobile-Chrome\test-failed-1.png]]

[[ATTACHMENT|test-results\oauth-flows-Google-OAuth-F-f8f73-n-options-for-practitioners-Mobile-Chrome\video.webm]]

[[ATTACHMENT|test-results\oauth-flows-Google-OAuth-F-f8f73-n-options-for-practitioners-Mobile-Chrome\error-context.md]]
]]>
</system-out>
</testcase>
<testcase name="Google OAuth Flows › Role Selection Page › should allow selecting osteopath role" classname="oauth-flows.spec.js" time="31.329">
<failure message="oauth-flows.spec.js:134:5 should allow selecting osteopath role" type="FAILURE">
<![CDATA[  [Mobile Chrome] › oauth-flows.spec.js:134:5 › Google OAuth Flows › Role Selection Page › should allow selecting osteopath role 

    Test timeout of 30000ms exceeded.

    Error: locator.check: Test timeout of 30000ms exceeded.
    Call log:
      - waiting for locator('input[value="osteopath"]')


      137 |       // Select osteopath role
      138 |       const osteopathOption = page.locator('input[value="osteopath"]');
    > 139 |       await osteopathOption.check();
          |                             ^
      140 |       
      141 |       // Verify selection
      142 |       await expect(osteopathOption).toBeChecked();
        at C:\Users\rayma\Desktop\New folder\peer-care-connect\tests\oauth-flows.spec.js:139:29

    attachment #1: screenshot (image/png) ──────────────────────────────────────────────────────────
    ..\test-results\oauth-flows-Google-OAuth-F-ace1f-ow-selecting-osteopath-role-Mobile-Chrome\test-failed-1.png
    ────────────────────────────────────────────────────────────────────────────────────────────────

    attachment #2: video (video/webm) ──────────────────────────────────────────────────────────────
    ..\test-results\oauth-flows-Google-OAuth-F-ace1f-ow-selecting-osteopath-role-Mobile-Chrome\video.webm
    ────────────────────────────────────────────────────────────────────────────────────────────────

    Error Context: ..\test-results\oauth-flows-Google-OAuth-F-ace1f-ow-selecting-osteopath-role-Mobile-Chrome\error-context.md
]]>
</failure>
<system-out>
<![CDATA[
[[ATTACHMENT|test-results\oauth-flows-Google-OAuth-F-ace1f-ow-selecting-osteopath-role-Mobile-Chrome\test-failed-1.png]]

[[ATTACHMENT|test-results\oauth-flows-Google-OAuth-F-ace1f-ow-selecting-osteopath-role-Mobile-Chrome\video.webm]]

[[ATTACHMENT|test-results\oauth-flows-Google-OAuth-F-ace1f-ow-selecting-osteopath-role-Mobile-Chrome\error-context.md]]
]]>
</system-out>
</testcase>
<testcase name="Google OAuth Flows › Role Selection Page › should allow selecting sports therapist role" classname="oauth-flows.spec.js" time="31.084">
<failure message="oauth-flows.spec.js:145:5 should allow selecting sports therapist role" type="FAILURE">
<![CDATA[  [Mobile Chrome] › oauth-flows.spec.js:145:5 › Google OAuth Flows › Role Selection Page › should allow selecting sports therapist role 

    Test timeout of 30000ms exceeded.

    Error: locator.check: Test timeout of 30000ms exceeded.
    Call log:
      - waiting for locator('input[value="sports_therapist"]')


      148 |       // Select sports therapist role
      149 |       const sportsTherapistOption = page.locator('input[value="sports_therapist"]');
    > 150 |       await sportsTherapistOption.check();
          |                                   ^
      151 |       
      152 |       // Verify selection
      153 |       await expect(sportsTherapistOption).toBeChecked();
        at C:\Users\rayma\Desktop\New folder\peer-care-connect\tests\oauth-flows.spec.js:150:35

    attachment #1: screenshot (image/png) ──────────────────────────────────────────────────────────
    ..\test-results\oauth-flows-Google-OAuth-F-a27c5-cting-sports-therapist-role-Mobile-Chrome\test-failed-1.png
    ────────────────────────────────────────────────────────────────────────────────────────────────

    attachment #2: video (video/webm) ──────────────────────────────────────────────────────────────
    ..\test-results\oauth-flows-Google-OAuth-F-a27c5-cting-sports-therapist-role-Mobile-Chrome\video.webm
    ────────────────────────────────────────────────────────────────────────────────────────────────

    Error Context: ..\test-results\oauth-flows-Google-OAuth-F-a27c5-cting-sports-therapist-role-Mobile-Chrome\error-context.md
]]>
</failure>
<system-out>
<![CDATA[
[[ATTACHMENT|test-results\oauth-flows-Google-OAuth-F-a27c5-cting-sports-therapist-role-Mobile-Chrome\test-failed-1.png]]

[[ATTACHMENT|test-results\oauth-flows-Google-OAuth-F-a27c5-cting-sports-therapist-role-Mobile-Chrome\video.webm]]

[[ATTACHMENT|test-results\oauth-flows-Google-OAuth-F-a27c5-cting-sports-therapist-role-Mobile-Chrome\error-context.md]]
]]>
</system-out>
</testcase>
<testcase name="Google OAuth Flows › Role Selection Page › should allow selecting massage therapist role" classname="oauth-flows.spec.js" time="31.37">
<failure message="oauth-flows.spec.js:156:5 should allow selecting massage therapist role" type="FAILURE">
<![CDATA[  [Mobile Chrome] › oauth-flows.spec.js:156:5 › Google OAuth Flows › Role Selection Page › should allow selecting massage therapist role 

    Test timeout of 30000ms exceeded.

    Error: locator.check: Test timeout of 30000ms exceeded.
    Call log:
      - waiting for locator('input[value="massage_therapist"]')


      159 |       // Select massage therapist role
      160 |       const massageTherapistOption = page.locator('input[value="massage_therapist"]');
    > 161 |       await massageTherapistOption.check();
          |                                    ^
      162 |       
      163 |       // Verify selection
      164 |       await expect(massageTherapistOption).toBeChecked();
        at C:\Users\rayma\Desktop\New folder\peer-care-connect\tests\oauth-flows.spec.js:161:36

    attachment #1: screenshot (image/png) ──────────────────────────────────────────────────────────
    ..\test-results\oauth-flows-Google-OAuth-F-f3eb6-ting-massage-therapist-role-Mobile-Chrome\test-failed-1.png
    ────────────────────────────────────────────────────────────────────────────────────────────────

    attachment #2: video (video/webm) ──────────────────────────────────────────────────────────────
    ..\test-results\oauth-flows-Google-OAuth-F-f3eb6-ting-massage-therapist-role-Mobile-Chrome\video.webm
    ────────────────────────────────────────────────────────────────────────────────────────────────

    Error Context: ..\test-results\oauth-flows-Google-OAuth-F-f3eb6-ting-massage-therapist-role-Mobile-Chrome\error-context.md
]]>
</failure>
<system-out>
<![CDATA[
[[ATTACHMENT|test-results\oauth-flows-Google-OAuth-F-f3eb6-ting-massage-therapist-role-Mobile-Chrome\test-failed-1.png]]

[[ATTACHMENT|test-results\oauth-flows-Google-OAuth-F-f3eb6-ting-massage-therapist-role-Mobile-Chrome\video.webm]]

[[ATTACHMENT|test-results\oauth-flows-Google-OAuth-F-f3eb6-ting-massage-therapist-role-Mobile-Chrome\error-context.md]]
]]>
</system-out>
</testcase>
<testcase name="Google OAuth Flows › Role Selection Page › should allow selecting client role" classname="oauth-flows.spec.js" time="15.854">
<failure message="oauth-flows.spec.js:167:5 should allow selecting client role" type="FAILURE">
<![CDATA[  [Mobile Chrome] › oauth-flows.spec.js:167:5 › Google OAuth Flows › Role Selection Page › should allow selecting client role 

    Error: locator.check: Target page, context or browser has been closed
    Call log:
      - waiting for locator('input[value="client"]')


      170 |       // Select client role
      171 |       const clientOption = page.locator('input[value="client"]');
    > 172 |       await clientOption.check();
          |                          ^
      173 |       
      174 |       // Verify selection
      175 |       await expect(clientOption).toBeChecked();
        at C:\Users\rayma\Desktop\New folder\peer-care-connect\tests\oauth-flows.spec.js:172:26

    attachment #1: video (video/webm) ──────────────────────────────────────────────────────────────
    ..\test-results\oauth-flows-Google-OAuth-F-25ce5-allow-selecting-client-role-Mobile-Chrome\video.webm
    ────────────────────────────────────────────────────────────────────────────────────────────────
]]>
</failure>
<system-out>
<![CDATA[
[[ATTACHMENT|test-results\oauth-flows-Google-OAuth-F-25ce5-allow-selecting-client-role-Mobile-Chrome\video.webm]]
]]>
</system-out>
</testcase>
<testcase name="Google OAuth Flows › Navigation and Routing › should navigate to register page" classname="oauth-flows.spec.js" time="1.722">
</testcase>
<testcase name="Google OAuth Flows › Navigation and Routing › should navigate to login page" classname="oauth-flows.spec.js" time="1.234">
</testcase>
<testcase name="Google OAuth Flows › Navigation and Routing › should navigate to role selection page" classname="oauth-flows.spec.js" time="6.511">
<failure message="oauth-flows.spec.js:190:5 should navigate to role selection page" type="FAILURE">
<![CDATA[  [Mobile Chrome] › oauth-flows.spec.js:190:5 › Google OAuth Flows › Navigation and Routing › should navigate to role selection page 

    Error: expect(page).toHaveURL(expected) failed

    Expected pattern: /.*role-selection/
    Received string:  "https://theramate-l3h8xe50o-theras-projects-6dfd5a34.vercel.app/login"
    Timeout: 5000ms

    Call log:
      - Expect "toHaveURL" with timeout 5000ms
        9 × unexpected value "https://theramate-l3h8xe50o-theras-projects-6dfd5a34.vercel.app/login"


      190 |     test('should navigate to role selection page', async ({ page }) => {
      191 |       await page.goto('/auth/role-selection');
    > 192 |       await expect(page).toHaveURL(/.*role-selection/);
          |                          ^
      193 |     });
      194 |
      195 |     test('should navigate to onboarding page', async ({ page }) => {
        at C:\Users\rayma\Desktop\New folder\peer-care-connect\tests\oauth-flows.spec.js:192:26

    attachment #1: screenshot (image/png) ──────────────────────────────────────────────────────────
    ..\test-results\oauth-flows-Google-OAuth-F-dbb63-gate-to-role-selection-page-Mobile-Chrome\test-failed-1.png
    ────────────────────────────────────────────────────────────────────────────────────────────────

    attachment #2: video (video/webm) ──────────────────────────────────────────────────────────────
    ..\test-results\oauth-flows-Google-OAuth-F-dbb63-gate-to-role-selection-page-Mobile-Chrome\video.webm
    ────────────────────────────────────────────────────────────────────────────────────────────────

    Error Context: ..\test-results\oauth-flows-Google-OAuth-F-dbb63-gate-to-role-selection-page-Mobile-Chrome\error-context.md
]]>
</failure>
<system-out>
<![CDATA[
[[ATTACHMENT|test-results\oauth-flows-Google-OAuth-F-dbb63-gate-to-role-selection-page-Mobile-Chrome\test-failed-1.png]]

[[ATTACHMENT|test-results\oauth-flows-Google-OAuth-F-dbb63-gate-to-role-selection-page-Mobile-Chrome\video.webm]]

[[ATTACHMENT|test-results\oauth-flows-Google-OAuth-F-dbb63-gate-to-role-selection-page-Mobile-Chrome\error-context.md]]
]]>
</system-out>
</testcase>
<testcase name="Google OAuth Flows › Navigation and Routing › should navigate to onboarding page" classname="oauth-flows.spec.js" time="1.272">
</testcase>
<testcase name="Google OAuth Flows › Error Handling › should handle missing session storage gracefully" classname="oauth-flows.spec.js" time="6.171">
<failure message="oauth-flows.spec.js:202:5 should handle missing session storage gracefully" type="FAILURE">
<![CDATA[  [Mobile Chrome] › oauth-flows.spec.js:202:5 › Google OAuth Flows › Error Handling › should handle missing session storage gracefully 

    Error: expect(page).toHaveURL(expected) failed

    Expected pattern: /.*role-selection/
    Received string:  "https://theramate-l3h8xe50o-theras-projects-6dfd5a34.vercel.app/login"
    Timeout: 5000ms

    Call log:
      - Expect "toHaveURL" with timeout 5000ms
        8 × unexpected value "https://theramate-l3h8xe50o-theras-projects-6dfd5a34.vercel.app/login"


      210 |       
      211 |       // Page should still load
    > 212 |       await expect(page).toHaveURL(/.*role-selection/);
          |                          ^
      213 |     });
      214 |
      215 |     test('should display error messages for failed operations', async ({ page }) => {
        at C:\Users\rayma\Desktop\New folder\peer-care-connect\tests\oauth-flows.spec.js:212:26

    attachment #1: screenshot (image/png) ──────────────────────────────────────────────────────────
    ..\test-results\oauth-flows-Google-OAuth-F-b3487--session-storage-gracefully-Mobile-Chrome\test-failed-1.png
    ────────────────────────────────────────────────────────────────────────────────────────────────

    attachment #2: video (video/webm) ──────────────────────────────────────────────────────────────
    ..\test-results\oauth-flows-Google-OAuth-F-b3487--session-storage-gracefully-Mobile-Chrome\video.webm
    ────────────────────────────────────────────────────────────────────────────────────────────────

    Error Context: ..\test-results\oauth-flows-Google-OAuth-F-b3487--session-storage-gracefully-Mobile-Chrome\error-context.md
]]>
</failure>
<system-out>
<![CDATA[
[[ATTACHMENT|test-results\oauth-flows-Google-OAuth-F-b3487--session-storage-gracefully-Mobile-Chrome\test-failed-1.png]]

[[ATTACHMENT|test-results\oauth-flows-Google-OAuth-F-b3487--session-storage-gracefully-Mobile-Chrome\video.webm]]

[[ATTACHMENT|test-results\oauth-flows-Google-OAuth-F-b3487--session-storage-gracefully-Mobile-Chrome\error-context.md]]
]]>
</system-out>
</testcase>
<testcase name="Google OAuth Flows › Error Handling › should display error messages for failed operations" classname="oauth-flows.spec.js" time="0.899">
</testcase>
<testcase name="Google OAuth Flows › Mobile Responsiveness › should display OAuth buttons correctly on mobile" classname="oauth-flows.spec.js" time="1.182">
</testcase>
<testcase name="Google OAuth Flows › Mobile Responsiveness › should display role selection correctly on mobile" classname="oauth-flows.spec.js" time="7.037">
<failure message="oauth-flows.spec.js:245:5 should display role selection correctly on mobile" type="FAILURE">
<![CDATA[  [Mobile Chrome] › oauth-flows.spec.js:245:5 › Google OAuth Flows › Mobile Responsiveness › should display role selection correctly on mobile 

    Error: expect(locator).toBeVisible() failed

    Locator:  locator('input[value="osteopath"]')
    Expected: visible
    Received: <element(s) not found>
    Timeout:  5000ms

    Call log:
      - Expect "toBeVisible" with timeout 5000ms
      - waiting for locator('input[value="osteopath"]')


      251 |       // Check if role options are visible on mobile
      252 |       const osteopathOption = page.locator('input[value="osteopath"]');
    > 253 |       await expect(osteopathOption).toBeVisible();
          |                                     ^
      254 |     });
      255 |   });
      256 | });
        at C:\Users\rayma\Desktop\New folder\peer-care-connect\tests\oauth-flows.spec.js:253:37

    attachment #1: screenshot (image/png) ──────────────────────────────────────────────────────────
    ..\test-results\oauth-flows-Google-OAuth-F-c71c4-lection-correctly-on-mobile-Mobile-Chrome\test-failed-1.png
    ────────────────────────────────────────────────────────────────────────────────────────────────

    attachment #2: video (video/webm) ──────────────────────────────────────────────────────────────
    ..\test-results\oauth-flows-Google-OAuth-F-c71c4-lection-correctly-on-mobile-Mobile-Chrome\video.webm
    ────────────────────────────────────────────────────────────────────────────────────────────────

    Error Context: ..\test-results\oauth-flows-Google-OAuth-F-c71c4-lection-correctly-on-mobile-Mobile-Chrome\error-context.md
]]>
</failure>
<system-out>
<![CDATA[
[[ATTACHMENT|test-results\oauth-flows-Google-OAuth-F-c71c4-lection-correctly-on-mobile-Mobile-Chrome\test-failed-1.png]]

[[ATTACHMENT|test-results\oauth-flows-Google-OAuth-F-c71c4-lection-correctly-on-mobile-Mobile-Chrome\video.webm]]

[[ATTACHMENT|test-results\oauth-flows-Google-OAuth-F-c71c4-lection-correctly-on-mobile-Mobile-Chrome\error-context.md]]
]]>
</system-out>
</testcase>
</testsuite>
<testsuite name="oauth-flows.spec.js" timestamp="2025-09-22T19:55:51.425Z" hostname="Mobile Safari" tests="21" failures="11" skipped="0" time="261.102" errors="0">
<testcase name="Google OAuth Flows › Client OAuth Flow › should display client Google OAuth button on register page" classname="oauth-flows.spec.js" time="2.816">
</testcase>
<testcase name="Google OAuth Flows › Client OAuth Flow › should set intendedRole to client when clicking client button" classname="oauth-flows.spec.js" time="4.274">
<failure message="oauth-flows.spec.js:27:5 should set intendedRole to client when clicking client button" type="FAILURE">
<![CDATA[  [Mobile Safari] › oauth-flows.spec.js:27:5 › Google OAuth Flows › Client OAuth Flow › should set intendedRole to client when clicking client button 

    Error: locator.click: Target page, context or browser has been closed
    Call log:
      - waiting for locator('button:has-text("Continue with Google as Client")')
        - locator resolved to <button type="button" class="inline-flex items-center justify-center gap-2 whitespace-nowrap rounded-md text-sm font-medium ring-offset-background transition-wellness focus-visible:outline-none focus-visible:ring-2 focus-visible:ring-ring focus-visible:ring-offset-2 disabled:pointer-events-none disabled:opacity-50 [&_svg]:pointer-events-none [&_svg]:size-4 [&_svg]:shrink-0 border border-border bg-background hover:bg-accent hover:text-accent-foreground h-11 px-4 py-2 w-full">…</button>
      - attempting click action
        2 × waiting for element to be visible, enabled and stable
          - element is visible, enabled and stable
          - scrolling into view if needed
          - done scrolling
          - <div class="flex items-center justify-between border rounded-md p-2">…</div> from <div class="fixed inset-x-0 bottom-0 z-50 p-3 sm:p-4">…</div> subtree intercepts pointer events
        - retrying click action
        - waiting 20ms
        - waiting for element to be visible, enabled and stable
        - element is visible, enabled and stable
        - scrolling into view if needed
        - done scrolling
        - <div class="flex items-center justify-between border rounded-md p-2">…</div> from <div class="fixed inset-x-0 bottom-0 z-50 p-3 sm:p-4">…</div> subtree intercepts pointer events
      - retrying click action
        - waiting 100ms


      30 |       // Click the client Google OAuth button
      31 |       const clientButton = page.locator('button:has-text("Continue with Google as Client")');
    > 32 |       await clientButton.click();
         |                          ^
      33 |       
      34 |       // Check if intendedRole is set in sessionStorage
      35 |       const intendedRole = await page.evaluate(() => {
        at C:\Users\rayma\Desktop\New folder\peer-care-connect\tests\oauth-flows.spec.js:32:26

    attachment #1: video (video/webm) ──────────────────────────────────────────────────────────────
    ..\test-results\oauth-flows-Google-OAuth-F-17126-when-clicking-client-button-Mobile-Safari\video.webm
    ────────────────────────────────────────────────────────────────────────────────────────────────
]]>
</failure>
<system-out>
<![CDATA[
[[ATTACHMENT|test-results\oauth-flows-Google-OAuth-F-17126-when-clicking-client-button-Mobile-Safari\video.webm]]
]]>
</system-out>
</testcase>
<testcase name="Google OAuth Flows › Client OAuth Flow › should display client Google OAuth button on login page" classname="oauth-flows.spec.js" time="2.064">
</testcase>
<testcase name="Google OAuth Flows › Client OAuth Flow › should set intendedRole to client when clicking client button on login" classname="oauth-flows.spec.js" time="30.384">
<failure message="oauth-flows.spec.js:54:5 should set intendedRole to client when clicking client button on login" type="FAILURE">
<![CDATA[  [Mobile Safari] › oauth-flows.spec.js:54:5 › Google OAuth Flows › Client OAuth Flow › should set intendedRole to client when clicking client button on login 

    Test timeout of 30000ms exceeded.

    Error: locator.click: Test timeout of 30000ms exceeded.
    Call log:
      - waiting for locator('button:has-text("Continue with Google as Client")')
        - locator resolved to <button class="inline-flex items-center justify-center gap-2 whitespace-nowrap rounded-md text-sm font-medium ring-offset-background transition-wellness focus-visible:outline-none focus-visible:ring-2 focus-visible:ring-ring focus-visible:ring-offset-2 disabled:pointer-events-none disabled:opacity-50 [&_svg]:pointer-events-none [&_svg]:size-4 [&_svg]:shrink-0 border border-border bg-background hover:bg-accent hover:text-accent-foreground h-11 px-4 py-2 w-full">…</button>
      - attempting click action
        2 × waiting for element to be visible, enabled and stable
          - element is visible, enabled and stable
          - scrolling into view if needed
          - done scrolling
          - <div class="flex items-center justify-between border rounded-md p-2">…</div> from <div class="fixed inset-x-0 bottom-0 z-50 p-3 sm:p-4">…</div> subtree intercepts pointer events
        - retrying click action
        - waiting 20ms
        - waiting for element to be visible, enabled and stable
        - element is visible, enabled and stable
        - scrolling into view if needed
        - done scrolling
        - <div class="flex items-center justify-between border rounded-md p-2">…</div> from <div class="fixed inset-x-0 bottom-0 z-50 p-3 sm:p-4">…</div> subtree intercepts pointer events
      - retrying click action
        - waiting 100ms
        - waiting for element to be visible, enabled and stable
        - element is visible, enabled and stable
        - scrolling into view if needed
        - done scrolling
        - <iframe class="" width="350px" scrolling="no" height="145px" frameborder="0" src="about:blank" title="chat widget" id="x31sgkpn8jog1758571201944"></iframe> from <div class="widget-visible" id="ibu8nonk010g1758571201896">…</div> subtree intercepts pointer events
      - retrying click action
        - waiting 100ms
        37 × waiting for element to be visible, enabled and stable
           - element is visible, enabled and stable
           - scrolling into view if needed
           - done scrolling
           - <iframe class="" width="350px" scrolling="no" height="373px" frameborder="0" src="about:blank" title="chat widget" id="x31sgkpn8jog1758571201944"></iframe> from <div class="widget-visible" id="ibu8nonk010g1758571201896">…</div> subtree intercepts pointer events
         - retrying click action
           - waiting 500ms
        - waiting for element to be visible, enabled and stable


      57 |       // Click the client Google OAuth button
      58 |       const clientButton = page.locator('button:has-text("Continue with Google as Client")');
    > 59 |       await clientButton.click();
         |                          ^
      60 |       
      61 |       // Check if intendedRole is set in sessionStorage
      62 |       const intendedRole = await page.evaluate(() => {
        at C:\Users\rayma\Desktop\New folder\peer-care-connect\tests\oauth-flows.spec.js:59:26

    attachment #1: screenshot (image/png) ──────────────────────────────────────────────────────────
    ..\test-results\oauth-flows-Google-OAuth-F-1ac5a-king-client-button-on-login-Mobile-Safari\test-failed-1.png
    ────────────────────────────────────────────────────────────────────────────────────────────────

    attachment #2: video (video/webm) ──────────────────────────────────────────────────────────────
    ..\test-results\oauth-flows-Google-OAuth-F-1ac5a-king-client-button-on-login-Mobile-Safari\video.webm
    ────────────────────────────────────────────────────────────────────────────────────────────────

    Error Context: ..\test-results\oauth-flows-Google-OAuth-F-1ac5a-king-client-button-on-login-Mobile-Safari\error-context.md
]]>
</failure>
<system-out>
<![CDATA[
[[ATTACHMENT|test-results\oauth-flows-Google-OAuth-F-1ac5a-king-client-button-on-login-Mobile-Safari\test-failed-1.png]]

[[ATTACHMENT|test-results\oauth-flows-Google-OAuth-F-1ac5a-king-client-button-on-login-Mobile-Safari\video.webm]]

[[ATTACHMENT|test-results\oauth-flows-Google-OAuth-F-1ac5a-king-client-button-on-login-Mobile-Safari\error-context.md]]
]]>
</system-out>
</testcase>
<testcase name="Google OAuth Flows › Practitioner OAuth Flow › should display practitioner Google OAuth button on register page" classname="oauth-flows.spec.js" time="1.935">
</testcase>
<testcase name="Google OAuth Flows › Practitioner OAuth Flow › should set intendedRole to practitioner when clicking practitioner button" classname="oauth-flows.spec.js" time="30.25">
<failure message="oauth-flows.spec.js:79:5 should set intendedRole to practitioner when clicking practitioner button" type="FAILURE">
<![CDATA[  [Mobile Safari] › oauth-flows.spec.js:79:5 › Google OAuth Flows › Practitioner OAuth Flow › should set intendedRole to practitioner when clicking practitioner button 

    Test timeout of 30000ms exceeded.

    Error: locator.click: Test timeout of 30000ms exceeded.
    Call log:
      - waiting for locator('button:has-text("Continue with Google as Practitioner")')
        - locator resolved to <button type="button" class="inline-flex items-center justify-center gap-2 whitespace-nowrap rounded-md text-sm font-medium ring-offset-background transition-wellness focus-visible:outline-none focus-visible:ring-2 focus-visible:ring-ring focus-visible:ring-offset-2 disabled:pointer-events-none disabled:opacity-50 [&_svg]:pointer-events-none [&_svg]:size-4 [&_svg]:shrink-0 border border-border bg-background hover:bg-accent hover:text-accent-foreground h-11 px-4 py-2 w-full">…</button>
      - attempting click action
        2 × waiting for element to be visible, enabled and stable
          - element is visible, enabled and stable
          - scrolling into view if needed
          - done scrolling
          - <button class="inline-flex items-center justify-center gap-2 whitespace-nowrap rounded-md text-sm font-medium ring-offset-background transition-wellness focus-visible:outline-none focus-visible:ring-2 focus-visible:ring-ring focus-visible:ring-offset-2 disabled:pointer-events-none disabled:opacity-50 [&_svg]:pointer-events-none [&_svg]:size-4 [&_svg]:shrink-0 border border-border bg-background hover:bg-accent hover:text-accent-foreground h-11 px-4 py-2">Reject non-essential</button> from <div class="fixed inset-x-0 bottom-0 z-50 p-3 sm:p-4">…</div> subtree intercepts pointer events
        - retrying click action
        - waiting 20ms
        2 × waiting for element to be visible, enabled and stable
          - element is visible, enabled and stable
          - scrolling into view if needed
          - done scrolling
          - <iframe class="" width="350px" scrolling="no" height="373px" frameborder="0" src="about:blank" title="chat widget" id="suq0mmir313c1758571206191"></iframe> from <div class="widget-visible" id="ye01s68i7v7o1758571206106">…</div> subtree intercepts pointer events
        - retrying click action
          - waiting 100ms
        8 × waiting for element to be visible, enabled and stable
          - element is visible, enabled and stable
          - scrolling into view if needed
          - done scrolling
          - <iframe class="" width="350px" scrolling="no" height="373px" frameborder="0" src="about:blank" title="chat widget" id="suq0mmir313c1758571206191"></iframe> from <div class="widget-visible" id="ye01s68i7v7o1758571206106">…</div> subtree intercepts pointer events
        - retrying click action
          - waiting 500ms
          - waiting for element to be visible, enabled and stable
          - element is visible, enabled and stable
          - scrolling into view if needed
          - done scrolling
          - <button class="inline-flex items-center justify-center gap-2 whitespace-nowrap rounded-md text-sm font-medium ring-offset-background transition-wellness focus-visible:outline-none focus-visible:ring-2 focus-visible:ring-ring focus-visible:ring-offset-2 disabled:pointer-events-none disabled:opacity-50 [&_svg]:pointer-events-none [&_svg]:size-4 [&_svg]:shrink-0 border border-border bg-background hover:bg-accent hover:text-accent-foreground h-11 px-4 py-2">Reject non-essential</button> from <div class="fixed inset-x-0 bottom-0 z-50 p-3 sm:p-4">…</div> subtree intercepts pointer events
        - retrying click action
          - waiting 500ms
          - waiting for element to be visible, enabled and stable
          - element is visible, enabled and stable
          - scrolling into view if needed
          - done scrolling
          - <iframe class="" width="350px" scrolling="no" height="373px" frameborder="0" src="about:blank" title="chat widget" id="suq0mmir313c1758571206191"></iframe> from <div class="widget-visible" id="ye01s68i7v7o1758571206106">…</div> subtree intercepts pointer events
        - retrying click action
          - waiting 500ms
          - waiting for element to be visible, enabled and stable
          - element is visible, enabled and stable
          - scrolling into view if needed
          - done scrolling
          - <iframe class="" width="350px" scrolling="no" height="373px" frameborder="0" src="about:blank" title="chat widget" id="suq0mmir313c1758571206191"></iframe> from <div class="widget-visible" id="ye01s68i7v7o1758571206106">…</div> subtree intercepts pointer events
        - retrying click action
          - waiting 500ms
        - waiting for element to be visible, enabled and stable
        - element is visible, enabled and stable
        - scrolling into view if needed
        - done scrolling
        - <iframe class="" width="350px" scrolling="no" height="373px" frameborder="0" src="about:blank" title="chat widget" id="suq0mmir313c1758571206191"></iframe> from <div class="widget-visible" id="ye01s68i7v7o1758571206106">…</div> subtree intercepts pointer events
      - retrying click action
        - waiting 500ms
        - waiting for element to be visible, enabled and stable
        - element is visible, enabled and stable
        - scrolling into view if needed
        - done scrolling
        - <button class="inline-flex items-center justify-center gap-2 whitespace-nowrap rounded-md text-sm font-medium ring-offset-background transition-wellness focus-visible:outline-none focus-visible:ring-2 focus-visible:ring-ring focus-visible:ring-offset-2 disabled:pointer-events-none disabled:opacity-50 [&_svg]:pointer-events-none [&_svg]:size-4 [&_svg]:shrink-0 border border-border bg-background hover:bg-accent hover:text-accent-foreground h-11 px-4 py-2">Reject non-essential</button> from <div class="fixed inset-x-0 bottom-0 z-50 p-3 sm:p-4">…</div> subtree intercepts pointer events
      - retrying click action
        - waiting 500ms
        - waiting for element to be visible, enabled and stable
        - element is visible, enabled and stable
        - scrolling into view if needed
        - done scrolling
        - <iframe class="" width="350px" scrolling="no" height="373px" frameborder="0" src="about:blank" title="chat widget" id="suq0mmir313c1758571206191"></iframe> from <div class="widget-visible" id="ye01s68i7v7o1758571206106">…</div> subtree intercepts pointer events
      - retrying click action
        - waiting 500ms


      82 |       // Click the practitioner Google OAuth button
      83 |       const practitionerButton = page.locator('button:has-text("Continue with Google as Practitioner")');
    > 84 |       await practitionerButton.click();
         |                                ^
      85 |       
      86 |       // Check if intendedRole is set in sessionStorage
      87 |       const intendedRole = await page.evaluate(() => {
        at C:\Users\rayma\Desktop\New folder\peer-care-connect\tests\oauth-flows.spec.js:84:32

    attachment #1: screenshot (image/png) ──────────────────────────────────────────────────────────
    ..\test-results\oauth-flows-Google-OAuth-F-72993-licking-practitioner-button-Mobile-Safari\test-failed-1.png
    ────────────────────────────────────────────────────────────────────────────────────────────────

    attachment #2: video (video/webm) ──────────────────────────────────────────────────────────────
    ..\test-results\oauth-flows-Google-OAuth-F-72993-licking-practitioner-button-Mobile-Safari\video.webm
    ────────────────────────────────────────────────────────────────────────────────────────────────

    Error Context: ..\test-results\oauth-flows-Google-OAuth-F-72993-licking-practitioner-button-Mobile-Safari\error-context.md
]]>
</failure>
<system-out>
<![CDATA[
[[ATTACHMENT|test-results\oauth-flows-Google-OAuth-F-72993-licking-practitioner-button-Mobile-Safari\test-failed-1.png]]

[[ATTACHMENT|test-results\oauth-flows-Google-OAuth-F-72993-licking-practitioner-button-Mobile-Safari\video.webm]]

[[ATTACHMENT|test-results\oauth-flows-Google-OAuth-F-72993-licking-practitioner-button-Mobile-Safari\error-context.md]]
]]>
</system-out>
</testcase>
<testcase name="Google OAuth Flows › Practitioner OAuth Flow › should display practitioner Google OAuth button on login page" classname="oauth-flows.spec.js" time="2.124">
</testcase>
<testcase name="Google OAuth Flows › Practitioner OAuth Flow › should set intendedRole to practitioner when clicking practitioner button on login" classname="oauth-flows.spec.js" time="30.474">
<failure message="oauth-flows.spec.js:102:5 should set intendedRole to practitioner when clicking practitioner button on login" type="FAILURE">
<![CDATA[  [Mobile Safari] › oauth-flows.spec.js:102:5 › Google OAuth Flows › Practitioner OAuth Flow › should set intendedRole to practitioner when clicking practitioner button on login 

    Test timeout of 30000ms exceeded.

    Error: locator.click: Test timeout of 30000ms exceeded.
    Call log:
      - waiting for locator('button:has-text("Continue with Google as Practitioner")')
        - locator resolved to <button class="inline-flex items-center justify-center gap-2 whitespace-nowrap rounded-md text-sm font-medium ring-offset-background transition-wellness focus-visible:outline-none focus-visible:ring-2 focus-visible:ring-ring focus-visible:ring-offset-2 disabled:pointer-events-none disabled:opacity-50 [&_svg]:pointer-events-none [&_svg]:size-4 [&_svg]:shrink-0 border border-border bg-background hover:bg-accent hover:text-accent-foreground h-11 px-4 py-2 w-full">…</button>
      - attempting click action
        2 × waiting for element to be visible, enabled and stable
          - element is visible, enabled and stable
          - scrolling into view if needed
          - done scrolling
          - <button class="inline-flex items-center justify-center gap-2 whitespace-nowrap rounded-md text-sm font-medium ring-offset-background transition-wellness focus-visible:outline-none focus-visible:ring-2 focus-visible:ring-ring focus-visible:ring-offset-2 disabled:pointer-events-none disabled:opacity-50 [&_svg]:pointer-events-none [&_svg]:size-4 [&_svg]:shrink-0 border border-border bg-background hover:bg-accent hover:text-accent-foreground h-11 px-4 py-2">Reject non-essential</button> from <div class="fixed inset-x-0 bottom-0 z-50 p-3 sm:p-4">…</div> subtree intercepts pointer events
        - retrying click action
        - waiting 20ms
        - waiting for element to be visible, enabled and stable
        - element is visible, enabled and stable
        - scrolling into view if needed
        - done scrolling
        - <iframe class="" width="350px" scrolling="no" height="145px" frameborder="0" src="about:blank" title="chat widget" id="m57uratl0ros1758571206531"></iframe> from <div class="widget-visible" id="ot1s0gsm0g1k1758571206470">…</div> subtree intercepts pointer events
      2 × retrying click action
          - waiting 100ms
          - waiting for element to be visible, enabled and stable
          - element is visible, enabled and stable
          - scrolling into view if needed
          - done scrolling
          - <iframe class="" width="350px" scrolling="no" height="373px" frameborder="0" src="about:blank" title="chat widget" id="m57uratl0ros1758571206531"></iframe> from <div class="widget-visible" id="ot1s0gsm0g1k1758571206470">…</div> subtree intercepts pointer events
      35 × retrying click action
           - waiting 500ms
           - waiting for element to be visible, enabled and stable
           - element is visible, enabled and stable
           - scrolling into view if needed
           - done scrolling
           - <iframe class="" width="350px" scrolling="no" height="373px" frameborder="0" src="about:blank" title="chat widget" id="m57uratl0ros1758571206531"></iframe> from <div class="widget-visible" id="ot1s0gsm0g1k1758571206470">…</div> subtree intercepts pointer events
      - retrying click action
        - waiting 500ms
        - waiting for element to be visible, enabled and stable


      105 |       // Click the practitioner Google OAuth button
      106 |       const practitionerButton = page.locator('button:has-text("Continue with Google as Practitioner")');
    > 107 |       await practitionerButton.click();
          |                                ^
      108 |       
      109 |       // Check if intendedRole is set in sessionStorage
      110 |       const intendedRole = await page.evaluate(() => {
        at C:\Users\rayma\Desktop\New folder\peer-care-connect\tests\oauth-flows.spec.js:107:32

    attachment #1: screenshot (image/png) ──────────────────────────────────────────────────────────
    ..\test-results\oauth-flows-Google-OAuth-F-f72be-ractitioner-button-on-login-Mobile-Safari\test-failed-1.png
    ────────────────────────────────────────────────────────────────────────────────────────────────

    attachment #2: video (video/webm) ──────────────────────────────────────────────────────────────
    ..\test-results\oauth-flows-Google-OAuth-F-f72be-ractitioner-button-on-login-Mobile-Safari\video.webm
    ────────────────────────────────────────────────────────────────────────────────────────────────

    Error Context: ..\test-results\oauth-flows-Google-OAuth-F-f72be-ractitioner-button-on-login-Mobile-Safari\error-context.md
]]>
</failure>
<system-out>
<![CDATA[
[[ATTACHMENT|test-results\oauth-flows-Google-OAuth-F-f72be-ractitioner-button-on-login-Mobile-Safari\test-failed-1.png]]

[[ATTACHMENT|test-results\oauth-flows-Google-OAuth-F-f72be-ractitioner-button-on-login-Mobile-Safari\video.webm]]

[[ATTACHMENT|test-results\oauth-flows-Google-OAuth-F-f72be-ractitioner-button-on-login-Mobile-Safari\error-context.md]]
]]>
</system-out>
</testcase>
<testcase name="Google OAuth Flows › Role Selection Page › should display role selection options for practitioners" classname="oauth-flows.spec.js" time="7.293">
<failure message="oauth-flows.spec.js:119:5 should display role selection options for practitioners" type="FAILURE">
<![CDATA[  [Mobile Safari] › oauth-flows.spec.js:119:5 › Google OAuth Flows › Role Selection Page › should display role selection options for practitioners 

    Error: expect(locator).toBeVisible() failed

    Locator:  locator('input[value="osteopath"]')
    Expected: visible
    Received: <element(s) not found>
    Timeout:  5000ms

    Call log:
      - Expect "toBeVisible" with timeout 5000ms
      - waiting for locator('input[value="osteopath"]')


      126 |       const clientOption = page.locator('input[value="client"]');
      127 |       
    > 128 |       await expect(osteopathOption).toBeVisible();
          |                                     ^
      129 |       await expect(sportsTherapistOption).toBeVisible();
      130 |       await expect(massageTherapistOption).toBeVisible();
      131 |       await expect(clientOption).toBeVisible();
        at C:\Users\rayma\Desktop\New folder\peer-care-connect\tests\oauth-flows.spec.js:128:37

    attachment #1: screenshot (image/png) ──────────────────────────────────────────────────────────
    ..\test-results\oauth-flows-Google-OAuth-F-f8f73-n-options-for-practitioners-Mobile-Safari\test-failed-1.png
    ────────────────────────────────────────────────────────────────────────────────────────────────

    attachment #2: video (video/webm) ──────────────────────────────────────────────────────────────
    ..\test-results\oauth-flows-Google-OAuth-F-f8f73-n-options-for-practitioners-Mobile-Safari\video.webm
    ────────────────────────────────────────────────────────────────────────────────────────────────

    Error Context: ..\test-results\oauth-flows-Google-OAuth-F-f8f73-n-options-for-practitioners-Mobile-Safari\error-context.md
]]>
</failure>
<system-out>
<![CDATA[
[[ATTACHMENT|test-results\oauth-flows-Google-OAuth-F-f8f73-n-options-for-practitioners-Mobile-Safari\test-failed-1.png]]

[[ATTACHMENT|test-results\oauth-flows-Google-OAuth-F-f8f73-n-options-for-practitioners-Mobile-Safari\video.webm]]

[[ATTACHMENT|test-results\oauth-flows-Google-OAuth-F-f8f73-n-options-for-practitioners-Mobile-Safari\error-context.md]]
]]>
</system-out>
</testcase>
<testcase name="Google OAuth Flows › Role Selection Page › should allow selecting osteopath role" classname="oauth-flows.spec.js" time="30.368">
<failure message="oauth-flows.spec.js:134:5 should allow selecting osteopath role" type="FAILURE">
<![CDATA[  [Mobile Safari] › oauth-flows.spec.js:134:5 › Google OAuth Flows › Role Selection Page › should allow selecting osteopath role 

    Test timeout of 30000ms exceeded.

    Error: locator.check: Test timeout of 30000ms exceeded.
    Call log:
      - waiting for locator('input[value="osteopath"]')


      137 |       // Select osteopath role
      138 |       const osteopathOption = page.locator('input[value="osteopath"]');
    > 139 |       await osteopathOption.check();
          |                             ^
      140 |       
      141 |       // Verify selection
      142 |       await expect(osteopathOption).toBeChecked();
        at C:\Users\rayma\Desktop\New folder\peer-care-connect\tests\oauth-flows.spec.js:139:29

    attachment #1: screenshot (image/png) ──────────────────────────────────────────────────────────
    ..\test-results\oauth-flows-Google-OAuth-F-ace1f-ow-selecting-osteopath-role-Mobile-Safari\test-failed-1.png
    ────────────────────────────────────────────────────────────────────────────────────────────────

    attachment #2: video (video/webm) ──────────────────────────────────────────────────────────────
    ..\test-results\oauth-flows-Google-OAuth-F-ace1f-ow-selecting-osteopath-role-Mobile-Safari\video.webm
    ────────────────────────────────────────────────────────────────────────────────────────────────

    Error Context: ..\test-results\oauth-flows-Google-OAuth-F-ace1f-ow-selecting-osteopath-role-Mobile-Safari\error-context.md
]]>
</failure>
<system-out>
<![CDATA[
[[ATTACHMENT|test-results\oauth-flows-Google-OAuth-F-ace1f-ow-selecting-osteopath-role-Mobile-Safari\test-failed-1.png]]

[[ATTACHMENT|test-results\oauth-flows-Google-OAuth-F-ace1f-ow-selecting-osteopath-role-Mobile-Safari\video.webm]]

[[ATTACHMENT|test-results\oauth-flows-Google-OAuth-F-ace1f-ow-selecting-osteopath-role-Mobile-Safari\error-context.md]]
]]>
</system-out>
</testcase>
<testcase name="Google OAuth Flows › Role Selection Page › should allow selecting sports therapist role" classname="oauth-flows.spec.js" time="30.244">
<failure message="oauth-flows.spec.js:145:5 should allow selecting sports therapist role" type="FAILURE">
<![CDATA[  [Mobile Safari] › oauth-flows.spec.js:145:5 › Google OAuth Flows › Role Selection Page › should allow selecting sports therapist role 

    Test timeout of 30000ms exceeded.

    Error: locator.check: Test timeout of 30000ms exceeded.
    Call log:
      - waiting for locator('input[value="sports_therapist"]')


      148 |       // Select sports therapist role
      149 |       const sportsTherapistOption = page.locator('input[value="sports_therapist"]');
    > 150 |       await sportsTherapistOption.check();
          |                                   ^
      151 |       
      152 |       // Verify selection
      153 |       await expect(sportsTherapistOption).toBeChecked();
        at C:\Users\rayma\Desktop\New folder\peer-care-connect\tests\oauth-flows.spec.js:150:35

    attachment #1: screenshot (image/png) ──────────────────────────────────────────────────────────
    ..\test-results\oauth-flows-Google-OAuth-F-a27c5-cting-sports-therapist-role-Mobile-Safari\test-failed-1.png
    ────────────────────────────────────────────────────────────────────────────────────────────────

    attachment #2: video (video/webm) ──────────────────────────────────────────────────────────────
    ..\test-results\oauth-flows-Google-OAuth-F-a27c5-cting-sports-therapist-role-Mobile-Safari\video.webm
    ────────────────────────────────────────────────────────────────────────────────────────────────

    Error Context: ..\test-results\oauth-flows-Google-OAuth-F-a27c5-cting-sports-therapist-role-Mobile-Safari\error-context.md
]]>
</failure>
<system-out>
<![CDATA[
[[ATTACHMENT|test-results\oauth-flows-Google-OAuth-F-a27c5-cting-sports-therapist-role-Mobile-Safari\test-failed-1.png]]

[[ATTACHMENT|test-results\oauth-flows-Google-OAuth-F-a27c5-cting-sports-therapist-role-Mobile-Safari\video.webm]]

[[ATTACHMENT|test-results\oauth-flows-Google-OAuth-F-a27c5-cting-sports-therapist-role-Mobile-Safari\error-context.md]]
]]>
</system-out>
</testcase>
<testcase name="Google OAuth Flows › Role Selection Page › should allow selecting massage therapist role" classname="oauth-flows.spec.js" time="30.269">
<failure message="oauth-flows.spec.js:156:5 should allow selecting massage therapist role" type="FAILURE">
<![CDATA[  [Mobile Safari] › oauth-flows.spec.js:156:5 › Google OAuth Flows › Role Selection Page › should allow selecting massage therapist role 

    Test timeout of 30000ms exceeded.

    Error: locator.check: Test timeout of 30000ms exceeded.
    Call log:
      - waiting for locator('input[value="massage_therapist"]')


      159 |       // Select massage therapist role
      160 |       const massageTherapistOption = page.locator('input[value="massage_therapist"]');
    > 161 |       await massageTherapistOption.check();
          |                                    ^
      162 |       
      163 |       // Verify selection
      164 |       await expect(massageTherapistOption).toBeChecked();
        at C:\Users\rayma\Desktop\New folder\peer-care-connect\tests\oauth-flows.spec.js:161:36

    attachment #1: screenshot (image/png) ──────────────────────────────────────────────────────────
    ..\test-results\oauth-flows-Google-OAuth-F-f3eb6-ting-massage-therapist-role-Mobile-Safari\test-failed-1.png
    ────────────────────────────────────────────────────────────────────────────────────────────────

    attachment #2: video (video/webm) ──────────────────────────────────────────────────────────────
    ..\test-results\oauth-flows-Google-OAuth-F-f3eb6-ting-massage-therapist-role-Mobile-Safari\video.webm
    ────────────────────────────────────────────────────────────────────────────────────────────────

    Error Context: ..\test-results\oauth-flows-Google-OAuth-F-f3eb6-ting-massage-therapist-role-Mobile-Safari\error-context.md
]]>
</failure>
<system-out>
<![CDATA[
[[ATTACHMENT|test-results\oauth-flows-Google-OAuth-F-f3eb6-ting-massage-therapist-role-Mobile-Safari\test-failed-1.png]]

[[ATTACHMENT|test-results\oauth-flows-Google-OAuth-F-f3eb6-ting-massage-therapist-role-Mobile-Safari\video.webm]]

[[ATTACHMENT|test-results\oauth-flows-Google-OAuth-F-f3eb6-ting-massage-therapist-role-Mobile-Safari\error-context.md]]
]]>
</system-out>
</testcase>
<testcase name="Google OAuth Flows › Role Selection Page › should allow selecting client role" classname="oauth-flows.spec.js" time="30.296">
<failure message="oauth-flows.spec.js:167:5 should allow selecting client role" type="FAILURE">
<![CDATA[  [Mobile Safari] › oauth-flows.spec.js:167:5 › Google OAuth Flows › Role Selection Page › should allow selecting client role 

    Test timeout of 30000ms exceeded.

    Error: locator.check: Test timeout of 30000ms exceeded.
    Call log:
      - waiting for locator('input[value="client"]')


      170 |       // Select client role
      171 |       const clientOption = page.locator('input[value="client"]');
    > 172 |       await clientOption.check();
          |                          ^
      173 |       
      174 |       // Verify selection
      175 |       await expect(clientOption).toBeChecked();
        at C:\Users\rayma\Desktop\New folder\peer-care-connect\tests\oauth-flows.spec.js:172:26

    attachment #1: screenshot (image/png) ──────────────────────────────────────────────────────────
    ..\test-results\oauth-flows-Google-OAuth-F-25ce5-allow-selecting-client-role-Mobile-Safari\test-failed-1.png
    ────────────────────────────────────────────────────────────────────────────────────────────────

    attachment #2: video (video/webm) ──────────────────────────────────────────────────────────────
    ..\test-results\oauth-flows-Google-OAuth-F-25ce5-allow-selecting-client-role-Mobile-Safari\video.webm
    ────────────────────────────────────────────────────────────────────────────────────────────────

    Error Context: ..\test-results\oauth-flows-Google-OAuth-F-25ce5-allow-selecting-client-role-Mobile-Safari\error-context.md
]]>
</failure>
<system-out>
<![CDATA[
[[ATTACHMENT|test-results\oauth-flows-Google-OAuth-F-25ce5-allow-selecting-client-role-Mobile-Safari\test-failed-1.png]]

[[ATTACHMENT|test-results\oauth-flows-Google-OAuth-F-25ce5-allow-selecting-client-role-Mobile-Safari\video.webm]]

[[ATTACHMENT|test-results\oauth-flows-Google-OAuth-F-25ce5-allow-selecting-client-role-Mobile-Safari\error-context.md]]
]]>
</system-out>
</testcase>
<testcase name="Google OAuth Flows › Navigation and Routing › should navigate to register page" classname="oauth-flows.spec.js" time="1.556">
</testcase>
<testcase name="Google OAuth Flows › Navigation and Routing › should navigate to login page" classname="oauth-flows.spec.js" time="3.574">
</testcase>
<testcase name="Google OAuth Flows › Navigation and Routing › should navigate to role selection page" classname="oauth-flows.spec.js" time="3.188">
</testcase>
<testcase name="Google OAuth Flows › Navigation and Routing › should navigate to onboarding page" classname="oauth-flows.spec.js" time="1.752">
</testcase>
<testcase name="Google OAuth Flows › Error Handling › should handle missing session storage gracefully" classname="oauth-flows.spec.js" time="6.351">
<failure message="oauth-flows.spec.js:202:5 should handle missing session storage gracefully" type="FAILURE">
<![CDATA[  [Mobile Safari] › oauth-flows.spec.js:202:5 › Google OAuth Flows › Error Handling › should handle missing session storage gracefully 

    Error: expect(page).toHaveURL(expected) failed

    Expected pattern: /.*role-selection/
    Received string:  "https://theramate-l3h8xe50o-theras-projects-6dfd5a34.vercel.app/login"
    Timeout: 5000ms

    Call log:
      - Expect "toHaveURL" with timeout 5000ms
        8 × unexpected value "https://theramate-l3h8xe50o-theras-projects-6dfd5a34.vercel.app/login"


      210 |       
      211 |       // Page should still load
    > 212 |       await expect(page).toHaveURL(/.*role-selection/);
          |                          ^
      213 |     });
      214 |
      215 |     test('should display error messages for failed operations', async ({ page }) => {
        at C:\Users\rayma\Desktop\New folder\peer-care-connect\tests\oauth-flows.spec.js:212:26

    attachment #1: screenshot (image/png) ──────────────────────────────────────────────────────────
    ..\test-results\oauth-flows-Google-OAuth-F-b3487--session-storage-gracefully-Mobile-Safari\test-failed-1.png
    ────────────────────────────────────────────────────────────────────────────────────────────────

    attachment #2: video (video/webm) ──────────────────────────────────────────────────────────────
    ..\test-results\oauth-flows-Google-OAuth-F-b3487--session-storage-gracefully-Mobile-Safari\video.webm
    ────────────────────────────────────────────────────────────────────────────────────────────────

    Error Context: ..\test-results\oauth-flows-Google-OAuth-F-b3487--session-storage-gracefully-Mobile-Safari\error-context.md
]]>
</failure>
<system-out>
<![CDATA[
[[ATTACHMENT|test-results\oauth-flows-Google-OAuth-F-b3487--session-storage-gracefully-Mobile-Safari\test-failed-1.png]]

[[ATTACHMENT|test-results\oauth-flows-Google-OAuth-F-b3487--session-storage-gracefully-Mobile-Safari\video.webm]]

[[ATTACHMENT|test-results\oauth-flows-Google-OAuth-F-b3487--session-storage-gracefully-Mobile-Safari\error-context.md]]
]]>
</system-out>
</testcase>
<testcase name="Google OAuth Flows › Error Handling › should display error messages for failed operations" classname="oauth-flows.spec.js" time="2.892">
</testcase>
<testcase name="Google OAuth Flows › Mobile Responsiveness › should display OAuth buttons correctly on mobile" classname="oauth-flows.spec.js" time="2.112">
</testcase>
<testcase name="Google OAuth Flows › Mobile Responsiveness › should display role selection correctly on mobile" classname="oauth-flows.spec.js" time="6.886">
<failure message="oauth-flows.spec.js:245:5 should display role selection correctly on mobile" type="FAILURE">
<![CDATA[  [Mobile Safari] › oauth-flows.spec.js:245:5 › Google OAuth Flows › Mobile Responsiveness › should display role selection correctly on mobile 

    Error: expect(locator).toBeVisible() failed

    Locator:  locator('input[value="osteopath"]')
    Expected: visible
    Received: <element(s) not found>
    Timeout:  5000ms

    Call log:
      - Expect "toBeVisible" with timeout 5000ms
      - waiting for locator('input[value="osteopath"]')


      251 |       // Check if role options are visible on mobile
      252 |       const osteopathOption = page.locator('input[value="osteopath"]');
    > 253 |       await expect(osteopathOption).toBeVisible();
          |                                     ^
      254 |     });
      255 |   });
      256 | });
        at C:\Users\rayma\Desktop\New folder\peer-care-connect\tests\oauth-flows.spec.js:253:37

    attachment #1: screenshot (image/png) ──────────────────────────────────────────────────────────
    ..\test-results\oauth-flows-Google-OAuth-F-c71c4-lection-correctly-on-mobile-Mobile-Safari\test-failed-1.png
    ────────────────────────────────────────────────────────────────────────────────────────────────

    attachment #2: video (video/webm) ──────────────────────────────────────────────────────────────
    ..\test-results\oauth-flows-Google-OAuth-F-c71c4-lection-correctly-on-mobile-Mobile-Safari\video.webm
    ────────────────────────────────────────────────────────────────────────────────────────────────

    Error Context: ..\test-results\oauth-flows-Google-OAuth-F-c71c4-lection-correctly-on-mobile-Mobile-Safari\error-context.md
]]>
</failure>
<system-out>
<![CDATA[
[[ATTACHMENT|test-results\oauth-flows-Google-OAuth-F-c71c4-lection-correctly-on-mobile-Mobile-Safari\test-failed-1.png]]

[[ATTACHMENT|test-results\oauth-flows-Google-OAuth-F-c71c4-lection-correctly-on-mobile-Mobile-Safari\video.webm]]

[[ATTACHMENT|test-results\oauth-flows-Google-OAuth-F-c71c4-lection-correctly-on-mobile-Mobile-Safari\error-context.md]]
]]>
</system-out>
</testcase>
</testsuite>
</testsuites>